<!-- Created with Inkscape (http://www.inkscape.org/) --><svg xmlns:ns1="https://launchpad.net/jessyink" xmlns:dc="http://purl.org/dc/elements/1.1/" xmlns:cc="http://creativecommons.org/ns#" xmlns:rdf="http://www.w3.org/1999/02/22-rdf-syntax-ns#" xmlns:svg="http://www.w3.org/2000/svg" xmlns="http://www.w3.org/2000/svg" xmlns:xlink="http://www.w3.org/1999/xlink" xmlns:sodipodi="http://sodipodi.sourceforge.net/DTD/sodipodi-0.dtd" xmlns:inkscape="http://www.inkscape.org/namespaces/inkscape" width="1000" height="1000" viewBox="0 0 1000 1000" version="1.1" id="svg8" inkscape:version="0.92.4 5da689c313, 2019-01-14" sodipodi:docname="test.svg">
  <defs id="defs33">
    <marker inkscape:stockid="Arrow2Lstart" orient="auto" refY="0.0" refX="0.0" id="Arrow2Lstart" style="overflow:visible" inkscape:isstock="true">
      <path id="path859" style="fill-rule:evenodd;stroke-width:0.625;stroke-linejoin:round;stroke:#000000;stroke-opacity:1;fill:#000000;fill-opacity:1" d="M 8.7185878,4.0337352 L -2.2072895,0.016013256 L 8.7185884,-4.0017078 C 6.9730900,-1.6296469 6.9831476,1.6157441 8.7185878,4.0337352 z " transform="scale(1.1) translate(1,0)"/>
    </marker>
  </defs>
  <sodipodi:namedview pagecolor="#ffffff" bordercolor="#666666" borderopacity="1" objecttolerance="10" gridtolerance="10" guidetolerance="10" inkscape:pageopacity="0" inkscape:pageshadow="2" inkscape:window-width="1920" inkscape:window-height="1017" id="base" showgrid="true" inkscape:snap-text-baseline="true" inkscape:zoom="0.6675088" inkscape:cx="202.7349" inkscape:cy="481.16986" inkscape:window-x="0" inkscape:window-y="0" inkscape:window-maximized="1" inkscape:current-layer="webslicer-layer">
    <inkscape:grid type="xygrid" id="grid27" spacingx="10" spacingy="10" empspacing="10" color="#8080ff" opacity="0.25098039" empcolor="#0000ff" empopacity="0.25098039"/>
  </sodipodi:namedview>
  <g inkscape:groupmode="layer" id="webslicer-layer" inkscape:label="Slide3" style="display:inline">
    <rect height="201.49811" width="248.69112" y="353.92661" x="651.3089" id="slicerect1" style="opacity:0.5;fill:#ff0000;stroke-width:1.11927199">
      <desc id="desc51">format: png
dpi: 96
layout-disposition: bg-el-norepeat
layout-position-anchor: tl</desc>
    </rect>
  </g>
  <g inkscape:groupmode="layer" id="layer2" inkscape:label="Slide2" style="display:inline">
    <circle style="display:inline;fill:#000080;stroke:none" id="c1" cx="150" cy="450" r="50" inkscape:label="#path3736"/>
    <ellipse style="display:inline;fill:none;stroke:#ff0000;stroke-width:16" id="c2" cx="400" cy="450" rx="100" ry="50" inkscape:label="#path3738"/>
    <path style="display:inline;fill:#ffff00;stroke:#008000;stroke-width:16" id="c3" sodipodi:type="arc" sodipodi:cx="700" sodipodi:cy="450" sodipodi:rx="100" sodipodi:ry="50" sodipodi:start="0.59013865" sodipodi:end="5.6484511" d="m 783.08635,477.82381 a 100,50 0 0 1 -111.09848,20.17442 100,50 0 0 1 -71.96301,-46.88343 100,50 0 0 1 67.71127,-48.44091 100,50 0 0 1 112.7868,17.67793 L 700,450 Z" inkscape:label="#path3740"/>
    <path style="display:inline;fill:none;stroke:#000000;stroke-width:10;marker-start:url(#Arrow2Lstart)" d="M100.0 600.0C100.0 600.0 100.492669642 600.492669642 101.408847538 601.408847538C101.802189702 601.802189702 102.273594511 602.273594511 102.817588835 602.817588835C103.243338717 603.243338717 103.713551135 603.713551135 104.225602376 604.225602376C104.665021949 604.665021949 105.135252921 605.135252921 105.634637178 605.634637178C106.081240047 606.081240047 106.55115928 606.55115928 107.043208906 607.043208906C107.494271796 607.494271796 107.963931798 607.963931798 108.451275306 608.451275306C108.90541319 608.90541319 109.374906912 609.374906912 109.859017176 609.859017176C110.315535665 610.315535665 110.785052044 610.785052044 111.266946359 611.266946359C111.725358133 611.725358133 112.194970891 612.194970891 112.675250967 612.675250967C113.135201179 613.135201179 113.604934744 613.604934744 114.083982935 614.083982935C114.545174794 614.545174794 115.014999823 615.014999823 115.49303978 615.49303978C115.954936837 615.954936837 116.424503371 616.424503371 116.901362098 616.901362098C117.364285885 617.364285885 117.834081903 617.834081903 118.310404984 618.310404984C118.773709944 618.773709944 119.243190068 619.243190068 119.718527724 619.718527724C120.182678432 620.182678432 120.652414204 620.652414204 121.127439312 621.127439312C121.59176289 621.59176289 122.061140167 622.061140167 122.535294954 622.535294954C123.000147008 623.000147008 123.469590946 623.469590946 123.943366516 623.943366516C124.408771457 624.408771457 124.87835632 624.87835632 125.351874408 625.351874408C125.817491143 625.817491143 126.286910934 626.286910934 126.759899226 626.759899226C127.225905768 627.225905768 127.695376241 627.695376241 128.168086325 628.168086325C128.634713673 628.634713673 129.104497796 629.104497796 129.577222922 629.577222922C130.043839488 630.043839488 130.513321541 630.513321541 130.985461567 630.985461567C131.452371198 631.452371198 131.921880238 631.921880238 132.393787992 632.393787992C132.860866688 632.860866688 133.330295258 633.330295258 133.801879106 633.801879106C134.269464068 634.269464068 134.73916791 634.73916791 135.210800945 635.210800945C135.67834983 635.67834983 136.147794642 636.147794642 136.618950578 636.618950578C137.086813396 637.086813396 137.556363503 637.556363503 138.027419945 638.027419945C138.495502277 638.495502277 138.965071983 638.965071983 139.435951515 639.435951515C139.90415693 639.90415693 140.373657336 640.373657336 140.844278193 640.844278193C141.312505117 641.312505117 141.781841122 641.781841122 142.252114319 642.252114319C142.720669784 642.720669784 143.190155606 643.190155606 143.660401772 643.660401772C144.129148766 644.129148766 144.598651264 644.598651264 145.068740873 645.068740873C145.537528114 645.537528114 146.006899217 646.006899217 146.476687185 646.476687185C146.945746045 646.945746045 147.415220476 647.415220476 147.88494426 647.88494426C148.354462277 648.354462277 148.824229427 648.824229427 149.294079708 649.294079708C149.763426663 649.763426663 150.232856571 650.232856571 150.702203963 650.702203963C151.171890033 651.171890033 151.641493468 651.641493468 152.110848439 652.110848439C152.580562226 652.580562226 153.05002717 653.05002717 153.519077062 653.519077062C153.989208877 653.989208877 154.458923725 654.458923725 154.928054242 654.928054242C155.398197447 655.398197447 155.867753797 655.867753797 156.336554845 656.336554845C156.806970802 656.806970802 157.276626245 657.276626245 157.745350978 657.745350978C158.215871064 658.215871064 158.685453298 658.685453298 159.153925522 659.153925522C159.624651105 659.624651105 160.094255975 660.094255975 160.562565477 660.562565477C161.033502805 661.033502805 161.503130188 661.503130188 161.971270014 661.971270014C162.442328937 662.442328937 162.911881695 662.911881695 163.379747335 663.379747335C163.851043382 663.851043382 164.320627479 664.320627479 164.788314665 664.788314665C165.25982888 665.25982888 165.729415012 665.729415012 166.196883519 666.196883519C166.668462055 666.668462055 167.137885567 667.137885567 167.604959469 667.604959469C168.077135194 668.077135194 168.546909701 668.546909701 169.014081959 669.014081959C169.486344036 669.486344036 169.955946852 669.955946852 170.422682736 670.422682736C170.895402986 670.895402986 171.365182313 671.365182313 171.831804954 671.831804954C172.304577145 672.304577145 172.774108897 672.774108897 173.240175804 673.240175804C173.713318456 673.713318456 174.182890257 674.182890257 174.648656425 674.648656425C175.122118513 675.122118513 175.591648166 675.591648166 176.056998768 676.056998768C176.530787433 676.530787433 177.000244119 677.000244119 177.46510855 677.46510855C177.939588524 677.939588524 178.4092843 678.4092843 178.873919115 678.873919115C179.348847409 679.348847409 179.818488018 679.818488018 180.282545374 680.282545374C180.757798008 680.757798008 181.227194751 681.227194751 181.690418122 681.690418122C182.166449964 682.166449964 182.635962318 682.635962318 183.098610634 683.098610634C183.575408449 683.575408449 184.04491595 684.04491595 184.506755997 684.506755997C184.984788161 684.984788161 185.454605804 685.454605804 185.915790711 685.915790711C186.394840751 686.394840751 186.864576281 686.864576281 187.324528577 687.324528577C187.804734787 687.804734787 188.274277188 688.274277188 188.732622368 688.732622368C189.214684349 689.214684349 189.684360343 689.684360343 190.141029779 690.141029779C190.625222816 690.625222816 191.094794231 691.094794231 191.549004345 691.549004345C192.036313084 692.036313084 192.505940175 692.505940175 192.956972168 692.956972168C193.449074825 693.449074825 193.919041685 693.919041685 194.365686354 694.365686354C194.864956855 694.864956855 195.335085523 695.335085523 195.774415253 695.774415253C196.28671416 696.28671416 196.757133573 696.757133573 197.183045957 697.183045957C197.72677853 697.72677853 198.197974239 698.197974239 198.591166148 698.591166148C199.507335265 699.507335265 200.0 700.0 200.0 700.0C200.0 700.0 200.492669642 699.507330358 201.408847538 698.591152462C201.802189702 698.197810298 202.273594511 697.726405489 202.817588835 697.182411165C203.243338717 696.756661283 203.713551135 696.286448865 204.225602376 695.774397624C204.665021949 695.334978051 205.135252921 694.864747079 205.634637178 694.365362822C206.081240047 693.918759953 206.55115928 693.44884072 207.043208906 692.956791094C207.494271796 692.505728204 207.963931798 692.036068202 208.451275306 691.548724694C208.90541319 691.09458681 209.374906912 690.625093088 209.859017176 690.140982824C210.315535665 689.684464335 210.785052044 689.214947956 211.266946359 688.733053641C211.725358133 688.274641867 212.194970891 687.805029109 212.675250967 687.324749033C213.135201179 686.864798821 213.604934744 686.395065256 214.083982935 685.916017065C214.545174794 685.454825206 215.014999823 684.985000177 215.49303978 684.50696022C215.954936837 684.045063163 216.424503371 683.575496629 216.901362098 683.098637902C217.364285885 682.635714115 217.834081903 682.165918097 218.310404984 681.689595016C218.773709944 681.226290056 219.243190068 680.756809932 219.718527724 680.281472276C220.182678432 679.817321568 220.652414204 679.347585796 221.127439312 678.872560688C221.59176289 678.40823711 222.061140167 677.938859833 222.535294954 677.464705046C223.000147008 676.999852992 223.469590946 676.530409054 223.943366516 676.056633484C224.408771457 675.591228543 224.87835632 675.12164368 225.351874408 674.648125592C225.817491143 674.182508857 226.286910934 673.713089066 226.759899226 673.240100774C227.225905768 672.774094232 227.695376241 672.304623759 228.168086325 671.831913675C228.634713673 671.365286327 229.104497796 670.895502204 229.577222922 670.422777078C230.043839488 669.956160512 230.513321541 669.486678459 230.985461567 669.014538433C231.452371198 668.547628802 231.921880238 668.078119762 232.393787992 667.606212008C232.860866688 667.139133312 233.330295258 666.669704742 233.801879106 666.198120894C234.269464068 665.730535932 234.73916791 665.26083209 235.210800945 664.789199055C235.67834983 664.32165017 236.147794642 663.852205358 236.618950578 663.381049422C237.086813396 662.913186604 237.556363503 662.443636497 238.027419945 661.972580055C238.495502277 661.504497723 238.965071983 661.034928017 239.435951515 660.564048485C239.90415693 660.09584307 240.373657336 659.626342664 240.844278193 659.155721807C241.312505117 658.687494883 241.781841122 658.218158878 242.252114319 657.747885681C242.720669784 657.279330216 243.190155606 656.809844394 243.660401772 656.339598228C244.129148766 655.870851234 244.598651264 655.401348736 245.068740873 654.931259127C245.537528114 654.462471886 246.006899217 653.993100783 246.476687185 653.523312815C246.945746045 653.054253955 247.415220476 652.584779524 247.88494426 652.11505574C248.354462277 651.645537723 248.824229427 651.175770573 249.294079708 650.705920292C249.763426663 650.236573337 250.232856571 649.767143429 250.702203963 649.297796037C251.171890033 648.828109967 251.641493468 648.358506532 252.110848439 647.889151561C252.580562226 647.419437774 253.05002717 646.94997283 253.519077062 646.480922938C253.989208877 646.010791123 254.458923725 645.541076275 254.928054242 645.071945758C255.398197447 644.601802553 255.867753797 644.132246203 256.336554845 643.663445155C256.806970802 643.193029198 257.276626245 642.723373755 257.745350978 642.254649022C258.215871064 641.784128936 258.685453298 641.314546702 259.153925522 640.846074478C259.624651105 640.375348895 260.094255975 639.905744025 260.562565477 639.437434523C261.033502805 638.966497195 261.503130188 638.496869812 261.971270014 638.028729986C262.442328937 637.557671063 262.911881695 637.088118305 263.379747335 636.620252665C263.851043382 636.148956618 264.320627479 635.679372521 264.788314665 635.211685335C265.25982888 634.74017112 265.729415012 634.270584988 266.196883519 633.803116481C266.668462055 633.331537945 267.137885567 632.862114433 267.604959469 632.395040531C268.077135194 631.922864806 268.546909701 631.453090299 269.014081959 630.985918041C269.486344036 630.513655964 269.955946852 630.044053148 270.422682736 629.577317264C270.895402986 629.104597014 271.365182313 628.634817687 271.831804954 628.168195046C272.304577145 627.695422855 272.774108897 627.225891103 273.240175804 626.759824196C273.713318456 626.286681544 274.182890257 625.817109743 274.648656425 625.351343575C275.122118513 624.877881487 275.591648166 624.408351834 276.056998768 623.943001232C276.530787433 623.469212567 277.000244119 622.999755881 277.46510855 622.53489145C277.939588524 622.060411476 278.4092843 621.5907157 278.873919115 621.126080885C279.348847409 620.651152591 279.818488018 620.181511982 280.282545374 619.717454626C280.757798008 619.242201992 281.227194751 618.772805249 281.690418122 618.309581878C282.166449964 617.833550036 282.635962318 617.364037682 283.098610634 616.901389366C283.575408449 616.424591551 284.04491595 615.95508405 284.506755997 615.493244003C284.984788161 615.015211839 285.454605804 614.545394196 285.915790711 614.084209289C286.394840751 613.605159249 286.864576281 613.135423719 287.324528577 612.675471423C287.804734787 612.195265213 288.274277188 611.725722812 288.732622368 611.267377632C289.214684349 610.785315651 289.684360343 610.315639657 290.141029779 609.858970221C290.625222816 609.374777184 291.094794231 608.905205769 291.549004345 608.450995655C292.036313084 607.963686916 292.505940175 607.494059825 292.956972168 607.043027832C293.449074825 606.550925175 293.919041685 606.080958315 294.365686354 605.634313646C294.864956855 605.135043145 295.335085523 604.664914477 295.774415253 604.225584747C296.28671416 603.71328584 296.757133573 603.242866427 297.183045957 602.816954043C297.72677853 602.27322147 298.197974239 601.802025761 298.591166148 601.408833852C299.507335265 600.492664735 300.0 600.0 300.0 600.0C300.0 600.0 300.492669642 600.492669642 301.408847538 601.408847538C301.802189702 601.802189702 302.273594511 602.273594511 302.817588835 602.817588835C303.243338717 603.243338717 303.713551135 603.713551135 304.225602376 604.225602376C304.665021949 604.665021949 305.135252921 605.135252921 305.634637178 605.634637178C306.081240047 606.081240047 306.55115928 606.55115928 307.043208906 607.043208906C307.494271796 607.494271796 307.963931798 607.963931798 308.451275306 608.451275306C308.90541319 608.90541319 309.374906912 609.374906912 309.859017176 609.859017176C310.315535665 610.315535665 310.785052044 610.785052044 311.266946359 611.266946359C311.725358133 611.725358133 312.194970891 612.194970891 312.675250967 612.675250967C313.135201179 613.135201179 313.604934744 613.604934744 314.083982935 614.083982935C314.545174794 614.545174794 315.014999823 615.014999823 315.49303978 615.49303978C315.954936837 615.954936837 316.424503371 616.424503371 316.901362098 616.901362098C317.364285885 617.364285885 317.834081903 617.834081903 318.310404984 618.310404984C318.773709944 618.773709944 319.243190068 619.243190068 319.718527724 619.718527724C320.182678432 620.182678432 320.652414204 620.652414204 321.127439312 621.127439312C321.59176289 621.59176289 322.061140167 622.061140167 322.535294954 622.535294954C323.000147008 623.000147008 323.469590946 623.469590946 323.943366516 623.943366516C324.408771457 624.408771457 324.87835632 624.87835632 325.351874408 625.351874408C325.817491143 625.817491143 326.286910934 626.286910934 326.759899226 626.759899226C327.225905768 627.225905768 327.695376241 627.695376241 328.168086325 628.168086325C328.634713673 628.634713673 329.104497796 629.104497796 329.577222922 629.577222922C330.043839488 630.043839488 330.513321541 630.513321541 330.985461567 630.985461567C331.452371198 631.452371198 331.921880238 631.921880238 332.393787992 632.393787992C332.860866688 632.860866688 333.330295258 633.330295258 333.801879106 633.801879106C334.269464068 634.269464068 334.73916791 634.73916791 335.210800945 635.210800945C335.67834983 635.67834983 336.147794642 636.147794642 336.618950578 636.618950578C337.086813396 637.086813396 337.556363503 637.556363503 338.027419945 638.027419945C338.495502277 638.495502277 338.965071983 638.965071983 339.435951515 639.435951515C339.90415693 639.90415693 340.373657336 640.373657336 340.844278193 640.844278193C341.312505117 641.312505117 341.781841122 641.781841122 342.252114319 642.252114319C342.720669784 642.720669784 343.190155606 643.190155606 343.660401772 643.660401772C344.129148766 644.129148766 344.598651264 644.598651264 345.068740873 645.068740873C345.537528114 645.537528114 346.006899217 646.006899217 346.476687185 646.476687185C346.945746045 646.945746045 347.415220476 647.415220476 347.88494426 647.88494426C348.354462277 648.354462277 348.824229427 648.824229427 349.294079708 649.294079708C349.763426663 649.763426663 350.232856571 650.232856571 350.702203963 650.702203963C351.171890033 651.171890033 351.641493468 651.641493468 352.110848439 652.110848439C352.580562226 652.580562226 353.05002717 653.05002717 353.519077062 653.519077062C353.989208877 653.989208877 354.458923725 654.458923725 354.928054242 654.928054242C355.398197447 655.398197447 355.867753797 655.867753797 356.336554845 656.336554845C356.806970802 656.806970802 357.276626245 657.276626245 357.745350978 657.745350978C358.215871064 658.215871064 358.685453298 658.685453298 359.153925522 659.153925522C359.624651105 659.624651105 360.094255975 660.094255975 360.562565477 660.562565477C361.033502805 661.033502805 361.503130188 661.503130188 361.971270014 661.971270014C362.442328937 662.442328937 362.911881695 662.911881695 363.379747335 663.379747335C363.851043382 663.851043382 364.320627479 664.320627479 364.788314665 664.788314665C365.25982888 665.25982888 365.729415012 665.729415012 366.196883519 666.196883519C366.668462055 666.668462055 367.137885567 667.137885567 367.604959469 667.604959469C368.077135194 668.077135194 368.546909701 668.546909701 369.014081959 669.014081959C369.486344036 669.486344036 369.955946852 669.955946852 370.422682736 670.422682736C370.895402986 670.895402986 371.365182313 671.365182313 371.831804954 671.831804954C372.304577145 672.304577145 372.774108897 672.774108897 373.240175804 673.240175804C373.713318456 673.713318456 374.182890257 674.182890257 374.648656425 674.648656425C375.122118513 675.122118513 375.591648166 675.591648166 376.056998768 676.056998768C376.530787433 676.530787433 377.000244119 677.000244119 377.46510855 677.46510855C377.939588524 677.939588524 378.4092843 678.4092843 378.873919115 678.873919115C379.348847409 679.348847409 379.818488018 679.818488018 380.282545374 680.282545374C380.757798008 680.757798008 381.227194751 681.227194751 381.690418122 681.690418122C382.166449964 682.166449964 382.635962318 682.635962318 383.098610634 683.098610634C383.575408449 683.575408449 384.04491595 684.04491595 384.506755997 684.506755997C384.984788161 684.984788161 385.454605804 685.454605804 385.915790711 685.915790711C386.394840751 686.394840751 386.864576281 686.864576281 387.324528577 687.324528577C387.804734787 687.804734787 388.274277188 688.274277188 388.732622368 688.732622368C389.214684349 689.214684349 389.684360343 689.684360343 390.141029779 690.141029779C390.625222816 690.625222816 391.094794231 691.094794231 391.549004345 691.549004345C392.036313084 692.036313084 392.505940175 692.505940175 392.956972168 692.956972168C393.449074825 693.449074825 393.919041685 693.919041685 394.365686354 694.365686354C394.864956855 694.864956855 395.335085523 695.335085523 395.774415253 695.774415253C396.28671416 696.28671416 396.757133573 696.757133573 397.183045957 697.183045957C397.72677853 697.72677853 398.197974239 698.197974239 398.591166148 698.591166148C399.507335265 699.507335265 400.0 700.0 400.0 700.0" id="p1" inkscape:connector-curvature="0" inkscape:label="#path3746"/>
    <path style="display:inline;fill:none;stroke:#000000;stroke-width:10" d="m 500,600 c 0,0 0,100 100,100 100,0 0,-100 100,-100 100,0 100,100 100,100" id="p2" inkscape:connector-curvature="0" inkscape:label="#path3748"/>
    <path sodipodi:type="star" style="display:inline;fill:#ffff00;stroke:#008000;stroke-width:10" id="s1" sodipodi:sides="5" sodipodi:cx="189.03001" sodipodi:cy="847.93945" sodipodi:r1="69.364868" sodipodi:r2="34.682434" sodipodi:arg1="0.63598373" sodipodi:arg2="1.2643023" inkscape:flatsided="false" inkscape:rounded="0" inkscape:randomized="0" d="m 244.8332,889.14005 -45.33887,-8.13446 -32.40428,32.73753 -6.27415,-45.63352 -41.14872,-20.70184 41.46124,-20.06861 6.97297,-45.53197 31.89861,33.23044 45.45824,-7.43847 -21.74681,40.60615 z" inkscape:transform-center-x="6.4673011" inkscape:transform-center-y="-0.16430137"/>
    <use style="display:inline" x="0" y="0" xlink:href="#s1" inkscape:transform-center-x="6.4673011" inkscape:transform-center-y="-0.16430137" id="u1" transform="translate(200,2.9962152)" width="100%" height="100%" inkscape:label="#use3808"/>
  </g>
  <g inkscape:label="Slide1" inkscape:groupmode="layer" id="layer1" style="display:inline">
    <text xml:space="preserve" style="font-size:14.66666698px;line-height:1.25;font-family:sans-serif;fill:#000000;stroke:none" x="100" y="100" id="t1" inkscape:label="#text12"><tspan sodipodi:role="line" id="tspan10" x="100" y="100">Hello World</tspan></text>
    <flowRoot xml:space="preserve" id="t4" style="font-size:40px;line-height:1.25;font-family:sans-serif;fill:#000000;stroke:none" transform="matrix(0.26458333,0,0,0.26458333,372.02961,28.904505)" inkscape:label="#flowRoot14"><flowRegion id="flowRegion16"><rect id="rect18" width="264.5675" height="262.16187" x="105.71429" y="219.66254"/></flowRegion><flowPara id="flowPara20" style="font-size:55.43307114px">flow text which wraps</flowPara></flowRoot>    <text xml:space="preserve" style="font-size:14.66666698px;line-height:1.25;font-family:sans-serif;fill:#000000;stroke:none" x="200" y="100" id="t2" inkscape:label="#text3727"><tspan sodipodi:role="line" id="tspan3725" x="200" y="100" style="font-size:14.66666698px">UPPER</tspan></text>
    <text xml:space="preserve" style="font-size:10.58333302px;line-height:1.25;font-family:sans-serif;fill:#000000;stroke:none" x="300" y="100" id="t3" inkscape:label="#text3735"><tspan sodipodi:role="line" id="tspan3733" x="300" y="100" style="font-size:14.66666698px">Multi line</tspan><tspan sodipodi:role="line" x="300" y="118.33334" id="tspan3737" style="font-size:14.66666698px">text</tspan><tspan sodipodi:role="line" x="300" y="136.66667" id="tspan3739" style="font-size:14.66666698px">FOO</tspan></text>
    <g id="t5" transform="translate(445.71038,-129.64807)" inkscape:label="#g3772">
      <text id="text3762" y="229.64807" x="54.289616" style="font-size:10.58333302px;line-height:1.25;font-family:sans-serif;fill:#000000;stroke:none" xml:space="preserve"><tspan y="229.64807" x="54.289616" id="tspan3760" sodipodi:role="line" style="font-size:14.66666698px">Grouped</tspan></text>
      <text id="text3766" y="259.64807" x="54.289619" style="font-size:14.66666698px;line-height:1.25;font-family:sans-serif;fill:#000000;stroke:none" xml:space="preserve"><tspan y="259.64807" x="54.289619" id="tspan3764" sodipodi:role="line" style="font-size:14.66666698px">text</tspan></text>
    </g>
    <rect style="fill:#000080;stroke:none" id="r1" width="100" height="100" x="100" y="200" inkscape:label="#rect3732"/>
    <rect style="fill:none;stroke:#ff0000;stroke-width:16" id="r2" width="200" height="100" x="300" y="200" inkscape:label="#rect3734"/>
    <rect style="fill:#ffff00;stroke:#008000;stroke-width:16" id="r3" width="200" height="100" x="600" y="200" ry="38.950798" rx="44.943226" inkscape:label="#rect3744"/>
  </g>
  <script ns1:version="1.5.5" id="JessyInk">// dummy
</script>
</svg>