<!-- Created with Inkscape (http://www.inkscape.org/) --><svg xmlns:inkscape="http://www.inkscape.org/namespaces/inkscape" xmlns:sodipodi="http://sodipodi.sourceforge.net/DTD/sodipodi-0.dtd" xmlns="http://www.w3.org/2000/svg" xmlns:svg="http://www.w3.org/2000/svg" width="95.693863mm" height="113.47732mm" viewBox="0 0 95.693863 113.47732" version="1.1" id="svg5" inkscape:version="1.2-dev (bf4f53e38c, 2021-05-21)" sodipodi:docname="paths_open_closed.svg">
  <sodipodi:namedview id="namedview7" pagecolor="#ffffff" bordercolor="#666666" borderopacity="1.0" inkscape:pageshadow="2" inkscape:pageopacity="0.0" inkscape:pagecheckerboard="0" inkscape:document-units="mm" showgrid="false" inkscape:zoom="1.0998546" inkscape:cx="416.41868" inkscape:cy="384.14169" inkscape:window-width="2488" inkscape:window-height="1376" inkscape:window-x="1992" inkscape:window-y="27" inkscape:window-maximized="1" inkscape:current-layer="layer1"/>
  <defs id="defs2"/>
  <g inkscape:label="Layer 1" inkscape:groupmode="layer" id="layer1" transform="translate(-13.488084,-21.263619)">
    <path id="rect723" style="fill:none;stroke:#000000;stroke-width:0.264583" d="M 16.9975 28.2626 L 27.8234 28.2626 L 38.6492 28.2626 L 49.4752 28.2626 L 49.4752 38.1066 L 49.4752 47.9505 L 49.4752 57.7946 L 38.6493 57.7946 L 27.8235 57.7946 L 16.9975 57.7946 L 16.9975 47.9506 L 16.9975 38.1066 Z"/>
    <path id="rect723-5" style="fill:#0000ff;stroke:#00ffff;stroke-width:1.33282" d="M 16.3347 66.7107 C 19.9405 67.3035 23.5463 67.8451 27.152 68.1894 C 30.7876 68.5365 34.4233 68.683 38.0589 68.4791 C 41.6434 68.2781 45.2279 67.7365 48.8124 66.7107 L 48.8124 76.5547 L 48.8124 86.3986 L 48.8124 96.2427 L 37.9865 96.2427 L 27.1607 96.2427 L 16.3347 96.2427 C 15.8637 92.9531 15.2503 89.6636 14.7951 86.3741 C 14.3359 83.0556 14.0376 79.7372 14.2087 76.4188 C 14.3756 73.1827 14.989 69.9467 16.3347 66.7107 L 16.3347 66.7107 L 16.3347 66.7107 Z" sodipodi:nodetypes="ccccc"/>
    <path id="path747" style="fill:none;stroke:#000000" inkscape:transform-center-x="1.3210413" inkscape:transform-center-y="-0.83976665" transform="matrix(0.26458333,0,0,0.26458333,-7.3390822,8.8605303)" d="M 427.01 188.575 L 409.09 183.195 L 391.171 177.815 L 373.251 172.434 L 358.66 184.146 L 344.069 195.857 L 329.478 207.569 L 329.058 188.864 L 328.637 170.159 L 328.217 151.454 L 312.569 141.196 L 296.922 130.939 L 281.275 120.681 L 298.935 114.501 L 316.594 108.32 L 334.254 102.14 L 339.174 84.0891 L 344.095 66.038 L 349.015 47.9868 L 360.35 62.8722 L 371.684 77.7576 L 383.019 92.6432 L 401.708 91.7447 L 420.396 90.8461 L 439.084 89.9476 L 428.43 105.327 L 417.775 120.707 L 407.121 136.087 L 413.751 153.583 L 420.38 171.079 Z"/>
    <path id="path1080" style="fill:none;fill-rule:evenodd;stroke:#000000;stroke-width:0.264583" d="M 90.2345 87.0549 C 89.8607 86.9321 89.7353 86.7007 89.7582 86.4423 C 89.78 86.1963 89.9363 85.9259 90.1408 85.7016 C 90.3519 85.4702 90.6142 85.2878 90.8332 85.232 C 91.4232 85.0816 91.9596 85.193 92.4121 85.4661 C 92.8658 85.7399 93.2352 86.1763 93.4901 86.6743 C 93.7449 87.1723 93.8851 87.7319 93.8804 88.2524 C 93.8719 89.1776 93.5541 89.9895 93.0391 90.6515 C 92.5159 91.324 91.7891 91.8417 90.9764 92.1659 C 90.1763 92.485 89.2929 92.6166 88.4383 92.5237 C 87.1854 92.3876 86.0963 91.8714 85.2209 91.1119 C 84.3293 90.3382 83.6593 89.3119 83.2639 88.1774 C 82.8757 87.0638 82.752 85.8458 82.9428 84.66 C 83.1969 83.0804 83.9083 81.7134 84.9123 80.6233 C 85.937 79.511 87.2664 78.6871 88.7259 78.2201 C 90.1566 77.7624 91.7121 77.6476 93.2282 77.9403 C 95.1355 78.3085 96.7819 79.2146 98.0876 80.4643 C 99.4203 81.7398 100.398 83.3734 100.936 85.1585 C 101.463 86.9074 101.569 88.8017 101.172 90.6473 C 100.692 92.8826 99.5916 94.8088 98.0962 96.3305 C 96.5694 97.8841 94.6307 99.0162 92.5192 99.6253 C 90.4515 100.222 88.2181 100.317 86.0434 99.8154 C 83.4804 99.2244 81.2745 97.9307 79.5367 96.1899 C 77.7619 94.4123 76.4753 92.1683 75.7949 89.7302 C 75.1287 87.3428 75.0438 84.7693 75.6511 82.2651 C 76.3523 79.3739 77.8395 76.8878 79.8261 74.9335 C 81.8552 72.9373 84.4053 71.496 87.1708 70.7447 C 89.8775 70.0094 92.7904 69.9352 95.6231 70.6486 C 98.842 71.4593 101.608 73.1395 103.779 75.3712 C 105.996 77.6515 107.593 80.5075 108.415 83.6 C 109.22 86.6268 109.284 89.8802 108.464 93.0422 C 107.544 96.5894 105.67 99.6359 103.193 102.023 C 100.661 104.462 97.4996 106.213 94.08 107.107 C 90.7331 107.981 87.1395 108.034 83.6485 107.107 C 79.773 106.078 76.4459 104.011 73.8421 101.288 C 71.1816 98.5056 69.276 95.0377 68.3116 91.2911 C 67.3677 87.6241 67.3255 83.6901 68.3594 79.8702"/>
    <path style="fill:none;stroke:#000000;stroke-width:0.264583px;stroke-linecap:butt;stroke-linejoin:miter;stroke-opacity:1" d="M 14.9373 124.035 L 21.8085 118.096 L 28.6798 112.158 L 35.5511 106.219 C 35.5511 106.219 34.2314 109.924 37.5288 113.672 C 38.8666 115.193 40.9644 116.721 44.2185 118.012 C 46.296 118.836 48.8447 119.563 51.9679 120.13 C 55.9818 120.858 58.3493 121.874 59.5683 123.033 C 61.8113 125.166 60.1664 127.783 57.735 129.989 C 54.8788 132.579 50.9374 134.601 50.9374 134.601 L 43.4612 132.943 L 35.985 131.284 L 28.5087 129.625" id="path1115"/>
  </g>
</svg>