<svg xmlns:dc="http://purl.org/dc/elements/1.1/" xmlns:cc="http://creativecommons.org/ns#" xmlns:rdf="http://www.w3.org/1999/02/22-rdf-syntax-ns#" xmlns:svg="http://www.w3.org/2000/svg" xmlns="http://www.w3.org/2000/svg" id="svg8" version="1.1" viewBox="0 0 210 297" height="297mm" width="210mm">
  <defs id="defs2"/>
  <metadata id="metadata5">
    <rdf:RDF>
      <cc:Work rdf:about="">
        <dc:format>image/svg+xml</dc:format>
        <dc:type rdf:resource="http://purl.org/dc/dcmitype/StillImage"/>
        <dc:title/>
      </cc:Work>
    </rdf:RDF>
  </metadata>
  <g id="layer1">
    <path id="dashme" d="M 39.817243,184.34654 145.92741,65.030315" style="fill:none;fill-rule:evenodd;stroke:#000000;stroke-width:0.26499999;stroke-linecap:butt;stroke-linejoin:miter;stroke-opacity:1;stroke-miterlimit:4;stroke-dasharray:2.1199999,0.26499999;stroke-dashoffset:0"/>
   <path id="dashme2" transform="translate(10, 10)" d="M 39.8172 184.347 L 41.1468 182.851 M 43.1405 180.61 L 45.7989 177.62 M 47.1284 176.125 L 49.1226 173.883 M 51.7806 170.894 L 53.1093 169.4 M 55.1034 167.158 L 57.761 164.17 M 59.0898 162.675 L 61.0831 160.434 M 63.7415 157.445 L 65.0708 155.95 M 67.065 153.708 L 69.7229 150.719 M 71.0523 149.224 L 73.0455 146.983 M 75.7041 143.993 L 77.0327 142.499 M 79.0268 140.257 L 81.685 137.268 M 83.0139 135.774 L 85.0075 133.532 M 87.6653 130.544 L 88.9949 129.048 M 90.9891 126.806 L 93.6477 123.817 M 94.9772 122.322 L 96.9708 120.08 M 99.6289 117.091 L 100.958 115.596 M 102.951 113.355 L 105.609 110.366 M 106.938 108.872 L 108.932 106.63 M 111.59 103.641 L 112.919 102.147 M 114.912 99.9053 L 117.571 96.9161 M 118.9 95.4218 L 120.893 93.18 M 123.551 90.1919 L 124.88 88.6971 M 126.874 86.4552 L 129.531 83.4671 M 130.861 81.9723 L 132.855 79.73 M 135.512 76.742 L 136.841 75.2473 M 138.834 73.006 L 141.492 70.0175 M 142.821 68.5229 L 144.815 66.2809 M 145.927 65.0303" style="fill:none;fill-rule:evenodd;stroke:#000000;stroke-width:0.26499999;stroke-linecap:butt;stroke-linejoin:miter;stroke-opacity:1;stroke-miterlimit:4;stroke-dashoffset:0"/>

  </g>
</svg>