
<svg viewBox="0 0 8500 11000" fill="none" stroke="black" stroke-width="10" stroke-linecap="round" stroke-linejoin="round"
  xmlns="http://www.w3.org/2000/svg"
  xmlns:svg="http://www.w3.org/2000/svg"
  xmlns:sodipodi="http://sodipodi.sourceforge.net/DTD/sodipodi-0.dtd"
  xmlns:inkscape="http://www.inkscape.org/namespaces/inkscape"
  xmlns:dm="http://github.com/nikitakit/DM2SVG">
    <metadata>
      <dm:page
        id="ACECAD_DIGIMEMO_HANDWRITING_____"
        version="1"
        width="8500"
        height="11000"
        page_type="2">
      </dm:page>
    </metadata>
    <rect width="8500" height="11000" fill="aliceblue"/>

<g inkscape:groupmode="layer" id="layer1">

<polyline points="1863,3011 1862,3016 1856,3015 1859,3014 1863,3019 1867,3024 1871,3030 1876,3037 1881,3047 1886,3060 1892,3076 1898,3095 1903,3116 1909,3137 1916,3159 1922,3180 1929,3201 1936,3221 1944,3239 1953,3259 1961,3282 1970,3308 1978,3338 1986,3371 1993,3403 2000,3435 2007,3461 2013,3484 2021,3507 2029,3531 2036,3556 2045,3584 2055,3613 2065,3641 2075,3666 2086,3689 2097,3709 2106,3726 2115,3740 2125,3753 2133,3765 2140,3777 2146,3788 2151,3799 2156,3809 2160,3818 2163,3824 2166,3830 2169,3834 2171,3831 2174,3828 2176,3825 2179,3820 2183,3814 2189,3805 2196,3795 2206,3784 2217,3773 2229,3758 2246,3738 2268,3713 2300,3679 2343,3635 2393,3586 2442,3531 2505,3468 2578,3396 2653,3327 2724,3233 2829,3134 2928,3018 3061,2904 3181,2775 3328,2654 3460,2520 3613,2390 3770,2252 3929,2106 4091,1964 4251,1829 4417,1697 4570,1578 4723,1465 4855,1368 4977,1271 5108,1184 5211,1107 5303,1042 5390,993 5453,948 5503,909 5546,877 5582,853 5611,835 5631,823 5642,817 5648,814 5644,818 5639,823 5631,830 5621,837 5611,844 5597,848" dm:timestamp="0" />

</g>


</svg>

