:::SVG document related info:::
version: 1.2-dev (1:1.0+devel+202201200004+c1616499b1)
width: 793.7007874015748
height: 1122.51968503937
viewbox: [0.0, 0.0, 210.0, 297.0]
document-units: mm
units: None
Document has 3 guides
Grid number 1: Units: cm
Grid number 2: Units: in
Document has 3 pages
Page number 1: x: 0 y: 0 width: 210 height: 297
Page number 2: x: 220 y: 0 width: 210 height: 297
Page number 3: x: 0 y: 305 width: 430 height: 107.75
