999
"DXF R12 Output" (www.mydxf.blogspot.com)
 0 
SECTION
 2 
HEADER
 9 
$ACADVER
 1 
AC1009
 9 
$EXTMIN
 10 
 0 
 20 
 0 
 9 
$EXTMAX
 10 
 8.5 
 20 
 11 
 0 
ENDSEC
 0 
SECTION
 2 
ENTITIES
0
LINE
8
Layer 1
10
0.000000
20
297.000000
11
210.000000
21
297.000000
0
LINE
8
Layer 1
10
210.000000
20
297.000000
11
210.000000
21
0.000000
0
LINE
8
Layer 1
10
210.000000
20
0.000000
11
0.000000
21
0.000000
0
LINE
8
Layer 1
10
0.000000
20
0.000000
11
0.000000
21
297.000000
0
LINE
8
Layer 1
10
66.542700
20
221.696000
11
100.869000
21
221.696000
0
LINE
8
Layer 1
10
100.869000
20
221.696000
11
100.869000
21
195.428000
0
LINE
8
Layer 1
10
100.869000
20
195.428000
11
66.542700
21
195.428000
0
LINE
8
Layer 1
10
66.542700
20
195.428000
11
66.542700
21
221.696000
0
LINE
8
Layer 1
10
106.203000
20
191.696000
11
140.530000
21
191.696000
0
LINE
8
Layer 1
10
140.530000
20
191.696000
11
140.530000
21
165.429000
0
LINE
8
Layer 1
10
140.530000
20
165.429000
11
106.203000
21
165.429000
0
LINE
8
Layer 1
10
106.203000
20
165.429000
11
106.203000
21
191.696000
0
LINE
8
Layer 1
10
185.881000
20
135.429000
11
151.555000
21
135.429000
0
LINE
8
Layer 1
10
151.555000
20
135.429000
11
151.555000
21
161.696000
0
LINE
8
Layer 1
10
151.555000
20
161.696000
11
185.881000
21
161.696000
0
LINE
8
Layer 1
10
185.881000
20
161.696000
11
185.881000
21
135.429000
 0 
ENDSEC
 0 
EOF