999
"DXF R12 Output" (www.mydxf.blogspot.com)
 0 
SECTION
 2 
HEADER
 9 
$ACADVER
 1 
AC1009
 9 
$EXTMIN
 10 
 0 
 20 
 0 
 9 
$EXTMAX
 10 
 8.5 
 20 
 11 
 0 
ENDSEC
 0 
SECTION
 2 
ENTITIES
0
LINE
8
Ebene 1
10
58.683500
20
179.770000
11
158.683000
21
179.770000
0
LINE
8
Ebene 1
10
158.683000
20
179.770000
11
158.683000
21
109.770000
0
LINE
8
Ebene 1
10
158.683000
20
109.770000
11
58.683500
21
109.770000
0
LINE
8
Ebene 1
10
58.683500
20
109.770000
11
58.683500
21
179.770000
0
LINE
8
Ebene 1
10
0.000000
20
297.000000
11
50.000000
21
297.000000
0
LINE
8
Ebene 1
10
50.000000
20
297.000000
11
50.000000
21
217.000000
0
LINE
8
Ebene 1
10
50.000000
20
217.000000
11
0.000000
21
217.000000
0
LINE
8
Ebene 1
10
0.000000
20
217.000000
11
0.000000
21
297.000000
0
LINE
8
Ebene 1
10
190.000000
20
297.000000
11
210.000000
21
297.000000
0
LINE
8
Ebene 1
10
210.000000
20
297.000000
11
210.000000
21
287.000000
0
LINE
8
Ebene 1
10
210.000000
20
287.000000
11
190.000000
21
287.000000
0
LINE
8
Ebene 1
10
190.000000
20
287.000000
11
190.000000
21
297.000000
0
LINE
8
Ebene 1
10
0.000000
20
30.000000
11
15.000000
21
30.000000
0
LINE
8
Ebene 1
10
15.000000
20
30.000000
11
15.000000
21
0.000000
0
LINE
8
Ebene 1
10
15.000000
20
0.000000
11
0.000000
21
0.000000
0
LINE
8
Ebene 1
10
0.000000
20
0.000000
11
0.000000
21
30.000000
0
LINE
8
Ebene 1
10
140.000000
20
70.000000
11
210.000000
21
51.259800
0
LINE
8
Ebene 1
10
210.000000
20
51.259800
11
210.000000
21
0.000000
0
LINE
8
Ebene 1
10
210.000000
20
0.000000
11
152.197000
21
0.000000
0
LINE
8
Ebene 1
10
152.197000
20
0.000000
11
140.000000
21
70.000000
 0 
ENDSEC
 0 
EOF