999
"DXF R12 Output" (www.mydxf.blogspot.com)
 0 
SECTION
 2 
HEADER
 9 
$ACADVER
 1 
AC1009
 9 
$EXTMIN
 10 
 0 
 20 
 0 
 9 
$EXTMAX
 10 
 8.5 
 20 
 11 
 0 
ENDSEC
 0 
SECTION
 2 
ENTITIES
0
LINE
8
Layer 1
10
2.828520
20
263.409000
11
-0.351372
21
264.578000
0
LINE
8
Layer 1
10
-0.351372
20
264.578000
11
2.828520
21
265.748000
0
LINE
8
Layer 1
10
2.828520
20
265.748000
11
2.543171
21
265.190016
0
LINE
8
Layer 1
10
2.543171
20
265.190016
11
2.448604
21
264.583375
0
LINE
8
Layer 1
10
2.448604
20
264.583375
11
2.543995
21
263.974297
0
LINE
8
Layer 1
10
2.543995
20
263.974297
11
2.828520
21
263.409000
0
LINE
8
Layer 1
10
2.828520
20
263.409000
11
2.828520
21
263.409000
0
LINE
8
Slide2
10
207.191000
20
138.159000
11
204.538579
21
136.486927
0
LINE
8
Slide2
10
204.538579
20
136.486927
11
201.446738
21
135.075179
0
LINE
8
Slide2
10
201.446738
20
135.075179
11
197.989198
21
133.937144
0
LINE
8
Slide2
10
197.989198
20
133.937144
11
194.239677
21
133.086207
0
LINE
8
Slide2
10
194.239677
20
133.086207
11
190.271897
21
132.535757
0
LINE
8
Slide2
10
190.271897
20
132.535757
11
186.159578
21
132.299179
0
LINE
8
Slide2
10
186.159578
20
132.299179
11
181.976439
21
132.389861
0
LINE
8
Slide2
10
181.976439
20
132.389861
11
177.796200
21
132.821190
0
LINE
8
Slide2
10
177.796200
20
132.821190
11
173.808049
21
133.581652
0
LINE
8
Slide2
10
173.808049
20
133.581652
11
170.183861
21
134.630080
0
LINE
8
Slide2
10
170.183861
20
134.630080
11
166.971385
21
135.935365
0
LINE
8
Slide2
10
166.971385
20
135.935365
11
164.218373
21
137.466396
0
LINE
8
Slide2
10
164.218373
20
137.466396
11
161.972578
21
139.192064
0
LINE
8
Slide2
10
161.972578
20
139.192064
11
160.281749
21
141.081259
0
LINE
8
Slide2
10
160.281749
20
141.081259
11
159.659370
21
142.077457
0
LINE
8
Slide2
10
159.659370
20
142.077457
11
159.193640
21
143.102871
0
LINE
8
Slide2
10
159.193640
20
143.102871
11
158.890527
21
144.153611
0
LINE
8
Slide2
10
158.890527
20
144.153611
11
158.756000
21
145.225790
0
LINE
8
Slide2
10
158.756000
20
145.225790
11
158.794810
21
146.299897
0
LINE
8
Slide2
10
158.794810
20
146.299897
11
159.003948
21
147.356344
0
LINE
8
Slide2
10
159.003948
20
147.356344
11
159.377799
21
148.391114
0
LINE
8
Slide2
10
159.377799
20
148.391114
11
159.910746
21
149.400189
0
LINE
8
Slide2
10
159.910746
20
149.400189
11
161.431464
21
151.325184
0
LINE
8
Slide2
10
161.431464
20
151.325184
11
163.521171
21
153.099184
0
LINE
8
Slide2
10
163.521171
20
153.099184
11
166.134938
21
154.690048
0
LINE
8
Slide2
10
166.134938
20
154.690048
11
169.227835
21
156.065632
0
LINE
8
Slide2
10
169.227835
20
156.065632
11
172.754932
21
157.193793
0
LINE
8
Slide2
10
172.754932
20
157.193793
11
176.671300
21
158.042390
0
LINE
8
Slide2
10
176.671300
20
158.042390
11
180.808925
21
158.566469
0
LINE
8
Slide2
10
180.808925
20
158.566469
11
184.979820
21
158.750305
0
LINE
8
Slide2
10
184.979820
20
158.750305
11
189.109144
21
158.605628
0
LINE
8
Slide2
10
189.109144
20
158.605628
11
193.122058
21
158.144169
0
LINE
8
Slide2
10
193.122058
20
158.144169
11
196.943721
21
157.377657
0
LINE
8
Slide2
10
196.943721
20
157.377657
11
200.499293
21
156.317823
0
LINE
8
Slide2
10
200.499293
20
156.317823
11
203.713932
21
154.976397
0
LINE
8
Slide2
10
203.713932
20
154.976397
11
206.512800
21
153.365110
0
LINE
8
Slide2
10
206.512800
20
153.365110
11
185.208000
21
145.521000
0
LINE
8
Slide2
10
185.208000
20
145.521000
11
207.191000
21
138.159000
0
LINE
8
Slide2
10
26.458300
20
105.833000
11
52.916600
21
79.374900
0
LINE
8
Slide2
10
52.916600
20
79.374900
11
79.374900
21
105.833000
0
LINE
8
Slide2
10
79.374900
20
105.833000
11
105.833000
21
79.374900
0
LINE
8
Slide2
10
132.292000
20
105.833000
11
132.343676
21
104.696120
0
LINE
8
Slide2
10
132.343676
20
104.696120
11
132.705411
21
101.698891
0
LINE
8
Slide2
10
132.705411
20
101.698891
11
133.099443
21
99.696431
0
LINE
8
Slide2
10
133.099443
20
99.696431
11
133.687262
21
97.461429
0
LINE
8
Slide2
10
133.687262
20
97.461429
11
134.507624
21
95.071397
0
LINE
8
Slide2
10
134.507624
20
95.071397
11
135.599288
21
92.603850
0
LINE
8
Slide2
10
135.599288
20
92.603850
11
137.001009
21
90.136303
0
LINE
8
Slide2
10
137.001009
20
90.136303
11
138.751546
21
87.746271
0
LINE
8
Slide2
10
138.751546
20
87.746271
11
140.889656
21
85.511269
0
LINE
8
Slide2
10
140.889656
20
85.511269
11
143.454095
21
83.508809
0
LINE
8
Slide2
10
143.454095
20
83.508809
11
146.483622
21
81.816408
0
LINE
8
Slide2
10
146.483622
20
81.816408
11
150.016994
21
80.511580
0
LINE
8
Slide2
10
150.016994
20
80.511580
11
151.984733
21
80.028729
0
LINE
8
Slide2
10
151.984733
20
80.028729
11
154.092967
21
79.671839
0
LINE
8
Slide2
10
154.092967
20
79.671839
11
156.346541
21
79.450600
0
LINE
8
Slide2
10
156.346541
20
79.450600
11
158.750300
21
79.374700
0
LINE
8
Slide2
10
158.750300
20
79.374700
11
161.078966
21
79.450600
0
LINE
8
Slide2
10
161.078966
20
79.450600
11
163.116953
21
79.671839
0
LINE
8
Slide2
10
163.116953
20
79.671839
11
164.883639
21
80.028729
0
LINE
8
Slide2
10
164.883639
20
80.028729
11
166.398402
21
80.511580
0
LINE
8
Slide2
10
166.398402
20
80.511580
11
167.680622
21
81.110703
0
LINE
8
Slide2
10
167.680622
20
81.110703
11
168.749677
21
81.816408
0
LINE
8
Slide2
10
168.749677
20
81.816408
11
169.624946
21
82.619007
0
LINE
8
Slide2
10
169.624946
20
82.619007
11
170.325806
21
83.508809
0
LINE
8
Slide2
10
170.325806
20
83.508809
11
170.871638
21
84.476126
0
LINE
8
Slide2
10
170.871638
20
84.476126
11
171.281819
21
85.511269
0
LINE
8
Slide2
10
171.281819
20
85.511269
11
171.772745
21
87.746271
0
LINE
8
Slide2
10
171.772745
20
87.746271
11
171.953612
21
90.136303
0
LINE
8
Slide2
10
171.953612
20
90.136303
11
171.979450
21
92.603850
0
LINE
8
Slide2
10
171.979450
20
92.603850
11
172.005288
21
95.071397
0
LINE
8
Slide2
10
172.005288
20
95.071397
11
172.186155
21
97.461429
0
LINE
8
Slide2
10
172.186155
20
97.461429
11
172.677081
21
99.696431
0
LINE
8
Slide2
10
172.677081
20
99.696431
11
173.087262
21
100.731574
0
LINE
8
Slide2
10
173.087262
20
100.731574
11
173.633094
21
101.698891
0
LINE
8
Slide2
10
173.633094
20
101.698891
11
174.333954
21
102.588693
0
LINE
8
Slide2
10
174.333954
20
102.588693
11
175.209223
21
103.391292
0
LINE
8
Slide2
10
175.209223
20
103.391292
11
176.278278
21
104.096997
0
LINE
8
Slide2
10
176.278278
20
104.096997
11
177.560498
21
104.696120
0
LINE
8
Slide2
10
177.560498
20
104.696120
11
179.075261
21
105.178971
0
LINE
8
Slide2
10
179.075261
20
105.178971
11
180.841947
21
105.535861
0
LINE
8
Slide2
10
180.841947
20
105.535861
11
182.879934
21
105.757100
0
LINE
8
Slide2
10
182.879934
20
105.757100
11
185.208600
21
105.833000
0
LINE
8
Slide2
10
185.208600
20
105.833000
11
187.612359
21
105.757100
0
LINE
8
Slide2
10
187.612359
20
105.757100
11
189.865933
21
105.535861
0
LINE
8
Slide2
10
189.865933
20
105.535861
11
191.974167
21
105.178971
0
LINE
8
Slide2
10
191.974167
20
105.178971
11
193.941906
21
104.696120
0
LINE
8
Slide2
10
193.941906
20
104.696120
11
197.475278
21
103.391292
0
LINE
8
Slide2
10
197.475278
20
103.391292
11
200.504805
21
101.698891
0
LINE
8
Slide2
10
200.504805
20
101.698891
11
203.069244
21
99.696431
0
LINE
8
Slide2
10
203.069244
20
99.696431
11
205.207354
21
97.461429
0
LINE
8
Slide2
10
205.207354
20
97.461429
11
206.957891
21
95.071397
0
LINE
8
Slide2
10
206.957891
20
95.071397
11
208.359613
21
92.603850
0
LINE
8
Slide2
10
208.359613
20
92.603850
11
209.451276
21
90.136303
0
LINE
8
Slide2
10
209.451276
20
90.136303
11
210.271638
21
87.746271
0
LINE
8
Slide2
10
210.271638
20
87.746271
11
210.859457
21
85.511269
0
LINE
8
Slide2
10
210.859457
20
85.511269
11
211.253489
21
83.508809
0
LINE
8
Slide2
10
211.253489
20
83.508809
11
211.615224
21
80.511580
0
LINE
8
Slide2
10
211.615224
20
80.511580
11
211.666900
21
79.374700
0
LINE
8
Slide2
10
64.778700
20
29.331700
11
52.782800
21
31.483940
0
LINE
8
Slide2
10
52.782800
20
31.483940
11
44.209180
21
22.822150
0
LINE
8
Slide2
10
44.209180
20
22.822150
11
42.549150
21
34.896050
0
LINE
8
Slide2
10
42.549150
20
34.896050
11
31.661850
21
40.373400
0
LINE
8
Slide2
10
31.661850
20
40.373400
11
42.631750
21
45.683210
0
LINE
8
Slide2
10
42.631750
20
45.683210
11
44.476680
21
57.730210
0
LINE
8
Slide2
10
44.476680
20
57.730210
11
52.916510
21
48.938000
0
LINE
8
Slide2
10
52.916510
20
48.938000
11
64.944010
21
50.906090
0
LINE
8
Slide2
10
64.944010
20
50.906090
11
59.190170
21
40.162390
0
LINE
8
Slide2
10
59.190170
20
40.162390
11
64.778700
21
29.331700
 0 
ENDSEC
 0 
EOF