  0
SECTION
  2
HEADER
  9
$ACADVER
  1
AC1014
  9
$HANDSEED
  5
FFFF
  9
$MEASUREMENT
 70
     1
  0
ENDSEC
  0
SECTION
  2
TABLES
  0
TABLE
  2
VPORT
  5
8
330
0
100
AcDbSymbolTable
 70
     4
  0
VPORT
  5
2E
330
8
100
AcDbSymbolTableRecord
100
AcDbViewportTableRecord
  2
*ACTIVE
 70
     0
 10
0.0
 20
0.0
 11
1.0
 21
1.0
 12
210.0
 22
148.5
 13
0.0
 23
0.0
 14
10.0
 24
10.0
 15
10.0
 25
10.0
 16
0.0
 26
0.0
 36
1.0
 17
0.0
 27
0.0
 37
0.0
 40
341.0
 41
1.24
 42
50.0
 43
0.0
 44
0.0
 50
0.0
 51
0.0
 71
     0
 72
   100
 73
     1
 74
     3
 75
     0
 76
     0
 77
     0
 78
     0
  0
ENDTAB
  0
TABLE
  2
LTYPE
  5
5
330
0
100
AcDbSymbolTable
 70
     1
  0
LTYPE
  5
14
330
5
100
AcDbSymbolTableRecord
100
AcDbLinetypeTableRecord
  2
BYBLOCK
 70
     0
  3

 72
    65
 73
     0
 40
0.0
  0
LTYPE
  5
15
330
5
100
AcDbSymbolTableRecord
100
AcDbLinetypeTableRecord
  2
BYLAYER
 70
     0
  3

 72
    65
 73
     0
 40
0.0
  0
LTYPE
  5
16
330
5
100
AcDbSymbolTableRecord
100
AcDbLinetypeTableRecord
  2
CONTINUOUS
 70
     0
  3
Solid line
 72
    65
 73
     0
 40
0.0
  0
ENDTAB
  0
TABLE
  2
LAYER
  5
2
100
AcDbSymbolTable
 70
4
  0
LAYER
  5
50
100
AcDbSymbolTableRecord
100
AcDbLayerTableRecord
  2
0
 70
0
  6
CONTINUOUS
  0
LAYER
  5
51
100
AcDbSymbolTableRecord
100
AcDbLayerTableRecord
  2
Slide3
 70
0
  6
CONTINUOUS
  0
LAYER
  5
52
100
AcDbSymbolTableRecord
100
AcDbLayerTableRecord
  2
Slide2
 70
0
  6
CONTINUOUS
  0
LAYER
  5
53
100
AcDbSymbolTableRecord
100
AcDbLayerTableRecord
  2
Slide1
 70
0
  6
CONTINUOUS
  0
ENDTAB
  0
TABLE
  2
STYLE
  5
3
330
0
100
AcDbSymbolTable
 70
     1
  0
STYLE
  5
11
330
3
100
AcDbSymbolTableRecord
100
AcDbTextStyleTableRecord
  2
STANDARD
 70
     0
 40
0.0
 41
1.0
 50
0.0
 71
     0
 42
2.5
  3
txt
  4

  0
ENDTAB
  0
TABLE
  2
VIEW
  5
6
330
0
100
AcDbSymbolTable
 70
     0
  0
ENDTAB
  0
TABLE
  2
UCS
  5
7
330
0
100
AcDbSymbolTable
 70
     0
  0
ENDTAB
  0
TABLE
  2
APPID
  5
9
330
0
100
AcDbSymbolTable
 70
     2
  0
APPID
  5
12
330
9
100
AcDbSymbolTableRecord
100
AcDbRegAppTableRecord
  2
ACAD
 70
     0
  0
ENDTAB
  0
TABLE
  2
DIMSTYLE
  5
A
330
0
100
AcDbSymbolTable
 70
     1
  0
DIMSTYLE
105
27
330
A
100
AcDbSymbolTableRecord
100
AcDbDimStyleTableRecord
  2
ISO-25
 70
     0
  3

  4

  5

  6

  7

 40
1.0
 41
2.5
 42
0.625
 43
3.75
 44
1.25
 45
0.0
 46
0.0
 47
0.0
 48
0.0
140
2.5
141
2.5
142
0.0
143
0.03937007874016
144
1.0
145
0.0
146
1.0
147
0.625
 71
     0
 72
     0
 73
     0
 74
     0
 75
     0
 76
     0
 77
     1
 78
     8
170
     0
171
     3
172
     1
173
     0
174
     0
175
     0
176
     0
177
     0
178
     0
270
     2
271
     2
272
     2
273
     2
274
     3
340
11
275
     0
280
     0
281
     0
282
     0
283
     0
284
     8
285
     0
286
     0
287
     3
288
     0
  0
ENDTAB
  0
TABLE
  2
BLOCK_RECORD
  5
1
330
0
100
AcDbSymbolTable
 70
     1
  0
BLOCK_RECORD
  5
1F
330
1
100
AcDbSymbolTableRecord
100
AcDbBlockTableRecord
  2
*MODEL_SPACE
  0
BLOCK_RECORD
  5
1B
330
1
100
AcDbSymbolTableRecord
100
AcDbBlockTableRecord
  2
*PAPER_SPACE
  0
ENDTAB
  0
ENDSEC
  0
SECTION
  2
BLOCKS
  0
BLOCK
  5
20
330
1F
100
AcDbEntity
  8
0
100
AcDbBlockBegin
  2
*MODEL_SPACE
 70
     0
 10
0.0
 20
0.0
 30
0.0
  3
*MODEL_SPACE
  1

  0
ENDBLK
  5
21
330
1F
100
AcDbEntity
  8
0
100
AcDbBlockEnd
  0
BLOCK
  5
1C
330
1B
100
AcDbEntity
 67
     1
  8
0
100
AcDbBlockBegin
  2
*PAPER_SPACE
  1

  0
ENDBLK
  5
1D
330
1B
100
AcDbEntity
 67
     1
  8
0
100
AcDbBlockEnd
  0
ENDSEC
  0
SECTION
  2
ENTITIES
  0
LINE
  5
100
100
AcDbEntity
  8
Slide3
 62
7
100
AcDbLine
 10
488.481675
 20
484.555043
 30
0.0
 11
675.000015
 21
484.555043
 31
0.0
  0
LINE
  5
101
100
AcDbEntity
  8
Slide3
 62
7
100
AcDbLine
 10
675.000015
 20
484.555043
 30
0.0
 11
675.000015
 21
333.431460
 31
0.0
  0
LINE
  5
102
100
AcDbEntity
  8
Slide3
 62
7
100
AcDbLine
 10
675.000015
 20
333.431460
 30
0.0
 11
488.481675
 21
333.431460
 31
0.0
  0
LINE
  5
103
100
AcDbEntity
  8
Slide3
 62
7
100
AcDbLine
 10
488.481675
 20
333.431460
 30
0.0
 11
488.481675
 21
484.555043
 31
0.0
  0
LINE
  5
104
100
AcDbEntity
  8
Slide2
 62
7
100
AcDbLine
 10
112.500000
 20
450.000000
 30
0.0
 11
112.500000
 21
450.000000
 31
0.0
  0
SPLINE
  5
105
100
AcDbEntity
  8
Slide2
 62
7
100
AcDbSpline
 70
0
 71
3
 72
25
 73
21
 74
19
 40
0.000000
 40
0.000000
 40
0.000000
 40
0.000000
 40
14.719403
 40
29.176694
 40
43.896097
 40
58.615501
 40
73.072791
 40
87.792195
 40
102.511598
 40
116.968889
 40
131.688292
 40
146.407696
 40
160.864986
 40
175.584390
 40
185.400948
 40
195.136270
 40
204.952828
 40
214.769386
 40
224.504709
 40
234.321267
 40
234.321267
 40
234.321267
 40
234.321267
 10
112.500000
 20
450.000000
 30
0.0
 10
107.561852
 20
449.430182
 30
0.0
 10
97.773491
 20
448.300694
 30
0.0
 10
85.299689
 20
439.636229
 30
0.0
 10
76.941599
 20
427.247780
 30
0.0
 10
74.028507
 20
412.490567
 30
0.0
 10
76.955275
 20
397.783055
 30
0.0
 10
85.284776
 20
385.284419
 30
0.0
 10
97.781711
 20
376.955346
 30
0.0
 10
112.495527
 20
374.028572
 30
0.0
 10
127.228881
 20
376.941259
 30
0.0
 10
139.706194
 20
385.300972
 30
0.0
 10
148.042805
 20
397.768756
 30
0.0
 10
150.654153
 20
410.870662
 30
0.0
 10
149.136137
 20
422.315952
 30
0.0
 10
145.348676
 20
431.462699
 30
0.0
 10
139.322768
 20
439.331018
 30
0.0
 10
131.464345
 20
445.317462
 30
0.0
 10
122.317524
 20
449.252106
 30
0.0
 10
115.781560
 20
449.750012
 30
0.0
 10
112.500000
 20
450.000000
 30
0.0
 11
112.500000
 21
450.000000
 31
0.0
 11
98.066642
 21
447.112264
 31
0.0
 11
86.045844
 21
439.080224
 31
0.0
 11
77.854518
 21
426.850629
 31
0.0
 11
74.999030
 21
412.410856
 31
0.0
 11
77.819508
 21
398.231358
 31
0.0
 11
85.983496
 21
385.983496
 31
0.0
 11
98.231358
 21
377.819508
 31
0.0
 11
112.410856
 21
374.999030
 31
0.0
 11
126.850629
 21
377.854518
 31
0.0
 11
139.080224
 21
386.045844
 31
0.0
 11
147.112264
 21
398.066642
 31
0.0
 11
150.000000
 21
412.500000
 31
0.0
 11
148.715230
 21
422.232121
 31
0.0
 11
144.989684
 21
431.226386
 31
0.0
 11
139.016504
 21
439.016504
 31
0.0
 11
131.226386
 21
444.989684
 31
0.0
 11
122.232121
 21
448.715230
 31
0.0
 11
112.500000
 21
450.000000
 31
0.0
  0
LINE
  5
106
100
AcDbEntity
  8
Slide2
 62
1
100
AcDbLine
 10
300.000000
 20
450.000000
 30
0.0
 11
300.000000
 21
450.000000
 31
0.0
  0
SPLINE
  5
107
100
AcDbEntity
  8
Slide2
 62
1
100
AcDbSpline
 70
0
 71
3
 72
25
 73
21
 74
19
 40
0.000000
 40
0.000000
 40
0.000000
 40
0.000000
 40
29.010796
 40
54.358617
 40
74.802548
 40
90.330660
 40
105.591018
 40
126.002116
 40
151.822481
 40
180.321389
 40
209.341760
 40
235.136136
 40
255.199891
 40
270.745884
 40
280.811504
 40
292.491213
 40
306.753100
 40
323.439101
 40
341.809374
 40
361.315971
 40
361.315971
 40
361.315971
 40
361.315971
 10
300.000000
 20
450.000000
 30
0.0
 10
290.305002
 20
449.486685
 30
0.0
 10
272.139122
 20
448.524868
 30
0.0
 10
248.195734
 20
440.689710
 30
0.0
 10
230.602913
 20
429.477726
 30
0.0
 10
222.591013
 20
412.489527
 30
0.0
 10
230.594261
 20
395.578337
 30
0.0
 10
248.211541
 20
384.232094
 30
0.0
 10
272.152557
 20
376.690134
 30
0.0
 10
299.994278
 20
374.112398
 30
0.0
 10
327.837007
 20
376.671686
 30
0.0
 10
351.818560
 20
384.253523
 30
0.0
 10
369.396163
 20
395.600689
 30
0.0
 10
376.552453
 20
410.631567
 30
0.0
 10
372.866676
 20
423.160090
 30
0.0
 10
364.703798
 20
432.276506
 30
0.0
 10
352.528624
 20
439.856101
 30
0.0
 10
337.031906
 20
445.559527
 30
0.0
 10
319.142731
 20
449.292775
 30
0.0
 10
306.507267
 20
449.759590
 30
0.0
 10
300.000000
 20
450.000000
 30
0.0
 11
300.000000
 21
450.000000
 31
0.0
 11
271.133284
 21
447.112264
 31
0.0
 11
247.091689
 21
439.080224
 31
0.0
 11
230.709035
 21
426.850629
 31
0.0
 11
224.998061
 21
412.410856
 31
0.0
 11
230.639016
 21
398.231358
 31
0.0
 11
246.966991
 21
385.983496
 31
0.0
 11
271.462717
 21
377.819508
 31
0.0
 11
299.821712
 21
374.999030
 31
0.0
 11
328.701257
 21
377.854518
 31
0.0
 11
353.160448
 21
386.045844
 31
0.0
 11
369.224529
 21
398.066642
 31
0.0
 11
375.000000
 21
412.500000
 31
0.0
 11
372.430460
 21
422.232121
 31
0.0
 11
364.979367
 21
431.226386
 31
0.0
 11
353.033009
 21
439.016504
 31
0.0
 11
337.452772
 21
444.989684
 31
0.0
 11
319.464242
 21
448.715230
 31
0.0
 11
300.000000
 21
450.000000
 31
0.0
  0
LINE
  5
108
100
AcDbEntity
  8
Slide2
 62
3
100
AcDbLine
 10
585.392197
 20
434.736135
 30
0.0
 11
525.000000
 21
412.500000
 31
0.0
  0
LINE
  5
109
100
AcDbEntity
  8
Slide2
 62
3
100
AcDbLine
 10
525.000000
 20
412.500000
 30
0.0
 11
587.314763
 21
391.632142
 31
0.0
  0
LINE
  5
10a
100
AcDbEntity
  8
Slide2
 62
7
100
AcDbLine
 10
75.000000
 20
300.000000
 30
0.0
 11
150.000000
 21
225.000000
 31
0.0
  0
LINE
  5
10b
100
AcDbEntity
  8
Slide2
 62
7
100
AcDbLine
 10
150.000000
 20
225.000000
 30
0.0
 11
225.000000
 21
300.000000
 31
0.0
  0
LINE
  5
10c
100
AcDbEntity
  8
Slide2
 62
7
100
AcDbLine
 10
225.000000
 20
300.000000
 30
0.0
 11
300.000000
 21
225.000000
 31
0.0
  0
SPLINE
  5
10d
100
AcDbEntity
  8
Slide2
 62
3
100
AcDbSpline
 70
0
 71
3
 72
19
 73
15
 74
13
 40
0.000000
 40
0.000000
 40
0.000000
 40
0.000000
 40
25.229507
 40
54.800847
 40
86.334975
 40
115.121403
 40
137.614535
 40
154.642643
 40
171.262440
 40
193.065954
 40
221.348998
 40
252.783952
 40
282.682243
 40
308.562793
 40
308.562793
 40
308.562793
 40
308.562793
 10
587.314763
 20
391.632142
 30
0.0
 10
579.906492
 20
387.528282
 30
0.0
 10
563.815038
 20
378.614312
 30
0.0
 10
534.823599
 20
374.463329
 30
0.0
 10
504.775620
 20
375.231094
 30
0.0
 10
477.765552
 20
382.201524
 30
0.0
 10
457.561218
 20
393.399115
 30
0.0
 10
447.150586
 20
411.387937
 30
0.0
 10
455.810561
 20
430.089688
 30
0.0
 10
475.313194
 20
441.789347
 30
0.0
 10
501.673589
 20
449.310722
 30
0.0
 10
531.639583
 20
450.719221
 30
0.0
 10
560.964913
 20
447.141615
 30
0.0
 10
577.650386
 20
438.667840
 30
0.0
 10
585.392197
 20
434.736135
 30
0.0
 11
587.314763
 21
391.632142
 31
0.0
 11
564.600175
 21
380.651454
 31
0.0
 11
535.504657
 21
375.367987
 31
0.0
 11
503.990903
 21
376.501328
 31
0.0
 11
476.203738
 21
384.020102
 31
0.0
 11
457.357387
 21
396.298376
 31
0.0
 11
450.018645
 21
411.663900
 31
0.0
 11
455.980074
 21
427.177733
 31
0.0
 11
473.712940
 21
439.863896
 31
0.0
 11
500.802098
 21
447.994582
 31
0.0
 11
532.183467
 21
449.829250
 31
0.0
 11
561.721138
 21
445.199587
 31
0.0
 11
585.392197
 21
434.736135
 31
0.0
  0
LINE
  5
10e
100
AcDbEntity
  8
Slide2
 62
3
100
AcDbLine
 10
183.624900
 20
83.144963
 30
0.0
 11
149.620747
 21
89.245807
 31
0.0
  0
LINE
  5
10f
100
AcDbEntity
  8
Slide2
 62
3
100
AcDbLine
 10
149.620747
 20
89.245807
 30
0.0
 11
125.317537
 21
64.692660
 31
0.0
  0
LINE
  5
110
100
AcDbEntity
  8
Slide2
 62
3
100
AcDbLine
 10
125.317537
 20
64.692660
 30
0.0
 11
120.611925
 21
98.917800
 31
0.0
  0
LINE
  5
111
100
AcDbEntity
  8
Slide2
 62
3
100
AcDbLine
 10
120.611925
 20
98.917800
 30
0.0
 11
89.750385
 21
114.444180
 31
0.0
  0
LINE
  5
112
100
AcDbEntity
  8
Slide2
 62
3
100
AcDbLine
 10
89.750385
 20
114.444180
 30
0.0
 11
120.846315
 21
129.495637
 31
0.0
  0
LINE
  5
113
100
AcDbEntity
  8
Slide2
 62
3
100
AcDbLine
 10
120.846315
 20
129.495637
 30
0.0
 11
126.076042
 21
163.644615
 31
0.0
  0
LINE
  5
114
100
AcDbEntity
  8
Slide2
 62
3
100
AcDbLine
 10
126.076042
 20
163.644615
 30
0.0
 11
150.000000
 21
138.721785
 31
0.0
  0
LINE
  5
115
100
AcDbEntity
  8
Slide2
 62
3
100
AcDbLine
 10
150.000000
 20
138.721785
 30
0.0
 11
184.093680
 21
144.300637
 31
0.0
  0
LINE
  5
116
100
AcDbEntity
  8
Slide2
 62
3
100
AcDbLine
 10
184.093680
 20
144.300637
 30
0.0
 11
167.783572
 21
113.846025
 31
0.0
  0
LINE
  5
117
100
AcDbEntity
  8
Slide2
 62
3
100
AcDbLine
 10
167.783572
 20
113.846025
 30
0.0
 11
183.624900
 21
83.144963
 31
0.0
  0
LINE
  5
118
100
AcDbEntity
  8
Slide2
 62
3
100
AcDbLine
 10
333.624900
 20
80.897798
 30
0.0
 11
299.620747
 21
86.998642
 31
0.0
  0
LINE
  5
119
100
AcDbEntity
  8
Slide2
 62
3
100
AcDbLine
 10
299.620747
 20
86.998642
 30
0.0
 11
275.317537
 21
62.445495
 31
0.0
  0
LINE
  5
11a
100
AcDbEntity
  8
Slide2
 62
3
100
AcDbLine
 10
275.317537
 20
62.445495
 30
0.0
 11
270.611925
 21
96.670635
 31
0.0
  0
LINE
  5
11b
100
AcDbEntity
  8
Slide2
 62
3
100
AcDbLine
 10
270.611925
 20
96.670635
 30
0.0
 11
239.750385
 21
112.197015
 31
0.0
  0
LINE
  5
11c
100
AcDbEntity
  8
Slide2
 62
3
100
AcDbLine
 10
239.750385
 20
112.197015
 30
0.0
 11
270.846315
 21
127.248472
 31
0.0
  0
LINE
  5
11d
100
AcDbEntity
  8
Slide2
 62
3
100
AcDbLine
 10
270.846315
 20
127.248472
 30
0.0
 11
276.076042
 21
161.397450
 31
0.0
  0
LINE
  5
11e
100
AcDbEntity
  8
Slide2
 62
3
100
AcDbLine
 10
276.076042
 20
161.397450
 30
0.0
 11
300.000000
 21
136.474620
 31
0.0
  0
LINE
  5
11f
100
AcDbEntity
  8
Slide2
 62
3
100
AcDbLine
 10
300.000000
 20
136.474620
 30
0.0
 11
334.093680
 21
142.053472
 31
0.0
  0
LINE
  5
120
100
AcDbEntity
  8
Slide2
 62
3
100
AcDbLine
 10
334.093680
 20
142.053472
 30
0.0
 11
317.783572
 21
111.598860
 31
0.0
  0
LINE
  5
121
100
AcDbEntity
  8
Slide2
 62
3
100
AcDbLine
 10
317.783572
 20
111.598860
 30
0.0
 11
333.624900
 21
80.897798
 31
0.0
  0
LINE
  5
122
100
AcDbEntity
  8
Slide1
 62
7
100
AcDbLine
 10
75.000000
 20
600.000000
 30
0.0
 11
150.000000
 21
600.000000
 31
0.0
  0
LINE
  5
123
100
AcDbEntity
  8
Slide1
 62
7
100
AcDbLine
 10
150.000000
 20
600.000000
 30
0.0
 11
150.000000
 21
525.000000
 31
0.0
  0
LINE
  5
124
100
AcDbEntity
  8
Slide1
 62
7
100
AcDbLine
 10
150.000000
 20
525.000000
 30
0.0
 11
75.000000
 21
525.000000
 31
0.0
  0
LINE
  5
125
100
AcDbEntity
  8
Slide1
 62
7
100
AcDbLine
 10
75.000000
 20
525.000000
 30
0.0
 11
75.000000
 21
600.000000
 31
0.0
  0
LINE
  5
126
100
AcDbEntity
  8
Slide1
 62
1
100
AcDbLine
 10
225.000000
 20
600.000000
 30
0.0
 11
375.000000
 21
600.000000
 31
0.0
  0
LINE
  5
127
100
AcDbEntity
  8
Slide1
 62
1
100
AcDbLine
 10
375.000000
 20
600.000000
 30
0.0
 11
375.000000
 21
525.000000
 31
0.0
  0
LINE
  5
128
100
AcDbEntity
  8
Slide1
 62
1
100
AcDbLine
 10
375.000000
 20
525.000000
 30
0.0
 11
225.000000
 21
525.000000
 31
0.0
  0
LINE
  5
129
100
AcDbEntity
  8
Slide1
 62
1
100
AcDbLine
 10
225.000000
 20
525.000000
 30
0.0
 11
225.000000
 21
600.000000
 31
0.0
  0
LINE
  5
12a
100
AcDbEntity
  8
Slide1
 62
3
100
AcDbLine
 10
483.707420
 20
600.000000
 30
0.0
 11
566.292580
 21
600.000000
 31
0.0
  0
SPLINE
  5
12b
100
AcDbEntity
  8
Slide2
 62
7
100
AcDbSpline
 70
0
 71
3
 72
16
 73
12
 74
10
 40
0.000000
 40
0.000000
 40
0.000000
 40
0.000000
 40
19.641855
 40
60.655252
 40
116.900966
 40
157.914363
 40
194.132154
 40
235.145551
 40
291.391265
 40
332.404662
 40
352.046517
 40
352.046517
 40
352.046517
 40
352.046517
 10
375.000000
 20
300.000000
 30
0.0
 10
375.648652
 20
293.482054
 30
0.0
 10
377.651731
 20
273.354235
 30
0.0
 10
396.800281
 20
236.572428
 30
0.0
 10
442.770864
 20
217.685125
 30
0.0
 10
496.030996
 20
238.007710
 30
0.0
 10
478.969004
 20
286.992290
 30
0.0
 10
532.229136
 20
307.314875
 30
0.0
 10
578.199719
 20
288.427572
 30
0.0
 10
597.348269
 20
251.645765
 30
0.0
 10
599.351348
 20
231.517946
 30
0.0
 10
600.000000
 20
225.000000
 30
0.0
 11
375.000000
 21
300.000000
 31
0.0
 11
377.777778
 21
280.555556
 31
0.0
 11
397.222222
 21
244.444444
 31
0.0
 11
450.000000
 21
225.000000
 31
0.0
 11
486.111111
 21
244.444444
 31
0.0
 11
488.888889
 21
280.555556
 31
0.0
 11
525.000000
 21
300.000000
 31
0.0
 11
577.777778
 21
280.555556
 31
0.0
 11
597.222222
 21
244.444444
 31
0.0
 11
600.000000
 21
225.000000
 31
0.0
  0
LINE
  5
12c
100
AcDbEntity
  8
Slide1
 62
3
100
AcDbLine
 10
600.000000
 20
570.786901
 30
0.0
 11
600.000000
 21
554.213099
 31
0.0
  0
SPLINE
  5
12d
100
AcDbEntity
  8
Slide1
 62
3
100
AcDbSpline
 70
0
 71
3
 72
13
 73
9
 74
7
 40
0.000000
 40
0.000000
 40
0.000000
 40
0.000000
 40
8.804927
 40
17.394705
 40
25.802080
 40
33.904871
 40
41.670676
 40
49.339603
 40
49.339603
 40
49.339603
 40
49.339603
 10
566.292580
 20
600.000000
 30
0.0
 10
569.234269
 20
599.807758
 30
0.0
 10
575.045765
 20
599.427971
 30
0.0
 10
583.219162
 20
596.409240
 30
0.0
 10
590.291969
 20
591.789973
 30
0.0
 10
595.712344
 20
585.676608
 30
0.0
 10
599.311321
 20
578.516472
 30
0.0
 10
599.771403
 20
573.352621
 30
0.0
 10
600.000000
 20
570.786901
 30
0.0
 11
566.292580
 21
600.000000
 31
0.0
 11
575.040439
 21
598.999144
 31
0.0
 11
583.125065
 21
596.096884
 31
0.0
 11
590.127325
 21
591.443682
 31
0.0
 11
595.496404
 21
585.375055
 31
0.0
 11
598.845166
 21
578.368379
 31
0.0
 11
600.000000
 21
570.786901
 31
0.0
  0
LINE
  5
12e
100
AcDbEntity
  8
Slide1
 62
3
100
AcDbLine
 10
566.292581
 20
525.000000
 30
0.0
 11
483.707420
 21
525.000000
 31
0.0
  0
SPLINE
  5
12f
100
AcDbEntity
  8
Slide1
 62
3
100
AcDbSpline
 70
0
 71
3
 72
13
 73
9
 74
7
 40
0.000000
 40
0.000000
 40
0.000000
 40
0.000000
 40
7.668927
 40
15.434731
 40
23.537523
 40
31.944898
 40
40.534676
 40
49.339603
 40
49.339603
 40
49.339603
 40
49.339603
 10
600.000000
 20
554.213099
 30
0.0
 10
599.771403
 20
551.647379
 30
0.0
 10
599.311321
 20
546.483528
 30
0.0
 10
595.712344
 20
539.323392
 30
0.0
 10
590.291969
 20
533.210027
 30
0.0
 10
583.219162
 20
528.590760
 30
0.0
 10
575.045765
 20
525.572029
 30
0.0
 10
569.234269
 20
525.192242
 30
0.0
 10
566.292581
 20
525.000000
 30
0.0
 11
600.000000
 21
554.213099
 31
0.0
 11
598.845166
 21
546.631621
 31
0.0
 11
595.496404
 21
539.624945
 31
0.0
 11
590.127325
 21
533.556318
 31
0.0
 11
583.125065
 21
528.903116
 31
0.0
 11
575.040439
 21
526.000856
 31
0.0
 11
566.292581
 21
525.000000
 31
0.0
  0
LINE
  5
130
100
AcDbEntity
  8
Slide1
 62
3
100
AcDbLine
 10
450.000000
 20
554.213099
 30
0.0
 11
450.000000
 21
570.786901
 31
0.0
  0
SPLINE
  5
131
100
AcDbEntity
  8
Slide1
 62
3
100
AcDbSpline
 70
0
 71
3
 72
13
 73
9
 74
7
 40
0.000000
 40
0.000000
 40
0.000000
 40
0.000000
 40
8.804927
 40
17.394705
 40
25.802080
 40
33.904871
 40
41.670676
 40
49.339603
 40
49.339603
 40
49.339603
 40
49.339603
 10
483.707420
 20
525.000000
 30
0.0
 10
480.765731
 20
525.192242
 30
0.0
 10
474.954235
 20
525.572029
 30
0.0
 10
466.780838
 20
528.590760
 30
0.0
 10
459.708031
 20
533.210027
 30
0.0
 10
454.287656
 20
539.323392
 30
0.0
 10
450.688679
 20
546.483528
 30
0.0
 10
450.228597
 20
551.647379
 30
0.0
 10
450.000000
 20
554.213099
 30
0.0
 11
483.707420
 21
525.000000
 31
0.0
 11
474.959561
 21
526.000856
 31
0.0
 11
466.874935
 21
528.903116
 31
0.0
 11
459.872675
 21
533.556318
 31
0.0
 11
454.503596
 21
539.624945
 31
0.0
 11
451.154834
 21
546.631621
 31
0.0
 11
450.000000
 21
554.213099
 31
0.0
  0
LINE
  5
132
100
AcDbEntity
  8
Slide1
 62
3
100
AcDbLine
 10
483.707420
 20
600.000000
 30
0.0
 11
483.707420
 21
600.000000
 31
0.0
  0
SPLINE
  5
133
100
AcDbEntity
  8
Slide1
 62
3
100
AcDbSpline
 70
0
 71
3
 72
13
 73
9
 74
7
 40
0.000000
 40
0.000000
 40
0.000000
 40
0.000000
 40
7.668927
 40
15.434731
 40
23.537523
 40
31.944898
 40
40.534676
 40
49.339603
 40
49.339603
 40
49.339603
 40
49.339603
 10
450.000000
 20
570.786901
 30
0.0
 10
450.228597
 20
573.352621
 30
0.0
 10
450.688679
 20
578.516472
 30
0.0
 10
454.287656
 20
585.676608
 30
0.0
 10
459.708031
 20
591.789973
 30
0.0
 10
466.780838
 20
596.409240
 30
0.0
 10
474.954235
 20
599.427971
 30
0.0
 10
480.765731
 20
599.807758
 30
0.0
 10
483.707420
 20
600.000000
 30
0.0
 11
450.000000
 21
570.786901
 31
0.0
 11
451.154834
 21
578.368379
 31
0.0
 11
454.503596
 21
585.375055
 31
0.0
 11
459.872675
 21
591.443682
 31
0.0
 11
466.874935
 21
596.096884
 31
0.0
 11
474.959561
 21
598.999144
 31
0.0
 11
483.707420
 21
600.000000
 31
0.0
  0
ENDSEC
  0
SECTION
  2
OBJECTS
  0
DICTIONARY
  5
C
330
0
100
AcDbDictionary
  3
ACAD_GROUP
350
D
  3
ACAD_MLINESTYLE
350
17
  0
DICTIONARY
  5
D
330
C
100
AcDbDictionary
  0
DICTIONARY
  5
1A
330
C
100
AcDbDictionary
  0
DICTIONARY
  5
17
330
C
100
AcDbDictionary
  3
STANDARD
350
18
  0
DICTIONARY
  5
19
330
C
100
AcDbDictionary
  0
ENDSEC
  0
EOF
