<svg xmlns="http://www.w3.org/2000/svg" xmlns:svg="http://www.w3.org/2000/svg" xmlns:xlink="http://www.w3.org/1999/xlink" xmlns:sodipodi="http://sodipodi.sourceforge.net/DTD/sodipodi-0.dtd" xmlns:inkscape="http://www.inkscape.org/namespaces/inkscape" viewBox="0 0 793.7007874015749 1122.5196850393702" width="793.7007874015749" height="1122.5196850393702">
    <desc>test_input_rotated_ellipse_r14.dxf - scale = 1.000000, origin = (0.000000, 0.000000), method = manual</desc><defs><marker id="DistanceX" orient="auto" refX="0.0" refY="0.0" style="overflow:visible"><path d="M 3,-3 L -3,3 M 0,-5 L  0,5" style="stroke:#000000; stroke-width:0.5"/></marker><pattern id="Hatch" patternUnits="userSpaceOnUse" width="8" height="8" x="0" y="0"><path d="M8 4 l-4,4" stroke="#000000" stroke-width="0.25" linecap="square"/><path d="M6 2 l-4,4" stroke="#000000" stroke-width="0.25" linecap="square"/><path d="M4 0 l-4,4" stroke="#000000" stroke-width="0.25" linecap="square"/></pattern><symbol id="*MODEL_SPACE"/><symbol id="*PAPER_SPACE"/><symbol id="SE"><use xlink:href="#SE1" style="stroke-width:0.500px"/></symbol><symbol id="SE1"><path style="fill:none;stroke:#000000;stroke-linecap:round" d="M 0 0 L 793.701 0"/><path style="fill:none;stroke:#000000;stroke-linecap:round" d="M 793.701 0 L 793.701 1122.52"/><path style="fill:none;stroke:#000000;stroke-linecap:round" d="M 793.701 1122.52 L 0 1122.52"/><path style="fill:none;stroke:#000000;stroke-linecap:round" d="M 0 1122.52 L 0 0"/></symbol><symbol id="SE2"><use xlink:href="#SE3" style="stroke-width:0.500px"/></symbol><symbol id="SE3"><text x="44.626523" y="236.909014" style="font-size: 13.261px; fill: #000000; font-family: Arial; text-anchor: start" sodipodi:linespacing="125%"><tspan sodipodi:role="line" dx="0.000000" dy="13.261261">(B)  a=15mm b=7.5mm ellipse and diveded elliptical arcs </tspan></text><text x="44.626523" y="257.665771" style="font-size: 13.261px; fill: #000000; font-family: Arial; text-anchor: start" sodipodi:linespacing="125%"><tspan sodipodi:role="line" dx="0.000000" dy="13.261261">((A) magnified twice horizontally)</tspan></text></symbol></defs><g inkscape:groupmode="layer" inkscape:label="0"><text x="48.367624" y="45.472096" style="font-size: 13.261px; fill: #000000; font-family: Arial; text-anchor: start" sodipodi:linespacing="125%"><tspan sodipodi:role="line" dx="0.000000" dy="13.261261">there are shapes which shoud be use generate_ellipse function in dxf_input.py</tspan></text><text x="40.796903" y="99.062867" style="font-size: 13.261px; fill: #000000; font-family: Arial; text-anchor: start" sodipodi:linespacing="125%"><tspan sodipodi:role="line" dx="0.000000" dy="13.261261">r=7.5mm circle and diveded arcs whice are rotete 30 degree</tspan></text><path d="M 130.800749,171.603676 A 28.346457,28.346457 -0.000000 0, 0 74.107836,171.603676 A 28.346457,28.346457 -0.000000 0, 0 130.800749,171.603676 z" style="fill:none;stroke:#000000;stroke-linecap: round"/><path d="M 197.366554,185.776905 A 28.346457,28.346457 -0.000000 0 0 197.366554,157.430448" style="fill:none;stroke:#FF0000;stroke-linecap: round"/><path d="M 197.366554,157.430448 A 28.346457,28.346457 -0.000000 1 0 197.366554,185.776905" style="fill:none;stroke:#0000FF;stroke-linecap: round"/><path d="M 276.754811,171.603676 A 28.346457,28.346457 -0.000000 0 0 262.581582,147.054925" style="fill:none;stroke:#FF0000;stroke-linecap: round"/><path d="M 262.581582,147.054925 A 28.346457,28.346457 -0.000000 1 0 276.754811,171.603676" style="fill:none;stroke:#0000FF;stroke-linecap: round"/><path d="M 348.547657,157.430448 A 28.346457,28.346457 -0.000000 0 0 323.998905,143.257220" style="fill:none;stroke:#FF0000;stroke-linecap: round"/><path d="M 323.998905,143.257220 A 28.346457,28.346457 -0.000000 1 0 348.547657,157.430448" style="fill:none;stroke:#0000FF;stroke-linecap: round"/><path d="M 164.562432,317.088069 A 56.692913,28.346457 -0.000000 0, 0 51.176605,317.088069 A 56.692913,28.346457 -0.000000 0, 0 164.562432,317.088069 z" style="fill:none;stroke:#000000;stroke-linecap: round"/><path d="M 297.694043,333.434676 A 56.692913,28.346457 -180.000000 0 0 297.694043,305.088219" style="fill:none;stroke:#FF0000;stroke-linecap: round"/><path d="M 297.694043,305.088219 A 56.692913,28.346457 -0.000000 1 0 297.694043,333.434676" style="fill:none;stroke:#0000FF;stroke-linecap: round"/><path d="M 166.561833,391.501318 A 56.692913,28.346457 -0.000000 0 0 138.215376,366.952567" style="fill:none;stroke:#FF0000;stroke-linecap: round"/><path d="M 138.215376,366.952567 A 56.692913,28.346457 -0.000000 1 0 166.561833,391.501318" style="fill:none;stroke:#0000FF;stroke-linecap: round"/><path d="M 297.694043,377.328090 A 56.692913,28.346457 -0.000000 0 0 248.596540,363.154862" style="fill:none;stroke:#FF0000;stroke-linecap: round"/><path d="M 248.596540,363.154862 A 56.692913,28.346457 -180.000000 1 0 297.694043,377.328090" style="fill:none;stroke:#0000FF;stroke-linecap: round"/><text x="44.626523" y="443.991462" style="font-size: 13.261px; fill: #000000; font-family: Arial; text-anchor: start" sodipodi:linespacing="125%"><tspan sodipodi:role="line" dx="0.000000" dy="13.261261">(C)  a=30mm b=15mm ellipse and diveded elliptical arcs rotete ((B) rotated)</tspan></text><path d="M 337.172779,319.261448 A 56.692913,28.346457 -0.000000 0 0 450.558606,319.261448" style="fill:none;stroke:#FF0000;stroke-linecap: round"/><path d="M 450.558606,319.261448 A 56.692913,28.346457 -0.000000 0 0 337.172779,319.261448" style="fill:none;stroke:#0000FF;stroke-linecap: round"/><path d="M 393.865692,360.116094 A 56.692913,28.346457 -0.000000 0 0 393.865692,416.809008" style="fill:none;stroke:#0000FF;stroke-linecap: round"/><path d="M 393.865692,416.809008 A 56.692913,28.346457 -180.000000 0 0 393.865692,360.116094" style="fill:none;stroke:#FF0000;stroke-linecap: round"/><path d="M 473.103506,147.054925 A 28.346457,28.346457 -0.000000 0 0 458.930278,171.603676" style="fill:none;stroke:#FF0000;stroke-linecap: round"/><path d="M 458.930278,171.603676 A 28.346457,28.346457 -0.000000 1 0 473.103506,147.054925" style="fill:none;stroke:#0000FF;stroke-linecap: round"/><path d="M 411.686183,143.257220 A 28.346457,28.346457 -0.000000 0 0 387.137432,157.430448" style="fill:none;stroke:#FF0000;stroke-linecap: round"/><path d="M 387.137432,157.430448 A 28.346457,28.346457 -0.000000 1 0 411.686183,143.257220" style="fill:none;stroke:#0000FF;stroke-linecap: round"/><path d="M 487.162330,305.088219 A 56.692913,28.346457 -0.000000 0 0 487.162330,333.434676" style="fill:none;stroke:#FF0000;stroke-linecap: round"/><path d="M 487.162330,333.434676 A 56.692913,28.346457 -180.000000 1 0 487.162330,305.088219" style="fill:none;stroke:#0000FF;stroke-linecap: round"/><path d="M 646.640997,366.952567 A 56.692913,28.346457 -0.000000 0 0 618.294540,391.501318" style="fill:none;stroke:#FF0000;stroke-linecap: round"/><path d="M 618.294540,391.501318 A 56.692913,28.346457 -180.000000 1 0 646.640997,366.952567" style="fill:none;stroke:#0000FF;stroke-linecap: round"/><path d="M 536.259833,363.154862 A 56.692913,28.346457 -0.000000 0 0 487.162330,377.328090" style="fill:none;stroke:#FF0000;stroke-linecap: round"/><path d="M 487.162330,377.328090 A 56.692913,28.346457 -180.000000 1 0 536.259833,363.154862" style="fill:none;stroke:#0000FF;stroke-linecap: round"/><path d="M 156.967022,492.038436 A 56.692913,28.346457 -30.000000 0, 0 58.772016,548.731350 A 56.692913,28.346457 -30.000000 0, 0 156.967022,492.038436 z" style="fill:none;stroke:#000000;stroke-linecap: round"/><path d="M 298.202839,510.283895 A 56.692913,28.346457 150.000000 0 0 284.029611,485.735144" style="fill:none;stroke:#FF0000;stroke-linecap: round"/><path d="M 284.029611,485.735144 A 56.692913,28.346457 -30.000000 1 0 298.202839,510.283895" style="fill:none;stroke:#0000FF;stroke-linecap: round"/><path d="M 158.966422,566.451685 A 56.692913,28.346457 -30.000000 0 0 122.143295,559.365071" style="fill:none;stroke:#FF0000;stroke-linecap: round"/><path d="M 122.143295,559.365071 A 56.692913,28.346457 -30.000000 1 0 158.966422,566.451685" style="fill:none;stroke:#0000FF;stroke-linecap: round"/><path d="M 284.029611,557.975014 A 56.692913,28.346457 -30.000000 0 0 234.423311,570.249390" style="fill:none;stroke:#FF0000;stroke-linecap: round"/><path d="M 234.423311,570.249390 A 56.692913,28.346457 150.000000 1 0 284.029611,557.975014" style="fill:none;stroke:#0000FF;stroke-linecap: round"/><path d="M 344.768189,550.904728 A 56.692913,28.346457 -30.000000 0 0 442.963196,494.211814" style="fill:none;stroke:#FF0000;stroke-linecap: round"/><path d="M 442.963196,494.211814 A 56.692913,28.346457 -30.000000 0 0 344.768189,550.904728" style="fill:none;stroke:#0000FF;stroke-linecap: round"/><path d="M 379.692464,567.210623 A 56.692913,28.346457 -30.000000 0 0 408.038921,616.308126" style="fill:none;stroke:#0000FF;stroke-linecap: round"/><path d="M 408.038921,616.308126 A 56.692913,28.346457 150.000000 1 0 379.692464,567.210623" style="fill:none;stroke:#FF0000;stroke-linecap: round"/><path d="M 486.653534,534.832647 A 56.692913,28.346457 -30.000000 0 0 500.826762,559.381399" style="fill:none;stroke:#FF0000;stroke-linecap: round"/><path d="M 500.826762,559.381399 A 56.692913,28.346457 150.000000 1 0 486.653534,534.832647" style="fill:none;stroke:#0000FF;stroke-linecap: round"/><path d="M 638.164326,587.711528 A 56.692913,28.346457 -30.000000 0 0 625.889950,623.144599" style="fill:none;stroke:#FF0000;stroke-linecap: round"/><path d="M 625.889950,623.144599 A 56.692913,28.346457 150.000000 1 0 638.164326,587.711528" style="fill:none;stroke:#0000FF;stroke-linecap: round"/><path d="M 522.086604,570.249390 A 56.692913,28.346457 -30.000000 0 0 486.653534,607.072518" style="fill:none;stroke:#FF0000;stroke-linecap: round"/><path d="M 486.653534,607.072518 A 56.692913,28.346457 150.000000 1 0 522.086604,570.249390" style="fill:none;stroke:#0000FF;stroke-linecap: round"/><path d="M 107.869519,749.351746 A 56.692913,28.346457 90.000000 0, 0 107.869519,635.965919 A 56.692913,28.346457 90.000000 0, 0 107.869519,749.351746 z" style="fill:none;stroke:#000000;stroke-linecap: round"/><path d="M 262.769768,645.734707 A 56.692913,28.346457 90.000000 0 0 234.423311,645.734707" style="fill:none;stroke:#FF0000;stroke-linecap: round"/><path d="M 234.423311,645.734707 A 56.692913,28.346457 -90.000000 1 0 262.769768,645.734707" style="fill:none;stroke:#0000FF;stroke-linecap: round"/><path d="M 109.868919,760.897855 A 56.692913,28.346457 90.000000 0 0 85.320168,789.244311" style="fill:none;stroke:#FF0000;stroke-linecap: round"/><path d="M 85.320168,789.244311 A 56.692913,28.346457 -90.000000 1 0 109.868919,760.897855" style="fill:none;stroke:#0000FF;stroke-linecap: round"/><path d="M 234.423311,768.493265 A 56.692913,28.346457 90.000000 0 0 220.250083,817.590768" style="fill:none;stroke:#FF0000;stroke-linecap: round"/><path d="M 220.250083,817.590768 A 56.692913,28.346457 90.000000 1 0 234.423311,768.493265" style="fill:none;stroke:#0000FF;stroke-linecap: round"/><path d="M 393.865692,751.525124 A 56.692913,28.346457 90.000000 0 0 393.865692,638.139297" style="fill:none;stroke:#FF0000;stroke-linecap: round"/><path d="M 393.865692,638.139297 A 56.692913,28.346457 90.000000 0 0 393.865692,751.525124" style="fill:none;stroke:#0000FF;stroke-linecap: round"/><path d="M 365.519236,814.552001 A 56.692913,28.346457 -90.000000 0 0 422.212149,814.552001" style="fill:none;stroke:#0000FF;stroke-linecap: round"/><path d="M 422.212149,814.552001 A 56.692913,28.346457 90.000000 0 0 365.519236,814.552001" style="fill:none;stroke:#FF0000;stroke-linecap: round"/><path d="M 522.086604,743.929714 A 56.692913,28.346457 -90.000000 0 0 550.433061,743.929714" style="fill:none;stroke:#FF0000;stroke-linecap: round"/><path d="M 550.433061,743.929714 A 56.692913,28.346457 90.000000 1 0 522.086604,743.929714" style="fill:none;stroke:#0000FF;stroke-linecap: round"/><path d="M 650.438702,845.937225 A 56.692913,28.346457 90.000000 0 0 674.987453,874.283682" style="fill:none;stroke:#FF0000;stroke-linecap: round"/><path d="M 674.987453,874.283682 A 56.692913,28.346457 90.000000 1 0 650.438702,845.937225" style="fill:none;stroke:#0000FF;stroke-linecap: round"/><path d="M 507.913376,817.590768 A 56.692913,28.346457 90.000000 0 0 522.086604,866.688271" style="fill:none;stroke:#FF0000;stroke-linecap: round"/><path d="M 522.086604,866.688271 A 56.692913,28.346457 -90.000000 1 0 507.913376,817.590768" style="fill:none;stroke:#0000FF;stroke-linecap: round"/><path d="M 136.215976,984.987277 A 56.692913,28.346457 60.000000 0, 0 79.523062,886.792271 A 56.692913,28.346457 60.000000 0, 0 136.215976,984.987277 z" style="fill:none;stroke:#000000;stroke-linecap: round"/><path d="M 236.322164,888.456853 A 56.692913,28.346457 60.000000 0 0 211.773412,902.630081" style="fill:none;stroke:#FF0000;stroke-linecap: round"/><path d="M 211.773412,902.630081 A 56.692913,28.346457 -120.000000 1 0 236.322164,888.456853" style="fill:none;stroke:#0000FF;stroke-linecap: round"/><path d="M 81.522462,994.176711 A 56.692913,28.346457 60.000000 0 0 74.435848,1030.999838" style="fill:none;stroke:#FF0000;stroke-linecap: round"/><path d="M 74.435848,1030.999838 A 56.692913,28.346457 -120.000000 1 0 81.522462,994.176711" style="fill:none;stroke:#0000FF;stroke-linecap: round"/><path d="M 211.773412,1007.841143 A 56.692913,28.346457 60.000000 0 0 224.047788,1057.447443" style="fill:none;stroke:#FF0000;stroke-linecap: round"/><path d="M 224.047788,1057.447443 A 56.692913,28.346457 60.000000 1 0 211.773412,1007.841143" style="fill:none;stroke:#0000FF;stroke-linecap: round"/><path d="M 422.212149,987.160655 A 56.692913,28.346457 60.000000 0 0 365.519236,888.965649" style="fill:none;stroke:#FF0000;stroke-linecap: round"/><path d="M 365.519236,888.965649 A 56.692913,28.346457 60.000000 0 0 422.212149,987.160655" style="fill:none;stroke:#0000FF;stroke-linecap: round"/><path d="M 369.316941,1054.408675 A 56.692913,28.346457 -120.000000 0 0 418.414444,1026.062219" style="fill:none;stroke:#0000FF;stroke-linecap: round"/><path d="M 418.414444,1026.062219 A 56.692913,28.346457 60.000000 0 0 369.316941,1054.408675" style="fill:none;stroke:#FF0000;stroke-linecap: round"/><path d="M 548.534209,987.669451 A 56.692913,28.346457 -120.000000 0 0 573.082960,973.496223" style="fill:none;stroke:#FF0000;stroke-linecap: round"/><path d="M 573.082960,973.496223 A 56.692913,28.346457 60.000000 1 0 548.534209,987.669451" style="fill:none;stroke:#0000FF;stroke-linecap: round"/><path d="M 667.900839,1080.097342 A 56.692913,28.346457 60.000000 0 0 703.333910,1092.371717" style="fill:none;stroke:#FF0000;stroke-linecap: round"/><path d="M 703.333910,1092.371717 A 56.692913,28.346457 60.000000 1 0 667.900839,1080.097342" style="fill:none;stroke:#0000FF;stroke-linecap: round"/><path d="M 511.711081,1057.447443 A 56.692913,28.346457 60.000000 0 0 548.534209,1092.880513" style="fill:none;stroke:#FF0000;stroke-linecap: round"/><path d="M 548.534209,1092.880513 A 56.692913,28.346457 -120.000000 1 0 511.711081,1057.447443" style="fill:none;stroke:#0000FF;stroke-linecap: round"/><path d="M 564.286631,143.257220 A 28.346457,28.346457 -0.000000 0 0 564.286631,199.950133" style="fill:none;stroke:#FF0000;stroke-linecap: round"/><path d="M 564.286631,199.950133 A 28.346457,28.346457 -0.000000 0 0 564.286631,143.257220" style="fill:none;stroke:#0000FF;stroke-linecap: round"/><path d="M 611.860264,171.603676 A 28.346457,28.346457 -0.000000 0 0 668.553177,171.603676" style="fill:none;stroke:#FF0000;stroke-linecap: round"/><path d="M 668.553177,171.603676 A 28.346457,28.346457 -0.000000 0 0 611.860264,171.603676" style="fill:none;stroke:#0000FF;stroke-linecap: round"/><use xlink:href="#SE" style="stroke-width:0.500px"/><use xlink:href="#SE2" style="stroke-width:0.500px"/></g></svg>