<svg xmlns="http://www.w3.org/2000/svg" xmlns:svg="http://www.w3.org/2000/svg" xmlns:xlink="http://www.w3.org/1999/xlink" xmlns:sodipodi="http://sodipodi.sourceforge.net/DTD/sodipodi-0.dtd" xmlns:inkscape="http://www.inkscape.org/namespaces/inkscape" viewBox="0 0 793.7007874015749 1122.5196850393702" width="793.7007874015749" height="1122.5196850393702">
    <desc>CADTextHeight.dxf - scale = 1.000000, origin = (0.000000, 0.000000), method = manual</desc><defs><marker id="DistanceX" orient="auto" refX="0.0" refY="0.0" style="overflow:visible"><path d="M 3,-3 L -3,3 M 0,-5 L  0,5" style="stroke:#000000; stroke-width:0.5"/></marker><pattern id="Hatch" patternUnits="userSpaceOnUse" width="8" height="8" x="0" y="0"><path d="M8 4 l-4,4" stroke="#000000" stroke-width="0.25" linecap="square"/><path d="M6 2 l-4,4" stroke="#000000" stroke-width="0.25" linecap="square"/><path d="M4 0 l-4,4" stroke="#000000" stroke-width="0.25" linecap="square"/></pattern><symbol id="*MODEL_SPACE"/><symbol id="*PAPER_SPACE"/></defs><g inkscape:groupmode="layer" inkscape:label="0"/><g inkscape:groupmode="layer" inkscape:label="OUTLINE"/><g inkscape:groupmode="layer" inkscape:label="AXIS"/><g inkscape:groupmode="layer" inkscape:label="DIMENSION"><path style="fill:none;stroke:#FF0000" d="M 508.724 660.722 L 510.595 650.092"/><path style="fill:none;stroke:#FF0000" d="M 506.854 650.092 L 508.724 660.722"/><path style="fill:none;stroke:#FF0000" d="M 508.724 668.976 L 506.854 679.606"/><path style="fill:none;stroke:#FF0000" d="M 510.595 679.606 L 508.724 668.976"/><path style="fill:none;stroke:#FF0000" d="M 340.157 696.945 L 350.787 698.816"/><path style="fill:none;stroke:#FF0000" d="M 350.787 695.074 L 340.157 696.945"/><path style="fill:none;stroke:#FF0000" d="M 445.977 696.945 L 435.347 695.074"/><path style="fill:none;stroke:#FF0000" d="M 435.347 698.816 L 445.977 696.945"/><path style="fill:none;stroke:#FF0000" d="M 534.425 696.945 L 545.055 698.816"/><path style="fill:none;stroke:#FF0000" d="M 545.055 695.074 L 534.425 696.945"/><path style="fill:none;stroke:#FF0000" d="M 529.134 696.945 L 518.504 695.074"/><path style="fill:none;stroke:#FF0000" d="M 518.504 698.816 L 529.134 696.945"/><path style="fill:none;stroke:#FF0000" d="M 319.748 668.976 L 321.619 658.346"/><path style="fill:none;stroke:#FF0000" d="M 317.877 658.346 L 319.748 668.976"/><path style="fill:none;stroke:#FF0000" d="M 319.748 503.86 L 317.877 514.49"/><path style="fill:none;stroke:#FF0000" d="M 321.619 514.49 L 319.748 503.86"/><path style="fill:none;stroke:#FF0000" d="M 319.748 668.976 L 319.748 503.86"/><path style="fill:none;stroke:#FF0000" d="M 513.189 696.945 L 529.134 696.945"/><path style="fill:none;stroke:#FF0000" d="M 534.425 696.945 L 566.506 696.945"/><path style="fill:none;stroke:#FF0000" d="M 340.157 696.945 L 445.977 696.945"/><path style="fill:none;stroke:#FF0000" d="M 508.724 684.921 L 508.724 668.976"/><path style="fill:none;stroke:#FF0000" d="M 508.724 660.722 L 508.724 613.596"/><text x="504.944882" y="647.524356" style="font-size: 11.999px; fill: #FF0000; font-family: Arial; text-anchor: start" transform="rotate (-90.000000 504.944882 647.524356)" sodipodi:linespacing="125%"><tspan sodipodi:role="line" dx="0.000000" dy="0.000000">2.184</tspan></text><path style="fill:none;stroke:#FF0000" d="M 508.724 668.976 L 508.724 660.722"/><path style="fill:none;stroke:#FF0000" d="M 525.354 660.722 L 504.945 660.722"/><path style="fill:none;stroke:#FF0000" d="M 525.354 668.976 L 504.945 668.976"/><text x="378.350478" y="693.165354" style="font-size: 11.999px; fill: #FF0000; font-family: Arial; text-anchor: start" sodipodi:linespacing="125%"><tspan sodipodi:role="line" dx="0.000000" dy="0.000000">27.998</tspan></text><path style="fill:none;stroke:#FF0000" d="M 445.977 672.756 L 445.977 700.724"/><path style="fill:none;stroke:#FF0000" d="M 340.157 672.756 L 340.157 700.724"/><text x="545.929159" y="693.165354" style="font-size: 11.999px; fill: #FF0000; font-family: Arial; text-anchor: start" sodipodi:linespacing="125%"><tspan sodipodi:role="line" dx="0.000000" dy="0.000000">1.4</tspan></text><path style="fill:none;stroke:#FF0000" d="M 529.134 696.945 L 534.425 696.945"/><path style="fill:none;stroke:#FF0000" d="M 534.425 672.756 L 534.425 700.724"/><path style="fill:none;stroke:#FF0000" d="M 529.134 672.756 L 529.134 700.724"/><text x="315.968504" y="601.634169" style="font-size: 11.999px; fill: #FF0000; font-family: Arial; text-anchor: start" transform="rotate (-90.000000 315.968504 601.634169)" sodipodi:linespacing="125%"><tspan sodipodi:role="line" dx="0.000000" dy="0.000000">43.687</tspan></text><path style="fill:none;stroke:#FF0000" d="M 336.378 503.86 L 315.969 503.86"/><path style="fill:none;stroke:#FF0000" d="M 336.378 668.976 L 315.969 668.976"/></g><g inkscape:groupmode="layer" inkscape:label="HATCH"/><g inkscape:groupmode="layer" inkscape:label="AUXILARY"/><g inkscape:groupmode="layer" inkscape:label="INVISIBLE"/><g inkscape:groupmode="layer" inkscape:label="TEXT"><text x="504.944882" y="421.447559" style="font-size: 15.999px; fill: #FF0000; font-family: Arial; text-anchor: start" sodipodi:linespacing="125%"><tspan sodipodi:role="line" dx="0.000000" dy="0.000000">Text height for L: 2.25</tspan></text><text x="504.944882" y="406.197165" style="font-size: 15.999px; fill: #FF0000; font-family: Arial; text-anchor: start" sodipodi:linespacing="125%"><tspan sodipodi:role="line" dx="0.000000" dy="0.000000">CAD</tspan></text><text x="315.968504" y="421.447559" style="font-size: 15.999px; fill: #FF0000; font-family: Arial; text-anchor: start" sodipodi:linespacing="125%"><tspan sodipodi:role="line" dx="0.000000" dy="0.000000">Text height for L: 45.0</tspan></text><text x="315.968504" y="406.197165" style="font-size: 15.999px; fill: #FF0000; font-family: Arial; text-anchor: start" sodipodi:linespacing="125%"><tspan sodipodi:role="line" dx="0.000000" dy="0.000000">CAD</tspan></text><text x="315.968504" y="469.825512" style="font-size: 15.999px; fill: #FF0000; font-family: Arial; text-anchor: start" sodipodi:linespacing="125%"><tspan sodipodi:role="line" dx="0.000000" dy="0.000000">CAD text height 3 mm corresponds to 12 pt = 16 px in svg</tspan></text><text x="315.968504" y="454.575118" style="font-size: 15.999px; fill: #FF0000; font-family: Arial; text-anchor: start" sodipodi:linespacing="125%"><tspan sodipodi:role="line" dx="0.000000" dy="0.000000">Text written in this file:</tspan></text><text x="315.968504" y="789.921260" style="font-size: 15.999px; fill: #FF0000; font-family: Arial; text-anchor: start" sodipodi:linespacing="125%"><tspan sodipodi:role="line" dx="0.000000" dy="0.000000">text scale factor = (240 x 25.4)/(45.0 x 96) = 1.411...</tspan></text><text x="340.157480" y="741.543307" style="font-size: 15.999px; fill: #FF0000; font-family: Arial; text-anchor: start" sodipodi:linespacing="125%"><tspan sodipodi:role="line" dx="0.000000" dy="0.000000">180 pt = 240 px</tspan></text><text x="504.944882" y="741.543307" style="font-size: 15.999px; fill: #FF0000; font-family: Arial; text-anchor: start" sodipodi:linespacing="125%"><tspan sodipodi:role="line" dx="0.000000" dy="0.000000">9 pt = 12 px</tspan></text><text x="528.153839" y="668.986157" style="font-size: 11.999px; fill: #FF0000; font-family: Arial; text-anchor: start" sodipodi:linespacing="125%"><tspan sodipodi:role="line" dx="0.000000" dy="0.000000">L</tspan></text><text x="320.469418" y="669.152500" style="font-size: 239.981px; fill: #FF0000; font-family: Arial; text-anchor: start" sodipodi:linespacing="125%"><tspan sodipodi:role="line" dx="0.000000" dy="0.000000">L</tspan></text></g><g inkscape:groupmode="layer" inkscape:label="T1"/><g inkscape:groupmode="layer" inkscape:label="T2"/><g inkscape:groupmode="layer" inkscape:label="T5"/><g inkscape:groupmode="layer" inkscape:label="T8"/><g inkscape:groupmode="layer" inkscape:label="DASH"/><g inkscape:groupmode="layer" inkscape:label="DASHT1"/><g inkscape:groupmode="layer" inkscape:label="HATCHT3"/></svg>