<svg xmlns="http://www.w3.org/2000/svg" xmlns:svg="http://www.w3.org/2000/svg" xmlns:xlink="http://www.w3.org/1999/xlink" xmlns:sodipodi="http://sodipodi.sourceforge.net/DTD/sodipodi-0.dtd" xmlns:inkscape="http://www.inkscape.org/namespaces/inkscape" viewBox="0 0 793.7007874015749 1122.5196850393702" width="793.7007874015749" height="1122.5196850393702">
    <desc>color.dxf - scale = 1.000000, origin = (0.000000, 0.000000), method = manual</desc><defs><marker id="DistanceX" orient="auto" refX="0.0" refY="0.0" style="overflow:visible"><path d="M 3,-3 L -3,3 M 0,-5 L  0,5" style="stroke:#000000; stroke-width:0.5"/></marker><pattern id="Hatch" patternUnits="userSpaceOnUse" width="8" height="8" x="0" y="0"><path d="M8 4 l-4,4" stroke="#000000" stroke-width="0.25" linecap="square"/><path d="M6 2 l-4,4" stroke="#000000" stroke-width="0.25" linecap="square"/><path d="M4 0 l-4,4" stroke="#000000" stroke-width="0.25" linecap="square"/></pattern><symbol id="*Model_Space"/><symbol id="*Paper_Space"/><symbol id="foo"><path style="fill:none;stroke:#000000;stroke-linecap:round" d="M 1.88976 1123.46 L 39.685 1123.46"/><path style="fill:none;stroke:#000000;stroke-linecap:round" d="M 1.88976 1115.91 L 39.685 1115.91"/><path style="fill:none;stroke:#7F7F00;stroke-linecap:round" d="M 1.88976 1100.79 L 39.685 1100.79"/><path style="fill:none;stroke:#FF00FF;stroke-linecap:round" d="M 1.88976 1108.35 L 39.685 1108.35"/></symbol></defs><g inkscape:groupmode="layer" inkscape:label="0"><path style="fill:none;stroke:#D6D6D6;stroke-linecap:round" d="M 25.5118 1120.63 L 25.5118 1082.83"/><path style="fill:none;stroke:#007F00;stroke-linecap:round" d="M 33.0709 1120.63 L 33.0709 1082.83"/><path style="fill:none;stroke:#000000;stroke-linecap:round" d="M 17.9528 1120.63 L 17.9528 1082.83"/></g><g inkscape:groupmode="layer" inkscape:label="blue_layer"><path style="fill:none;stroke:#0000FF;stroke-linecap:round" d="M 10.3937 1120.63 L 10.3937 1082.83"/></g><g inkscape:groupmode="layer" inkscape:label="cyan_layer"><use xlink:href="#foo" style="stroke-width:0.500px" transform="translate(-2.18013, -42.5125)"/></g><g inkscape:groupmode="layer" inkscape:label="magenta_layer"><path style="fill:none;stroke:#FF00FF;stroke-linecap:round" d="M 2.83465 1120.63 L 2.83465 1082.83"/></g></svg>