GIMP Palette
Name: 
#
  0   0   0 #000000
  0   0 255 BLUE
 46  52  54 #2E3436
 52 101 164 #3465A4
 92  53 102 #5C3566
114 159 207 #729FCF
117  80 123 #75507B
204   0   0 #CC0000
255   0   0 RED
