<!-- Created with Inkscape (http://www.inkscape.org/) --><svg xmlns:dc="http://purl.org/dc/elements/1.1/" xmlns:cc="http://creativecommons.org/ns#" xmlns:rdf="http://www.w3.org/1999/02/22-rdf-syntax-ns#" xmlns:svg="http://www.w3.org/2000/svg" xmlns="http://www.w3.org/2000/svg" version="1.1" width="793.7007874" height="1122.519685">
<ns0:namedview xmlns:ns0="http://sodipodi.sourceforge.net/DTD/sodipodi-0.dtd"/><svg:g id="box5815" transform="translate(-442.205, -34.3937)"><svg:path id="box5815-inner-close-tab" d="M 720.983 0 C 743.433 0 755.906 14.9669 755.906 44.9008 L 755.906 49.8898 L 0 49.8898 L 0 44.9008 C 0 14.9669 12.4724 0 34.9228 0 Z" style="fill:none;stroke:#000000;stroke-width:1.0"/><svg:path id="box5815-upper-close-tab" d="M 0 49.8898 L 755.906 49.8898 L 755.906 133.039 L 0 133.039 Z" style="fill:none;stroke:#000000;stroke-width:1.0"/><svg:path id="box5815-upper-right-tab" d="M 755.906 49.8898 L 822.425 49.8898 L 839.055 116.409 L 839.055 133.039 L 755.906 133.039 Z" style="fill:none;stroke:#000000;stroke-width:1.0"/><svg:path id="box5815-upper-left-tab" d="M 1678.11 49.8898 L 1611.59 49.8898 L 1594.96 116.409 L 1594.96 133.039 L 1678.11 133.039 Z" style="fill:none;stroke:#000000;stroke-width:1.0"/><svg:path id="box5815-left-tab" d="M 0 133.039 L -41.5748 153.827 L -41.5748 868.157 L 0 888.945 Z" style="fill:none;stroke:#000000;stroke-width:1.0"/><svg:path id="box5815-front" d="M 0 133.039 L 755.906 133.039 L 755.906 888.945 L 0 888.945 Z" style="fill:none;stroke:#000000;stroke-width:1.0"/><svg:path id="box5815-right" d="M 755.906 133.039 L 839.055 133.039 L 839.055 888.945 L 755.906 888.945 Z" style="fill:none;stroke:#000000;stroke-width:1.0"/><svg:path id="box5815-back" d="M 839.055 133.039 L 1594.96 133.039 L 1594.96 888.945 L 839.055 888.945 Z" style="fill:none;stroke:#000000;stroke-width:1.0"/><svg:path id="box5815-line" d="M 1594.96 133.039 L 1678.11 133.039 L 1678.11 888.945 L 1594.96 888.945 Z" style="fill:none;stroke:#000000;stroke-width:1.0"/><svg:path id="box5815-bottom-front-tab" d="M 0 888.945 L 0 930.52 L 755.906 930.52 L 755.906 888.945 Z" style="fill:none;stroke:#000000;stroke-width:1.0"/><svg:path id="box5815-bottom-right-tab" d="M 755.906 888.945 L 755.906 1191.31 L 839.055 1191.31 L 839.055 888.945 Z" style="fill:none;stroke:#000000;stroke-width:1.0"/><svg:path id="box5815-bottom-back-tab" d="M 839.055 888.945 L 839.055 930.52 L 1594.96 930.52 L 1594.96 888.945 Z" style="fill:none;stroke:#000000;stroke-width:1.0"/><svg:path id="box5815-bottom-left-tab" d="M 1594.96 888.945 L 1594.96 1191.31 L 1678.11 1191.31 L 1678.11 888.945 Z" style="fill:none;stroke:#000000;stroke-width:1.0"/></svg:g></svg>