<!-- Created with Inkscape (http://www.inkscape.org/) --><svg xmlns:ns1="https://launchpad.net/jessyink" xmlns:dc="http://purl.org/dc/elements/1.1/" xmlns:cc="http://creativecommons.org/ns#" xmlns:rdf="http://www.w3.org/1999/02/22-rdf-syntax-ns#" xmlns:svg="http://www.w3.org/2000/svg" xmlns="http://www.w3.org/2000/svg" xmlns:xlink="http://www.w3.org/1999/xlink" xmlns:sodipodi="http://sodipodi.sourceforge.net/DTD/sodipodi-0.dtd" xmlns:inkscape="http://www.inkscape.org/namespaces/inkscape" width="1000" height="1000" viewBox="0 0 1000 1000" version="1.1" id="svg8" inkscape:version="0.92.4 5da689c313, 2019-01-14" sodipodi:docname="test.svg">
  <defs id="defs33">
    <marker inkscape:stockid="Arrow2Lstart" orient="auto" refY="0.0" refX="0.0" id="Arrow2Lstart" style="overflow:visible" inkscape:isstock="true">
      <path id="path859" style="fill-rule:evenodd;stroke-width:0.625;stroke-linejoin:round;stroke:#000000;stroke-opacity:1;fill:#000000;fill-opacity:1" d="M 8.7185878,4.0337352 L -2.2072895,0.016013256 L 8.7185884,-4.0017078 C 6.9730900,-1.6296469 6.9831476,1.6157441 8.7185878,4.0337352 z " transform="scale(1.1) translate(1,0)"/>
    </marker>
  </defs>
  <sodipodi:namedview pagecolor="#ffffff" bordercolor="#666666" borderopacity="1" objecttolerance="10" gridtolerance="10" guidetolerance="10" inkscape:pageopacity="0" inkscape:pageshadow="2" inkscape:window-width="1920" inkscape:window-height="1017" id="base" showgrid="true" inkscape:snap-text-baseline="true" inkscape:zoom="0.6675088" inkscape:cx="202.7349" inkscape:cy="481.16986" inkscape:window-x="0" inkscape:window-y="0" inkscape:window-maximized="1" inkscape:current-layer="webslicer-layer">
    <inkscape:grid type="xygrid" id="grid27" spacingx="10" spacingy="10" empspacing="10" color="#8080ff" opacity="0.25098039" empcolor="#0000ff" empopacity="0.25098039"/>
  </sodipodi:namedview>
  <g inkscape:groupmode="layer" id="webslicer-layer" inkscape:label="Slide3" style="display:inline">
    <rect height="201.49811" width="248.69112" y="353.92661" x="651.3089" id="slicerect1" style="opacity:0.5;fill:#ff0000;stroke-width:1.11927199">
      <desc id="desc51">format: png
dpi: 96
layout-disposition: bg-el-norepeat
layout-position-anchor: tl</desc>
    </rect>
  <svg:g inkscape:label="GridCartesian:X6:Y5" transform="translate(-11135.8, -8967.65)"><svg:g inkscape:label="MajorXGridlines"><svg:path style="fill:none;stroke:#000000;stroke-width:75.59055118110236" d="M 3779.53 0 L 3779.53 18897.6" inkscape:label="MajorXDiv1"/><svg:path style="fill:none;stroke:#000000;stroke-width:75.59055118110236" d="M 7559.06 0 L 7559.06 18897.6" inkscape:label="MajorXDiv2"/><svg:path style="fill:none;stroke:#000000;stroke-width:75.59055118110236" d="M 11338.6 0 L 11338.6 18897.6" inkscape:label="MajorXDiv3"/><svg:path style="fill:none;stroke:#000000;stroke-width:75.59055118110236" d="M 15118.1 0 L 15118.1 18897.6" inkscape:label="MajorXDiv4"/><svg:path style="fill:none;stroke:#000000;stroke-width:75.59055118110236" d="M 18897.6 0 L 18897.6 18897.6" inkscape:label="MajorXDiv5"/></svg:g><svg:g inkscape:label="MajorYGridlines"><svg:path style="fill:none;stroke:#000000;stroke-width:75.59055118110236" d="M 0 3779.53 L 22677.2 3779.53" inkscape:label="MajorYDiv1"/><svg:path style="fill:none;stroke:#000000;stroke-width:75.59055118110236" d="M 0 7559.06 L 22677.2 7559.06" inkscape:label="MajorYDiv2"/><svg:path style="fill:none;stroke:#000000;stroke-width:75.59055118110236" d="M 0 11338.6 L 22677.2 11338.6" inkscape:label="MajorYDiv3"/><svg:path style="fill:none;stroke:#000000;stroke-width:75.59055118110236" d="M 0 15118.1 L 22677.2 15118.1" inkscape:label="MajorYDiv4"/></svg:g><svg:g inkscape:label="MinorXGridlines"><svg:path style="fill:none;stroke:#000000;stroke-width:37.79527559055118" d="M 1889.76 0 L 1889.76 18897.6" inkscape:label="MinorXDiv0:1"/><svg:path style="fill:none;stroke:#000000;stroke-width:37.79527559055118" d="M 5669.29 0 L 5669.29 18897.6" inkscape:label="MinorXDiv1:1"/><svg:path style="fill:none;stroke:#000000;stroke-width:37.79527559055118" d="M 9448.82 0 L 9448.82 18897.6" inkscape:label="MinorXDiv2:1"/><svg:path style="fill:none;stroke:#000000;stroke-width:37.79527559055118" d="M 13228.3 0 L 13228.3 18897.6" inkscape:label="MinorXDiv3:1"/><svg:path style="fill:none;stroke:#000000;stroke-width:37.79527559055118" d="M 17007.9 0 L 17007.9 18897.6" inkscape:label="MinorXDiv4:1"/><svg:path style="fill:none;stroke:#000000;stroke-width:37.79527559055118" d="M 20787.4 0 L 20787.4 18897.6" inkscape:label="MinorXDiv5:1"/></svg:g><svg:g inkscape:label="SubMinorXGridlines"><svg:path style="fill:none;stroke:#000000;stroke-width:11.338582677165354" d="M 377.953 0 L 377.953 18897.6" inkscape:label="SubminorXDiv0:0:1"/><svg:path style="fill:none;stroke:#000000;stroke-width:11.338582677165354" d="M 755.906 0 L 755.906 18897.6" inkscape:label="SubminorXDiv0:0:2"/><svg:path style="fill:none;stroke:#000000;stroke-width:11.338582677165354" d="M 1133.86 0 L 1133.86 18897.6" inkscape:label="SubminorXDiv0:0:3"/><svg:path style="fill:none;stroke:#000000;stroke-width:11.338582677165354" d="M 1511.81 0 L 1511.81 18897.6" inkscape:label="SubminorXDiv0:0:4"/><svg:path style="fill:none;stroke:#000000;stroke-width:11.338582677165354" d="M 2267.72 0 L 2267.72 18897.6" inkscape:label="SubminorXDiv0:1:1"/><svg:path style="fill:none;stroke:#000000;stroke-width:11.338582677165354" d="M 2645.67 0 L 2645.67 18897.6" inkscape:label="SubminorXDiv0:1:2"/><svg:path style="fill:none;stroke:#000000;stroke-width:11.338582677165354" d="M 3023.62 0 L 3023.62 18897.6" inkscape:label="SubminorXDiv0:1:3"/><svg:path style="fill:none;stroke:#000000;stroke-width:11.338582677165354" d="M 3401.57 0 L 3401.57 18897.6" inkscape:label="SubminorXDiv0:1:4"/><svg:path style="fill:none;stroke:#000000;stroke-width:11.338582677165354" d="M 4157.48 0 L 4157.48 18897.6" inkscape:label="SubminorXDiv1:0:1"/><svg:path style="fill:none;stroke:#000000;stroke-width:11.338582677165354" d="M 4535.43 0 L 4535.43 18897.6" inkscape:label="SubminorXDiv1:0:2"/><svg:path style="fill:none;stroke:#000000;stroke-width:11.338582677165354" d="M 4913.39 0 L 4913.39 18897.6" inkscape:label="SubminorXDiv1:0:3"/><svg:path style="fill:none;stroke:#000000;stroke-width:11.338582677165354" d="M 5291.34 0 L 5291.34 18897.6" inkscape:label="SubminorXDiv1:0:4"/><svg:path style="fill:none;stroke:#000000;stroke-width:11.338582677165354" d="M 6047.24 0 L 6047.24 18897.6" inkscape:label="SubminorXDiv1:1:1"/><svg:path style="fill:none;stroke:#000000;stroke-width:11.338582677165354" d="M 6425.2 0 L 6425.2 18897.6" inkscape:label="SubminorXDiv1:1:2"/><svg:path style="fill:none;stroke:#000000;stroke-width:11.338582677165354" d="M 6803.15 0 L 6803.15 18897.6" inkscape:label="SubminorXDiv1:1:3"/><svg:path style="fill:none;stroke:#000000;stroke-width:11.338582677165354" d="M 7181.1 0 L 7181.1 18897.6" inkscape:label="SubminorXDiv1:1:4"/><svg:path style="fill:none;stroke:#000000;stroke-width:11.338582677165354" d="M 7937.01 0 L 7937.01 18897.6" inkscape:label="SubminorXDiv2:0:1"/><svg:path style="fill:none;stroke:#000000;stroke-width:11.338582677165354" d="M 8314.96 0 L 8314.96 18897.6" inkscape:label="SubminorXDiv2:0:2"/><svg:path style="fill:none;stroke:#000000;stroke-width:11.338582677165354" d="M 8692.91 0 L 8692.91 18897.6" inkscape:label="SubminorXDiv2:0:3"/><svg:path style="fill:none;stroke:#000000;stroke-width:11.338582677165354" d="M 9070.87 0 L 9070.87 18897.6" inkscape:label="SubminorXDiv2:0:4"/><svg:path style="fill:none;stroke:#000000;stroke-width:11.338582677165354" d="M 9826.77 0 L 9826.77 18897.6" inkscape:label="SubminorXDiv2:1:1"/><svg:path style="fill:none;stroke:#000000;stroke-width:11.338582677165354" d="M 10204.7 0 L 10204.7 18897.6" inkscape:label="SubminorXDiv2:1:2"/><svg:path style="fill:none;stroke:#000000;stroke-width:11.338582677165354" d="M 10582.7 0 L 10582.7 18897.6" inkscape:label="SubminorXDiv2:1:3"/><svg:path style="fill:none;stroke:#000000;stroke-width:11.338582677165354" d="M 10960.6 0 L 10960.6 18897.6" inkscape:label="SubminorXDiv2:1:4"/><svg:path style="fill:none;stroke:#000000;stroke-width:11.338582677165354" d="M 11716.5 0 L 11716.5 18897.6" inkscape:label="SubminorXDiv3:0:1"/><svg:path style="fill:none;stroke:#000000;stroke-width:11.338582677165354" d="M 12094.5 0 L 12094.5 18897.6" inkscape:label="SubminorXDiv3:0:2"/><svg:path style="fill:none;stroke:#000000;stroke-width:11.338582677165354" d="M 12472.4 0 L 12472.4 18897.6" inkscape:label="SubminorXDiv3:0:3"/><svg:path style="fill:none;stroke:#000000;stroke-width:11.338582677165354" d="M 12850.4 0 L 12850.4 18897.6" inkscape:label="SubminorXDiv3:0:4"/><svg:path style="fill:none;stroke:#000000;stroke-width:11.338582677165354" d="M 13606.3 0 L 13606.3 18897.6" inkscape:label="SubminorXDiv3:1:1"/><svg:path style="fill:none;stroke:#000000;stroke-width:11.338582677165354" d="M 13984.3 0 L 13984.3 18897.6" inkscape:label="SubminorXDiv3:1:2"/><svg:path style="fill:none;stroke:#000000;stroke-width:11.338582677165354" d="M 14362.2 0 L 14362.2 18897.6" inkscape:label="SubminorXDiv3:1:3"/><svg:path style="fill:none;stroke:#000000;stroke-width:11.338582677165354" d="M 14740.2 0 L 14740.2 18897.6" inkscape:label="SubminorXDiv3:1:4"/><svg:path style="fill:none;stroke:#000000;stroke-width:11.338582677165354" d="M 15496.1 0 L 15496.1 18897.6" inkscape:label="SubminorXDiv4:0:1"/><svg:path style="fill:none;stroke:#000000;stroke-width:11.338582677165354" d="M 15874 0 L 15874 18897.6" inkscape:label="SubminorXDiv4:0:2"/><svg:path style="fill:none;stroke:#000000;stroke-width:11.338582677165354" d="M 16252 0 L 16252 18897.6" inkscape:label="SubminorXDiv4:0:3"/><svg:path style="fill:none;stroke:#000000;stroke-width:11.338582677165354" d="M 16629.9 0 L 16629.9 18897.6" inkscape:label="SubminorXDiv4:0:4"/><svg:path style="fill:none;stroke:#000000;stroke-width:11.338582677165354" d="M 17385.8 0 L 17385.8 18897.6" inkscape:label="SubminorXDiv4:1:1"/><svg:path style="fill:none;stroke:#000000;stroke-width:11.338582677165354" d="M 17763.8 0 L 17763.8 18897.6" inkscape:label="SubminorXDiv4:1:2"/><svg:path style="fill:none;stroke:#000000;stroke-width:11.338582677165354" d="M 18141.7 0 L 18141.7 18897.6" inkscape:label="SubminorXDiv4:1:3"/><svg:path style="fill:none;stroke:#000000;stroke-width:11.338582677165354" d="M 18519.7 0 L 18519.7 18897.6" inkscape:label="SubminorXDiv4:1:4"/><svg:path style="fill:none;stroke:#000000;stroke-width:11.338582677165354" d="M 19275.6 0 L 19275.6 18897.6" inkscape:label="SubminorXDiv5:0:1"/><svg:path style="fill:none;stroke:#000000;stroke-width:11.338582677165354" d="M 19653.5 0 L 19653.5 18897.6" inkscape:label="SubminorXDiv5:0:2"/><svg:path style="fill:none;stroke:#000000;stroke-width:11.338582677165354" d="M 20031.5 0 L 20031.5 18897.6" inkscape:label="SubminorXDiv5:0:3"/><svg:path style="fill:none;stroke:#000000;stroke-width:11.338582677165354" d="M 20409.4 0 L 20409.4 18897.6" inkscape:label="SubminorXDiv5:0:4"/><svg:path style="fill:none;stroke:#000000;stroke-width:11.338582677165354" d="M 21165.4 0 L 21165.4 18897.6" inkscape:label="SubminorXDiv5:1:1"/><svg:path style="fill:none;stroke:#000000;stroke-width:11.338582677165354" d="M 21543.3 0 L 21543.3 18897.6" inkscape:label="SubminorXDiv5:1:2"/><svg:path style="fill:none;stroke:#000000;stroke-width:11.338582677165354" d="M 21921.3 0 L 21921.3 18897.6" inkscape:label="SubminorXDiv5:1:3"/><svg:path style="fill:none;stroke:#000000;stroke-width:11.338582677165354" d="M 22299.2 0 L 22299.2 18897.6" inkscape:label="SubminorXDiv5:1:4"/></svg:g><svg:g inkscape:label="SubMinorYGridlines"><svg:path style="fill:none;stroke:#000000;stroke-width:11.338582677165354" d="M 0 755.906 L 22677.2 755.906" inkscape:label="SubminorXDiv0:0:1"/><svg:path style="fill:none;stroke:#000000;stroke-width:11.338582677165354" d="M 0 1511.81 L 22677.2 1511.81" inkscape:label="SubminorXDiv0:0:2"/><svg:path style="fill:none;stroke:#000000;stroke-width:11.338582677165354" d="M 0 2267.72 L 22677.2 2267.72" inkscape:label="SubminorXDiv0:0:3"/><svg:path style="fill:none;stroke:#000000;stroke-width:11.338582677165354" d="M 0 3023.62 L 22677.2 3023.62" inkscape:label="SubminorXDiv0:0:4"/><svg:path style="fill:none;stroke:#000000;stroke-width:11.338582677165354" d="M 0 4535.43 L 22677.2 4535.43" inkscape:label="SubminorXDiv1:0:1"/><svg:path style="fill:none;stroke:#000000;stroke-width:11.338582677165354" d="M 0 5291.34 L 22677.2 5291.34" inkscape:label="SubminorXDiv1:0:2"/><svg:path style="fill:none;stroke:#000000;stroke-width:11.338582677165354" d="M 0 6047.24 L 22677.2 6047.24" inkscape:label="SubminorXDiv1:0:3"/><svg:path style="fill:none;stroke:#000000;stroke-width:11.338582677165354" d="M 0 6803.15 L 22677.2 6803.15" inkscape:label="SubminorXDiv1:0:4"/><svg:path style="fill:none;stroke:#000000;stroke-width:11.338582677165354" d="M 0 8314.96 L 22677.2 8314.96" inkscape:label="SubminorXDiv2:0:1"/><svg:path style="fill:none;stroke:#000000;stroke-width:11.338582677165354" d="M 0 9070.87 L 22677.2 9070.87" inkscape:label="SubminorXDiv2:0:2"/><svg:path style="fill:none;stroke:#000000;stroke-width:11.338582677165354" d="M 0 9826.77 L 22677.2 9826.77" inkscape:label="SubminorXDiv2:0:3"/><svg:path style="fill:none;stroke:#000000;stroke-width:11.338582677165354" d="M 0 10582.7 L 22677.2 10582.7" inkscape:label="SubminorXDiv2:0:4"/><svg:path style="fill:none;stroke:#000000;stroke-width:11.338582677165354" d="M 0 12094.5 L 22677.2 12094.5" inkscape:label="SubminorXDiv3:0:1"/><svg:path style="fill:none;stroke:#000000;stroke-width:11.338582677165354" d="M 0 12850.4 L 22677.2 12850.4" inkscape:label="SubminorXDiv3:0:2"/><svg:path style="fill:none;stroke:#000000;stroke-width:11.338582677165354" d="M 0 13606.3 L 22677.2 13606.3" inkscape:label="SubminorXDiv3:0:3"/><svg:path style="fill:none;stroke:#000000;stroke-width:11.338582677165354" d="M 0 14362.2 L 22677.2 14362.2" inkscape:label="SubminorXDiv3:0:4"/><svg:path style="fill:none;stroke:#000000;stroke-width:11.338582677165354" d="M 0 15874 L 22677.2 15874" inkscape:label="SubminorXDiv4:0:1"/><svg:path style="fill:none;stroke:#000000;stroke-width:11.338582677165354" d="M 0 16629.9 L 22677.2 16629.9" inkscape:label="SubminorXDiv4:0:2"/><svg:path style="fill:none;stroke:#000000;stroke-width:11.338582677165354" d="M 0 17385.8 L 22677.2 17385.8" inkscape:label="SubminorXDiv4:0:3"/><svg:path style="fill:none;stroke:#000000;stroke-width:11.338582677165354" d="M 0 18141.7 L 22677.2 18141.7" inkscape:label="SubminorXDiv4:0:4"/></svg:g><svg:rect height="18897.63779527559" width="22677.165354330707" x="0" y="0" style="fill:none;stroke:#000000;stroke-width:113.38582677165354" inkscape:label="Border"/></svg:g></g>
  <g inkscape:groupmode="layer" id="layer2" inkscape:label="Slide2" style="display:inline">
    <circle style="display:inline;fill:#000080;stroke:none" id="c1" cx="150" cy="450" r="50" inkscape:label="#path3736"/>
    <ellipse style="display:inline;fill:none;stroke:#ff0000;stroke-width:16" id="c2" cx="400" cy="450" rx="100" ry="50" inkscape:label="#path3738"/>
    <path style="display:inline;fill:#ffff00;stroke:#008000;stroke-width:16" id="c3" sodipodi:type="arc" sodipodi:cx="700" sodipodi:cy="450" sodipodi:rx="100" sodipodi:ry="50" sodipodi:start="0.59013865" sodipodi:end="5.6484511" d="m 783.08635,477.82381 a 100,50 0 0 1 -111.09848,20.17442 100,50 0 0 1 -71.96301,-46.88343 100,50 0 0 1 67.71127,-48.44091 100,50 0 0 1 112.7868,17.67793 L 700,450 Z" inkscape:label="#path3740"/>
    <path style="display:inline;fill:none;stroke:#000000;stroke-width:10;marker-start:url(#Arrow2Lstart)" d="M 100,600 200,700 300,600 400,700" id="p1" inkscape:connector-curvature="0" inkscape:label="#path3746"/>
    <path style="display:inline;fill:none;stroke:#000000;stroke-width:10" d="m 500,600 c 0,0 0,100 100,100 100,0 0,-100 100,-100 100,0 100,100 100,100" id="p2" inkscape:connector-curvature="0" inkscape:label="#path3748"/>
    <path sodipodi:type="star" style="display:inline;fill:#ffff00;stroke:#008000;stroke-width:10" id="s1" sodipodi:sides="5" sodipodi:cx="189.03001" sodipodi:cy="847.93945" sodipodi:r1="69.364868" sodipodi:r2="34.682434" sodipodi:arg1="0.63598373" sodipodi:arg2="1.2643023" inkscape:flatsided="false" inkscape:rounded="0" inkscape:randomized="0" d="m 244.8332,889.14005 -45.33887,-8.13446 -32.40428,32.73753 -6.27415,-45.63352 -41.14872,-20.70184 41.46124,-20.06861 6.97297,-45.53197 31.89861,33.23044 45.45824,-7.43847 -21.74681,40.60615 z" inkscape:transform-center-x="6.4673011" inkscape:transform-center-y="-0.16430137"/>
    <use style="display:inline" x="0" y="0" xlink:href="#s1" inkscape:transform-center-x="6.4673011" inkscape:transform-center-y="-0.16430137" id="u1" transform="translate(200,2.9962152)" width="100%" height="100%" inkscape:label="#use3808"/>
  </g>
  <g inkscape:label="Slide1" inkscape:groupmode="layer" id="layer1" style="display:inline">
    <text xml:space="preserve" style="font-size:14.66666698px;line-height:1.25;font-family:sans-serif;fill:#000000;stroke:none" x="100" y="100" id="t1" inkscape:label="#text12"><tspan sodipodi:role="line" id="tspan10" x="100" y="100">Hello World</tspan></text>
    <flowRoot xml:space="preserve" id="t4" style="font-size:40px;line-height:1.25;font-family:sans-serif;fill:#000000;stroke:none" transform="matrix(0.26458333,0,0,0.26458333,372.02961,28.904505)" inkscape:label="#flowRoot14"><flowRegion id="flowRegion16"><rect id="rect18" width="264.5675" height="262.16187" x="105.71429" y="219.66254"/></flowRegion><flowPara id="flowPara20" style="font-size:55.43307114px">flow text which wraps</flowPara></flowRoot>    <text xml:space="preserve" style="font-size:14.66666698px;line-height:1.25;font-family:sans-serif;fill:#000000;stroke:none" x="200" y="100" id="t2" inkscape:label="#text3727"><tspan sodipodi:role="line" id="tspan3725" x="200" y="100" style="font-size:14.66666698px">UPPER</tspan></text>
    <text xml:space="preserve" style="font-size:10.58333302px;line-height:1.25;font-family:sans-serif;fill:#000000;stroke:none" x="300" y="100" id="t3" inkscape:label="#text3735"><tspan sodipodi:role="line" id="tspan3733" x="300" y="100" style="font-size:14.66666698px">Multi line</tspan><tspan sodipodi:role="line" x="300" y="118.33334" id="tspan3737" style="font-size:14.66666698px">text</tspan><tspan sodipodi:role="line" x="300" y="136.66667" id="tspan3739" style="font-size:14.66666698px">FOO</tspan></text>
    <g id="t5" transform="translate(445.71038,-129.64807)" inkscape:label="#g3772">
      <text id="text3762" y="229.64807" x="54.289616" style="font-size:10.58333302px;line-height:1.25;font-family:sans-serif;fill:#000000;stroke:none" xml:space="preserve"><tspan y="229.64807" x="54.289616" id="tspan3760" sodipodi:role="line" style="font-size:14.66666698px">Grouped</tspan></text>
      <text id="text3766" y="259.64807" x="54.289619" style="font-size:14.66666698px;line-height:1.25;font-family:sans-serif;fill:#000000;stroke:none" xml:space="preserve"><tspan y="259.64807" x="54.289619" id="tspan3764" sodipodi:role="line" style="font-size:14.66666698px">text</tspan></text>
    </g>
    <rect style="fill:#000080;stroke:none" id="r1" width="100" height="100" x="100" y="200" inkscape:label="#rect3732"/>
    <rect style="fill:none;stroke:#ff0000;stroke-width:16" id="r2" width="200" height="100" x="300" y="200" inkscape:label="#rect3734"/>
    <rect style="fill:#ffff00;stroke:#008000;stroke-width:16" id="r3" width="200" height="100" x="600" y="200" ry="38.950798" rx="44.943226" inkscape:label="#rect3744"/>
  </g>
  <script ns1:version="1.5.5" id="JessyInk">// dummy
</script>
</svg>