<!-- Created with Inkscape (http://www.inkscape.org/) --><svg xmlns:inkscape="http://www.inkscape.org/namespaces/inkscape" xmlns:sodipodi="http://sodipodi.sourceforge.net/DTD/sodipodi-0.dtd" xmlns="http://www.w3.org/2000/svg" xmlns:svg="http://www.w3.org/2000/svg" width="210mm" height="297mm" viewBox="0 0 210 297" version="1.1" id="svg5" inkscape:version="1.2-alpha (0bd5040, 2022-02-05)" sodipodi:docname="drawing.svg">
  <sodipodi:namedview id="namedview7" pagecolor="#ffffff" bordercolor="#666666" borderopacity="1.0" inkscape:pageshadow="2" inkscape:pageopacity="0.0" inkscape:pagecheckerboard="0" inkscape:blackoutopacity="0.0" inkscape:document-units="mm" showgrid="false" inkscape:zoom="0.22315867" inkscape:cx="3150.2249" inkscape:cy="522.05007" inkscape:window-width="2488" inkscape:window-height="1376" inkscape:window-x="1992" inkscape:window-y="27" inkscape:window-maximized="1" inkscape:current-layer="layer1" showguides="true">
    <inkscape:page x="0" y="0" width="210" height="297" id="page1328"/>
    <inkscape:page x="220" y="0" width="210" height="297" id="page1330"/>
    <inkscape:page x="440" y="0" width="210" height="297" id="page1332"/>
    <inkscape:page x="660" y="0" width="210" height="297" id="page1334"/>
    <inkscape:page x="880" y="0" width="210" height="297" id="page1336"/>
    <inkscape:page x="1100" y="0" width="210" height="297" id="page1338"/>
    <inkscape:page x="1399.8914" y="-323.24356" width="210" height="297" id="page1404"/>
    <sodipodi:guide position="210,297" orientation="0.70710678,-0.70710678" id="guide1647"/>
  <sodipodi:guide position="0,297" orientation="0,210"/><sodipodi:guide position="210,0" orientation="0,210"/><sodipodi:guide position="0,297" orientation="297,0"/><sodipodi:guide position="210,0" orientation="297,0"/><sodipodi:guide position="0,264" orientation="0,210"/><sodipodi:guide position="0,66" orientation="0,210"/><sodipodi:guide position="46.6667,0" orientation="297,0"/><sodipodi:guide position="186.667,0" orientation="297,0"/><sodipodi:guide position="220,297" orientation="297,0"/><sodipodi:guide position="430,0" orientation="297,0"/><sodipodi:guide position="243.333,0" orientation="297,0"/><sodipodi:guide position="383.333,0" orientation="297,0"/><sodipodi:guide position="440,297" orientation="297,0"/><sodipodi:guide position="650,0" orientation="297,0"/><sodipodi:guide position="486.667,0" orientation="297,0"/><sodipodi:guide position="626.667,0" orientation="297,0"/><sodipodi:guide position="660,297" orientation="297,0"/><sodipodi:guide position="870,0" orientation="297,0"/><sodipodi:guide position="683.333,0" orientation="297,0"/><sodipodi:guide position="823.333,0" orientation="297,0"/><sodipodi:guide position="880,297" orientation="297,0"/><sodipodi:guide position="1090,0" orientation="297,0"/><sodipodi:guide position="926.667,0" orientation="297,0"/><sodipodi:guide position="1066.67,0" orientation="297,0"/><sodipodi:guide position="1100,297" orientation="297,0"/><sodipodi:guide position="1310,0" orientation="297,0"/><sodipodi:guide position="1123.33,0" orientation="297,0"/><sodipodi:guide position="1263.33,0" orientation="297,0"/><sodipodi:guide position="1399.89,620.244" orientation="0,210"/><sodipodi:guide position="1609.89,323.244" orientation="0,210"/><sodipodi:guide position="1399.89,620.244" orientation="297,0"/><sodipodi:guide position="1609.89,323.244" orientation="297,0"/><sodipodi:guide position="1399.89,587.244" orientation="0,210"/><sodipodi:guide position="1399.89,389.244" orientation="0,210"/><sodipodi:guide position="1446.56,323.244" orientation="297,0"/><sodipodi:guide position="1586.56,323.244" orientation="297,0"/></sodipodi:namedview>
  <defs id="defs2"/>
  <g inkscape:label="Layer 1" inkscape:groupmode="layer" id="layer1"/>
</svg>