<svg xmlns="http://www.w3.org/2000/svg" xmlns:svg="http://www.w3.org/2000/svg" xmlns:xlink="http://www.w3.org/1999/xlink" xmlns:sodipodi="http://sodipodi.sourceforge.net/DTD/sodipodi-0.dtd" xmlns:inkscape="http://www.inkscape.org/namespaces/inkscape" viewBox="0 0 203.2 296.99999999932" width="203.2mm" height="296.99999999932mm">
    <g inkscape:groupmode="layer"><g><path d="M 0 297 L 0 294.75" style="fill:none;stroke-dasharray:none;stroke-linejoin:miter;stroke-miterlimit:5;stroke-linecap:butt;stroke:black;stroke-width:0.35"/><path d="M 38.575 290 L 38.45 290.025 L 38.35 290.125 L 38.325 290.2 L 26.325 288.05 L 26.35 288.2 L 26.4 288.275 L 17.825 296.95 L 17.775 296.825 L 17.775 296.7 L 17.85 296.575 L 17.95 296.525 L 17.975 296.525 L 16.325 284.45 L 16.2 284.5 L 16.125 284.575 L 5.25 279.1 L 5.325 279 L 5.45 278.95 L 5.575 279 L 5.675 279.075 L 5.675 279.1 L 16.65 273.8 L 16.575 273.7 L 16.475 273.65 L 18.325 261.6 L 18.425 261.65 L 18.525 261.775 L 18.525 261.9 L 18.45 262.025 L 26.9 270.825 L 26.95 270.7 L 26.975 270.6 L 39 268.625 L 38.975 268.775 L 38.9 268.875 L 38.775 268.925 L 38.65 268.9 L 38.625 268.9 L 32.875 279.65 L 33 279.675 L 33.1 279.65 L 38.7 290.475 L 38.575 290.5 L 38.425 290.45 L 38.35 290.35 L 38.325 290.225 L 38.325 290.2 L 37.35 290.025" style="fill:none;stroke-dasharray:none;stroke-linejoin:miter;stroke-miterlimit:5;stroke-linecap:butt;stroke:black;stroke-width:0.35"/><path d="M 105.85 213.7 L 105.85 213.85 L 105.925 213.95 L 106.05 214 L 106.1 214 L 106.15 215.125 L 106.175 215.125 L 106.3 216.45 L 106.55 218.125 L 106.95 220.125 L 106.975 220.125 L 107.55 222.375 L 107.575 222.35 L 107.95 223.55 L 107.95 223.525 L 108.4 224.75 L 108.925 225.975 L 109.5 227.2 L 109.525 227.2 L 110.175 228.45 L 110.2 228.425 L 110.925 229.65 L 110.95 229.65 L 111.775 230.85 L 112.7 232.025 L 112.725 232.025 L 113.725 233.175 L 113.75 233.15 L 114.875 234.25 L 114.875 234.225 L 116.1 235.275 L 116.125 235.25 L 117.45 236.225 L 117.475 236.2 L 118.925 237.1 L 118.925 237.075 L 120.5 237.875 L 120.525 237.85 L 122.225 238.575 L 122.225 238.55 L 124.05 239.15 L 124.05 239.125 L 126.025 239.625 L 126.025 239.6 L 128.15 239.95 L 128.15 239.925 L 130.4 240.15 L 132.8 240.225 L 132.8 240.2 L 135.125 240.125 L 135.125 240.1 L 137.175 239.875 L 138.075 239.7 L 138.925 239.5 L 138.925 239.475 L 139.7 239.25 L 140.425 239 L 140.425 238.975 L 141.1 238.7 L 141.1 238.675 L 141.7 238.35 L 142.25 238 L 142.25 237.975 L 142.75 237.625 L 142.75 237.6 L 143.2 237.225 L 143.175 237.2 L 143.6 236.8 L 143.575 236.775 L 143.95 236.35 L 143.95 236.325 L 144.275 235.875 L 144.25 235.85 L 144.8 234.9 L 144.775 234.875 L 145.175 233.85 L 145.15 233.825 L 145.45 232.725 L 145.425 232.725 L 145.625 231.6 L 145.6 231.6 L 145.725 230.4 L 145.7 230.4 L 145.775 229.2 L 145.75 229.2 L 145.775 226.725 L 145.8 224.25 L 145.825 224.25 L 145.875 223.05 L 145.9 223.05 L 146 221.875 L 146.025 221.875 L 146.225 220.725 L 146.25 220.75 L 146.55 219.65 L 146.575 219.65 L 146.975 218.625 L 147 218.625 L 147.55 217.675 L 147.575 217.675 L 147.9 217.225 L 147.925 217.25 L 148.3 216.8 L 148.3 216.825 L 148.725 216.4 L 148.75 216.425 L 149.2 216.025 L 149.2 216.05 L 149.725 215.675 L 149.725 215.7 L 150.3 215.35 L 150.3 215.375 L 150.925 215.05 L 150.925 215.075 L 151.6 214.8 L 152.325 214.55 L 153.125 214.325 L 153.125 214.35 L 153.975 214.15 L 153.975 214.175 L 154.9 214 L 154.9 214.025 L 156.925 213.8 L 156.925 213.825 L 159.25 213.75 L 161.65 213.825 L 161.65 213.85 L 163.925 214.075 L 163.9 214.1 L 166.025 214.45 L 166.025 214.475 L 167.975 214.95 L 167.975 214.975 L 169.8 215.575 L 171.5 216.275 L 171.5 216.3 L 173.075 217.1 L 173.075 217.125 L 174.525 218.025 L 174.5 218.025 L 175.85 219 L 175.825 219.025 L 177.05 220.05 L 178.175 221.15 L 178.15 221.175 L 179.175 222.3 L 179.15 222.325 L 180.075 223.5 L 180.9 224.725 L 180.875 224.725 L 181.625 225.95 L 182.275 227.2 L 182.85 228.45 L 182.825 228.45 L 183.35 229.675 L 183.325 229.675 L 183.775 230.9 L 184.15 232.075 L 184.125 232.075 L 184.725 234.325 L 184.7 234.325 L 185.1 236.325 L 185.325 238.025 L 185.45 239.325 L 185.425 239.325 L 185.475 240.45" style="fill:none;stroke-dasharray:none;stroke-linejoin:miter;stroke-miterlimit:5;stroke-linecap:butt;stroke:black;stroke-width:0.35"/><path d="M 0.275 214 L 0.4 213.95 L 0.425 213.925 L 26.9 240.375 L 26.95 240.275 L 26.95 240.125 L 26.9 240.025 L 53.35 213.575 L 53.425 213.7 L 53.425 213.825 L 53.35 213.925 L 79.8 240.375" style="fill:none;stroke-dasharray:none;stroke-linejoin:miter;stroke-miterlimit:5;stroke-linecap:butt;stroke:black;stroke-width:0.35"/><path d="M 181.175 181.6 L 181.05 181.675 L 180.925 181.675 L 180.8 181.6 L 180.775 181.575 L 179.525 182.425 L 179.5 182.425 L 178.125 183.225 L 178.125 183.2 L 176.625 183.95 L 176.625 183.925 L 175.025 184.6 L 175 184.6 L 173.325 185.2 L 173.325 185.175 L 171.55 185.725 L 171.55 185.7 L 169.7 186.175 L 169.7 186.15 L 167.8 186.55 L 167.8 186.525 L 165.825 186.85 L 163.825 187.075 L 161.775 187.225 L 159.7 187.3 L 159.7 187.275 L 157.625 187.275 L 155.525 187.175 L 153.425 187 L 151.35 186.725 L 149.325 186.375 L 147.375 185.95 L 145.5 185.45 L 145.5 185.425 L 143.75 184.875 L 142.1 184.25 L 142.1 184.225 L 140.55 183.55 L 140.55 183.525 L 139.125 182.8 L 139.125 182.775 L 137.8 182 L 137.825 181.975 L 136.625 181.125 L 136.65 181.125 L 135.575 180.225 L 135.6 180.225 L 134.675 179.275 L 134.7 179.275 L 133.925 178.3 L 133.95 178.3 L 133.325 177.3 L 133.35 177.275 L 132.9 176.25 L 132.925 176.25 L 132.625 175.2 L 132.65 175.175 L 132.525 174.1 L 132.575 174.1 L 132.6 173.025 L 132.65 173.05 L 132.85 171.975 L 132.9 172 L 133.275 170.95 L 133.3 170.975 L 133.825 169.95 L 133.85 169.975 L 134.55 169 L 134.575 169.025 L 135.4 168.075 L 135.425 168.1 L 136.4 167.175 L 136.4 167.2 L 137.525 166.325 L 137.525 166.35 L 138.775 165.525 L 138.775 165.55 L 140.15 164.775 L 141.65 164.075 L 143.25 163.425 L 143.275 163.425 L 144.975 162.85 L 146.8 162.325 L 148.7 161.875 L 148.725 161.875 L 150.725 161.5 L 152.775 161.2 L 154.85 161 L 156.95 160.875 L 159.025 160.825 L 161.1 160.875 L 163.15 161 L 165.175 161.2 L 167.175 161.475 L 169.1 161.825 L 169.1 161.85 L 171 162.25 L 170.975 162.275 L 172.8 162.775 L 174.55 163.35 L 174.525 163.35 L 176.2 164 L 176.175 164 L 177.75 164.7 L 177.725 164.725 L 179.2 165.5 L 179.175 165.5 L 180.525 166.35 L 180.425 166.45 L 180.3 166.475 L 180.175 166.425 L 180.075 166.325 L 180.075 166.3 L 158.775 174.15 L 158.85 174.25 L 158.975 174.3 L 159.1 174.3 L 159.2 174.2 L 159.25 174.15 L 181.225 181.5 L 181.15 181.625 L 181.025 181.675 L 180.9 181.65 L 180.8 181.575 L 180.775 181.575 L 179.95 182.125" style="fill:none;stroke-dasharray:none;stroke-linejoin:miter;stroke-miterlimit:5;stroke-linecap:butt;stroke:black;stroke-width:0.35"/></g><g/></g></svg>