<svg xmlns:dc="http://purl.org/dc/elements/1.1/" xmlns:cc="http://creativecommons.org/ns#" xmlns:rdf="http://www.w3.org/1999/02/22-rdf-syntax-ns#" xmlns:svg="http://www.w3.org/2000/svg" xmlns="http://www.w3.org/2000/svg" xmlns:xlink="http://www.w3.org/1999/xlink" xmlns:sodipodi="http://sodipodi.sourceforge.net/DTD/sodipodi-0.dtd" xmlns:inkscape="http://www.inkscape.org/namespaces/inkscape" sodipodi:docname="images.svg" inkscape:version="1.0alpha2 (52cc60498f, 2019-06-14)" id="svg8" version="1.1" viewBox="0 0 0.79374997 0.79375003" height="3" width="3">
  <defs id="defs2"/>
  <sodipodi:namedview units="px" showgrid="false" inkscape:document-rotation="0" inkscape:current-layer="layer1" inkscape:document-units="px" inkscape:cy="4.3003663" inkscape:cx="6.7289885" inkscape:zoom="44.500568" inkscape:pageshadow="2" inkscape:pageopacity="0.0" borderopacity="1.0" bordercolor="#666666" pagecolor="#ffffff" id="base"/>
  <metadata id="metadata5">
    <rdf:RDF>
      <cc:Work rdf:about="">
        <dc:format>image/svg+xml</dc:format>
        <dc:type rdf:resource="http://purl.org/dc/dcmitype/StillImage"/>
        <dc:title/>
      </cc:Work>
    </rdf:RDF>
  </metadata>
  <g id="layer1" inkscape:groupmode="layer" inkscape:label="Layer 1">
    <image xlink:href="img/green.png" y="0.26458332" x="0.26458332" width="0.26458332" height="0.26458332" preserveAspectRatio="none" id="image174" style="opacity:1;stop-opacity:1"/>

    <image style="opacity:1;stop-opacity:1" xlink:href="data:image/png;base64,iVBORw0KGgoAAAANSUhEUgAAAAEAAAABCAYAAAAfFcSJAAAACXBIWXMAAAxOAAAMTgF/d4wjAAAA GXRFWHRTb2Z0d2FyZQB3d3cuaW5rc2NhcGUub3Jnm+48GgAAAA1JREFUCJljMEld8h8ABEsCPWzH RAsAAAAASUVORK5CYII= " height="0.31750003" width="0.31750003" x="0.38895562" y="0.38188145" id="embeded_image01" preserveAspectRatio="none"/>
  </g>
</svg>