JessyInk script version 1.5.5 installed.

Slide 1:
	Layer name: Slide3

Slide 2:
	Layer name: Slide2

Slide 3:
	Layer name: Slide1
