<!-- Created with Inkscape (http://www.inkscape.org/) --><svg xmlns="http://www.w3.org/2000/svg" xmlns:inkscape="http://www.inkscape.org/namespaces/inkscape" xmlns:sodipodi="http://sodipodi.sourceforge.net/DTD/sodipodi-0.dtd" xmlns:svg="http://www.w3.org/2000/svg" width="75.376213mm" height="45.964241mm" viewBox="0 0 75.376213 45.964242" version="1.1" id="svg17217" inkscape:version="1.1-rc (52f87abb86, 2021-05-02)" sodipodi:docname="motion_tests.svg">
  <sodipodi:namedview id="namedview17219" pagecolor="#ffffff" bordercolor="#666666" borderopacity="1.0" objecttolerance="10.0" gridtolerance="10.0" guidetolerance="10.0" inkscape:pageshadow="2" inkscape:pageopacity="0.0" inkscape:pagecheckerboard="0" inkscape:document-units="mm" showgrid="false" inkscape:zoom="4.5304433" inkscape:cx="180.44592" inkscape:cy="61.914471" inkscape:window-width="2560" inkscape:window-height="1377" inkscape:window-x="1912" inkscape:window-y="-8" inkscape:window-maximized="1" inkscape:current-layer="layer1" lock-margins="true" fit-margin-top="10" fit-margin-left="10" fit-margin-right="10" fit-margin-bottom="10"/>
  <defs id="defs17214"/>
  <g inkscape:label="Layer 1" inkscape:groupmode="layer" id="layer1" transform="translate(1.9559733,-9.921299)">
    <g><g style="font-size:7.05556px;line-height:125%;font-family:Arial;-inkscape-font-specification:Arial;letter-spacing:0.672042px;fill:#000000;stroke:#000000;stroke-width:0.1;stroke-linecap:round;stroke-linejoin:round;stroke-miterlimit:4;stroke-dasharray:none;fill-opacity:1.0"><path d="M 38.4296 19.9713 C 38.0897 19.9713 37.781 20.0286 37.5031 20.1434 L 38.9173 21.5576 C 39.1952 21.4428 39.5039 21.3855 39.8439 21.3855 Z"/><path d="M 37.5031 20.1434 C 37.2252 20.2582 37.0137 20.427 36.869 20.6498 L 38.2832 22.064 C 38.4279 21.8412 38.6394 21.6724 38.9173 21.5576 Z"/><path d="M 36.869 20.6498 C 36.7243 20.8703 36.652 21.108 36.652 21.3629 L 38.0662 22.7772 C 38.0662 22.5222 38.1385 22.2845 38.2832 22.064 Z"/><path d="M 36.652 21.3629 C 36.652 21.5949 36.7105 21.8051 36.8277 21.9934 L 38.2419 23.4076 C 38.1248 23.2193 38.0662 23.0091 38.0662 22.7772 Z"/><path d="M 36.8277 21.9934 C 36.8715 22.0617 36.9236 22.126 36.9839 22.1863 L 38.3981 23.6005 C 38.3378 23.5402 38.2857 23.4759 38.2419 23.4076 Z"/><path d="M 36.9839 22.1863 C 37.0878 22.2902 37.2161 22.3822 37.3687 22.4621 L 38.7829 23.8763 C 38.6303 23.7964 38.502 23.7044 38.3981 23.6005 Z"/><path d="M 37.3687 22.4621 C 37.5548 22.5609 37.8799 22.6663 38.3439 22.7789 L 39.7581 24.1931 C 39.2941 24.0806 38.969 23.9751 38.7829 23.8763 Z"/><path d="M 38.3439 22.7789 C 38.8078 22.8891 39.1075 22.971 39.243 23.0238 L 40.6572 24.438 C 40.5217 24.3852 40.222 24.3033 39.7581 24.1931 Z"/><path d="M 39.243 23.0238 C 39.4176 23.0902 39.5514 23.17 39.6444 23.263 L 41.0586 24.6772 C 40.9656 24.5842 40.8318 24.5045 40.6572 24.438 Z"/><path d="M 39.6444 23.263 C 39.664 23.2826 39.6818 23.3028 39.6978 23.3236 L 41.112 24.7378 C 41.096 24.717 41.0782 24.6968 41.0586 24.6772 Z"/><path d="M 39.6978 23.3236 C 39.7897 23.4407 39.8352 23.5785 39.8352 23.737 L 41.2495 25.1512 C 41.2495 24.9927 41.2039 24.8549 41.112 24.7378 Z"/><path d="M 39.8352 23.737 C 39.8352 23.8931 39.787 24.0378 39.6905 24.171 L 41.1048 25.5853 C 41.2012 25.452 41.2495 25.3074 41.2495 25.1512 Z"/><path d="M 39.6905 24.171 C 39.5964 24.302 39.4517 24.4053 39.2565 24.4811 L 40.6707 25.8953 C 40.8659 25.8195 41.0106 25.7162 41.1048 25.5853 Z"/><path d="M 39.2565 24.4811 C 39.0612 24.5569 38.8365 24.5948 38.5816 24.5948 L 39.9958 26.009 C 40.2507 26.009 40.4755 25.9711 40.6707 25.8953 Z"/><path d="M 38.5816 24.5948 C 38.2945 24.5948 38.0361 24.5452 37.8064 24.4465 L 39.2206 25.8607 C 39.4503 25.9595 39.7087 26.009 39.9958 26.009 Z"/><path d="M 37.8064 24.4465 C 37.6414 24.3739 37.5072 24.2859 37.4038 24.1825 L 38.818 25.5967 C 38.9214 25.7001 39.0557 25.7881 39.2206 25.8607 Z"/><path d="M 37.4038 24.1825 C 37.3632 24.1419 37.3274 24.099 37.2964 24.0537 L 38.7106 25.468 C 38.7416 25.5132 38.7774 25.5562 38.818 25.5967 Z"/><path d="M 37.2964 24.0537 C 37.1884 23.8907 37.1195 23.6826 37.0897 23.43 L 38.5039 24.8442 C 38.5337 25.0969 38.6026 25.3049 38.7106 25.468 Z"/><path d="M 37.0897 23.43 L 36.4592 23.4853 L 37.8734 24.8995 L 38.5039 24.8442 Z"/><path d="M 36.4592 23.4853 C 36.4684 23.8229 36.5601 24.1261 36.7347 24.3948 L 38.1489 25.809 C 37.9743 25.5403 37.8826 25.2371 37.8734 24.8995 Z"/><path d="M 36.7347 24.3948 C 36.7946 24.4851 36.862 24.5677 36.937 24.6427 L 38.3512 26.0569 C 38.2763 25.9819 38.2088 25.8993 38.1489 25.809 Z"/><path d="M 36.937 24.6427 C 37.0833 24.789 37.2583 24.9062 37.4617 24.9942 L 38.876 26.4085 C 38.6725 26.3204 38.4975 26.2032 38.3512 26.0569 Z"/><path d="M 37.4617 24.9942 C 37.7718 25.1275 38.1555 25.1942 38.6126 25.1942 L 40.0268 26.6085 C 39.5697 26.6085 39.186 26.5417 38.876 26.4085 Z"/><path d="M 38.6126 25.1942 C 38.9732 25.1942 39.297 25.1288 39.5841 24.9979 L 40.9983 26.4121 C 40.7112 26.543 40.3874 26.6085 40.0268 26.6085 Z"/><path d="M 39.5841 24.9979 C 39.8735 24.8647 40.0948 24.6794 40.2487 24.4429 L 41.6629 25.8571 C 41.509 26.0936 41.2877 26.2789 40.9983 26.4121 Z"/><path d="M 40.2487 24.4429 C 40.4025 24.204 40.4796 23.9504 40.4796 23.6817 L 41.8939 25.0959 C 41.8939 25.3646 41.8167 25.6182 41.6629 25.8571 Z"/><path d="M 40.4796 23.6817 C 40.4796 23.4107 40.4094 23.1716 40.2693 22.9649 L 41.6835 24.3791 C 41.8236 24.5858 41.8939 24.8249 41.8939 25.0959 Z"/><path d="M 40.2693 22.9649 C 40.2269 22.9016 40.1773 22.8416 40.1208 22.785 L 41.535 24.1992 C 41.5916 24.2558 41.6411 24.3158 41.6835 24.3791 Z"/><path d="M 40.1208 22.785 C 39.9906 22.6549 39.8231 22.5426 39.6182 22.4482 L 41.0324 23.8624 C 41.2373 23.9568 41.4048 24.0691 41.535 24.1992 Z"/><path d="M 39.6182 22.4482 C 39.4161 22.3563 39.0432 22.2495 38.4989 22.1278 L 39.9131 23.542 C 40.4574 23.6637 40.8303 23.7705 41.0324 23.8624 Z"/><path d="M 38.4989 22.1278 C 37.9569 22.0037 37.6214 21.8832 37.4927 21.766 L 38.907 23.1802 C 39.0356 23.2974 39.3711 23.4179 39.9131 23.542 Z"/><path d="M 37.4927 21.766 C 37.4835 21.7577 37.4745 21.7493 37.4659 21.7407 L 38.8801 23.1549 C 38.8887 23.1635 38.8977 23.1719 38.907 23.1802 Z"/><path d="M 37.4659 21.7407 C 37.3529 21.6276 37.2964 21.4871 37.2964 21.3185 L 38.7106 22.7327 C 38.7106 22.9013 38.7671 23.0418 38.8801 23.1549 Z"/><path d="M 37.2964 21.3185 C 37.2964 21.1095 37.3881 20.9312 37.5718 20.7842 L 38.986 22.1984 C 38.8023 22.3454 38.7106 22.5237 38.7106 22.7327 Z"/><path d="M 37.5718 20.7842 C 37.7578 20.6349 38.0533 20.5604 38.4575 20.5604 L 39.8718 21.9746 C 39.4675 21.9746 39.1721 22.0491 38.986 22.1984 Z"/><path d="M 38.4575 20.5604 C 38.8457 20.5604 39.1385 20.6418 39.336 20.8048 L 40.7503 22.2191 C 40.5527 22.056 40.2599 21.9746 39.8718 21.9746 Z"/><path d="M 39.336 20.8048 C 39.3589 20.8235 39.3806 20.8431 39.4013 20.8638 L 40.8155 22.278 C 40.7949 22.2573 40.7731 22.2377 40.7503 22.2191 Z"/><path d="M 39.4013 20.8638 C 39.5616 21.024 39.6569 21.2455 39.6874 21.5283 L 41.1017 22.9425 C 41.0711 22.6598 40.9758 22.4383 40.8155 22.278 Z"/><path d="M 39.6874 21.5283 L 40.3282 21.4803 L 41.7424 22.8945 L 41.1017 22.9425 Z"/><path d="M 40.3282 21.4803 C 40.3168 21.184 40.2341 20.9187 40.0802 20.6844 L 41.4944 22.0986 C 41.6483 22.3329 41.731 22.5982 41.7424 22.8945 Z"/><path d="M 40.0802 20.6844 C 40.0303 20.6084 39.9733 20.5385 39.9094 20.4745 L 41.3236 21.8888 C 41.3876 21.9527 41.4445 22.0227 41.4944 22.0986 Z"/><path d="M 39.9094 20.4745 C 39.7763 20.3414 39.6127 20.2344 39.4187 20.1537 L 40.8329 21.5679 C 41.0269 21.6486 41.1905 21.7556 41.3236 21.8888 Z"/><path d="M 39.4187 20.1537 C 39.1339 20.032 38.804 19.9713 38.4296 19.9713 L 39.8439 21.3855 C 40.2182 21.3855 40.5481 21.4462 40.8329 21.5679 Z"/><path d="M 38.4296 19.9713 L 38.4296 19.9713 L 39.8439 21.3855 L 39.8439 21.3855 Z"/><path d="M 8.09403 20.0576 L 8.09403 20.6534 L 9.50824 22.0676 L 9.50824 21.4718 Z"/><path d="M 8.09403 20.6534 L 9.75801 20.6534 L 11.1722 22.0676 L 9.50824 22.0676 Z"/><path d="M 9.75801 20.6534 L 9.75801 25.1079 L 11.1722 26.5222 L 11.1722 22.0676 Z"/><path d="M 9.75801 25.1079 L 10.4267 25.1079 L 11.8409 26.5222 L 11.1722 26.5222 Z"/><path d="M 10.4267 25.1079 L 10.4267 20.6534 L 11.8409 22.0676 L 11.8409 26.5222 Z"/><path d="M 10.4267 20.6534 L 12.0974 20.6534 L 13.5116 22.0676 L 11.8409 22.0676 Z"/><path d="M 12.0974 20.6534 L 12.0974 20.0576 L 13.5116 21.4718 L 13.5116 22.0676 Z"/><path d="M 12.0974 20.0576 L 8.09403 20.0576 L 9.50824 21.4718 L 13.5116 21.4718 Z"/><path d="M 13.4689 20.0576 L 13.4689 25.1079 L 14.8831 26.5222 L 14.8831 21.4718 Z"/><path d="M 13.4689 25.1079 L 17.2377 25.1079 L 18.6519 26.5222 L 14.8831 26.5222 Z"/><path d="M 17.2377 25.1079 L 17.2377 24.5121 L 18.6519 25.9263 L 18.6519 26.5222 Z"/><path d="M 17.2377 24.5121 L 14.1371 24.5121 L 15.5513 25.9263 L 18.6519 25.9263 Z"/><path d="M 14.1371 24.5121 L 14.1371 22.7928 L 15.5513 24.2071 L 15.5513 25.9263 Z"/><path d="M 14.1371 22.7928 L 16.9312 22.7928 L 18.3454 24.2071 L 15.5513 24.2071 Z"/><path d="M 16.9312 22.7928 L 16.9312 22.2001 L 18.3454 23.6143 L 18.3454 24.2071 Z"/><path d="M 16.9312 22.2001 L 14.1371 22.2001 L 15.5513 23.6143 L 18.3454 23.6143 Z"/><path d="M 14.1371 22.2001 L 14.1371 20.6534 L 15.5513 22.0676 L 15.5513 23.6143 Z"/><path d="M 14.1371 20.6534 L 17.1203 20.6534 L 18.5346 22.0676 L 15.5513 22.0676 Z"/><path d="M 17.1203 20.6534 L 17.1203 20.0576 L 18.5346 21.4718 L 18.5346 22.0676 Z"/><path d="M 17.1203 20.0576 L 13.4689 20.0576 L 14.8831 21.4718 L 18.5346 21.4718 Z"/><path d="M 18.5508 20.0576 L 20.2731 22.4761 L 21.6873 23.8903 L 19.965 21.4718 Z"/><path d="M 20.2731 22.4761 L 18.3198 25.1079 L 19.734 26.5222 L 21.6873 23.8903 Z"/><path d="M 18.3198 25.1079 L 19.1223 25.1079 L 20.5365 26.5222 L 19.734 26.5222 Z"/><path d="M 19.1223 25.1079 L 20.3904 23.3473 L 21.8046 24.7615 L 20.5365 26.5222 Z"/><path d="M 20.3904 23.3473 C 20.4387 23.2784 20.5187 23.1523 20.6312 22.9685 L 22.0455 24.3828 C 21.9329 24.5665 21.8529 24.6926 21.8046 24.7615 Z"/><path d="M 20.6312 22.9685 C 20.707 23.0903 20.7807 23.2026 20.8519 23.306 L 22.2661 24.7202 C 22.1949 24.6168 22.1212 24.5045 22.0455 24.3828 Z"/><path d="M 20.8519 23.306 L 22.1231 25.1079 L 23.5374 26.5222 L 22.2661 24.7202 Z"/><path d="M 22.1231 25.1079 L 22.95 25.1079 L 24.3642 26.5222 L 23.5374 26.5222 Z"/><path d="M 22.95 25.1079 L 21.0379 22.4378 L 22.4522 23.852 L 24.3642 26.5222 Z"/><path d="M 21.0379 22.4378 L 22.812 20.0576 L 24.2262 21.4718 L 22.4522 23.852 Z"/><path d="M 22.812 20.0576 L 22.0854 20.0576 L 23.4996 21.4718 L 24.2262 21.4718 Z"/><path d="M 22.0854 20.0576 L 21.0689 21.3976 L 22.4832 22.8118 L 23.4996 21.4718 Z"/><path d="M 21.0689 21.3976 C 20.9151 21.5974 20.782 21.789 20.6695 21.9727 L 22.0837 23.3869 C 22.1962 23.2032 22.3293 23.0116 22.4832 22.8118 Z"/><path d="M 20.6695 21.9727 C 20.5891 21.828 20.4534 21.6213 20.2628 21.3526 L 21.677 22.7668 C 21.8676 23.0355 22.0033 23.2423 22.0837 23.3869 Z"/><path d="M 20.2628 21.3526 L 19.3466 20.0576 L 20.7608 21.4718 L 21.677 22.7668 Z"/><path d="M 19.3466 20.0576 L 18.5508 20.0576 L 19.965 21.4718 L 20.7608 21.4718 Z"/><path d="M 23.8321 20.0576 L 23.8321 20.6534 L 25.2463 22.0676 L 25.2463 21.4718 Z"/><path d="M 23.8321 20.6534 L 25.4961 20.6534 L 26.9103 22.0676 L 25.2463 22.0676 Z"/><path d="M 25.4961 20.6534 L 25.4961 25.1079 L 26.9103 26.5222 L 26.9103 22.0676 Z"/><path d="M 25.4961 25.1079 L 26.1642 25.1079 L 27.5785 26.5222 L 26.9103 26.5222 Z"/><path d="M 26.1642 25.1079 L 26.1642 20.6534 L 27.5785 22.0676 L 27.5785 26.5222 Z"/><path d="M 26.1642 20.6534 L 27.8355 20.6534 L 29.2497 22.0676 L 27.5785 22.0676 Z"/><path d="M 27.8355 20.6534 L 27.8355 20.0576 L 29.2497 21.4718 L 29.2497 22.0676 Z"/><path d="M 27.8355 20.0576 L 23.8321 20.0576 L 25.2463 21.4718 L 29.2497 21.4718 Z"/><path d="M 32.6936 20.0576 L 30.7536 25.1079 L 32.1678 26.5222 L 34.1078 21.4718 Z"/><path d="M 30.7536 25.1079 L 31.4637 25.1079 L 32.8779 26.5222 L 32.1678 26.5222 Z"/><path d="M 31.4637 25.1079 L 32.0181 23.5783 L 33.4324 24.9925 L 32.8779 26.5222 Z"/><path d="M 32.0181 23.5783 L 34.1302 23.5783 L 35.5444 24.9925 L 33.4324 24.9925 Z"/><path d="M 34.1302 23.5783 L 34.7193 25.1079 L 36.1335 26.5222 L 35.5444 24.9925 Z"/><path d="M 34.7193 25.1079 L 35.4805 25.1079 L 36.8947 26.5222 L 36.1335 26.5222 Z"/><path d="M 35.4805 25.1079 L 33.4134 20.0576 L 34.8276 21.4718 L 36.8947 26.5222 Z"/><path d="M 33.4134 20.0576 L 32.6936 20.0576 L 34.1078 21.4718 L 34.8276 21.4718 Z"/><path d="M 44.697 20.0576 L 44.697 25.1079 L 46.1112 26.5222 L 46.1112 21.4718 Z"/><path d="M 44.697 25.1079 L 45.3651 25.1079 L 46.7793 26.5222 L 46.1112 26.5222 Z"/><path d="M 45.3651 25.1079 L 45.3651 23.0548 L 46.7793 24.469 L 46.7793 26.5222 Z"/><path d="M 45.3651 23.0548 L 46.6607 23.0548 L 48.0749 24.469 L 46.7793 24.469 Z"/><path d="M 46.6607 23.0548 C 47.3749 23.0548 47.8689 22.9067 48.1422 22.6104 L 49.5564 24.0246 C 49.2831 24.3209 48.7892 24.469 48.0749 24.469 Z"/><path d="M 48.1422 22.6104 C 48.4155 22.3118 48.552 21.9475 48.552 21.518 L 49.9662 22.9322 C 49.9662 23.3617 49.8298 23.7261 49.5564 24.0246 Z"/><path d="M 48.552 21.518 C 48.552 21.2676 48.5003 21.0381 48.397 20.8291 L 49.8112 22.2433 C 49.9146 22.4523 49.9662 22.6818 49.9662 22.9322 Z"/><path d="M 48.397 20.8291 C 48.3291 20.6888 48.2463 20.5697 48.1484 20.4718 L 49.5626 21.886 C 49.6605 21.9839 49.7434 22.103 49.8112 22.2433 Z"/><path d="M 48.1484 20.4718 C 48.1005 20.4239 48.049 20.3811 47.9939 20.3434 L 49.4081 21.7576 C 49.4632 21.7953 49.5147 21.8381 49.5626 21.886 Z"/><path d="M 47.9939 20.3434 C 47.8263 20.2262 47.6182 20.147 47.3702 20.1057 L 48.7844 21.5199 C 49.0324 21.5612 49.2405 21.6405 49.4081 21.7576 Z"/><path d="M 47.3702 20.1057 C 47.1933 20.0735 46.9376 20.0576 46.6023 20.0576 L 48.0165 21.4718 C 48.3518 21.4718 48.6075 21.4877 48.7844 21.5199 Z"/><path d="M 46.6023 20.0576 L 44.697 20.0576 L 46.1112 21.4718 L 48.0165 21.4718 Z"/><path d="M 50.9364 20.0576 L 48.9964 25.1079 L 50.4107 26.5222 L 52.3506 21.4718 Z"/><path d="M 48.9964 25.1079 L 49.7065 25.1079 L 51.1207 26.5222 L 50.4107 26.5222 Z"/><path d="M 49.7065 25.1079 L 50.261 23.5783 L 51.6752 24.9925 L 51.1207 26.5222 Z"/><path d="M 50.261 23.5783 L 52.373 23.5783 L 53.7872 24.9925 L 51.6752 24.9925 Z"/><path d="M 52.373 23.5783 L 52.9621 25.1079 L 54.3763 26.5222 L 53.7872 24.9925 Z"/><path d="M 52.9621 25.1079 L 53.7233 25.1079 L 55.1375 26.5222 L 54.3763 26.5222 Z"/><path d="M 53.7233 25.1079 L 51.6562 20.0576 L 53.0704 21.4718 L 55.1375 26.5222 Z"/><path d="M 51.6562 20.0576 L 50.9364 20.0576 L 52.3506 21.4718 L 53.0704 21.4718 Z"/><path d="M 54.0266 20.0576 L 54.0266 20.6534 L 55.4408 22.0676 L 55.4408 21.4718 Z"/><path d="M 54.0266 20.6534 L 55.6906 20.6534 L 57.1048 22.0676 L 55.4408 22.0676 Z"/><path d="M 55.6906 20.6534 L 55.6906 25.1079 L 57.1048 26.5222 L 57.1048 22.0676 Z"/><path d="M 55.6906 25.1079 L 56.3588 25.1079 L 57.773 26.5222 L 57.1048 26.5222 Z"/><path d="M 56.3588 25.1079 L 56.3588 20.6534 L 57.773 22.0676 L 57.773 26.5222 Z"/><path d="M 56.3588 20.6534 L 58.03 20.6534 L 59.4442 22.0676 L 57.773 22.0676 Z"/><path d="M 58.03 20.6534 L 58.03 20.0576 L 59.4442 21.4718 L 59.4442 22.0676 Z"/><path d="M 58.03 20.0576 L 54.0266 20.0576 L 55.4408 21.4718 L 59.4442 21.4718 Z"/><path d="M 59.4082 20.0576 L 59.4082 25.1079 L 60.8224 26.5222 L 60.8224 21.4718 Z"/><path d="M 59.4082 25.1079 L 60.0764 25.1079 L 61.4906 26.5222 L 60.8224 26.5222 Z"/><path d="M 60.0764 25.1079 L 60.0764 22.7272 L 61.4906 24.1414 L 61.4906 26.5222 Z"/><path d="M 60.0764 22.7272 L 62.7015 22.7272 L 64.1158 24.1414 L 61.4906 24.1414 Z"/><path d="M 62.7015 22.7272 L 62.7015 25.1079 L 64.1158 26.5222 L 64.1158 24.1414 Z"/><path d="M 62.7015 25.1079 L 63.3702 25.1079 L 64.7845 26.5222 L 64.1158 26.5222 Z"/><path d="M 63.3702 25.1079 L 63.3702 20.0576 L 64.7845 21.4718 L 64.7845 26.5222 Z"/><path d="M 63.3702 20.0576 L 62.7015 20.0576 L 64.1158 21.4718 L 64.7845 21.4718 Z"/><path d="M 62.7015 20.0576 L 62.7015 22.1314 L 64.1158 23.5456 L 64.1158 21.4718 Z"/><path d="M 62.7015 22.1314 L 60.0764 22.1314 L 61.4906 23.5456 L 64.1158 23.5456 Z"/><path d="M 60.0764 22.1314 L 60.0764 20.0576 L 61.4906 21.4718 L 61.4906 23.5456 Z"/><path d="M 60.0764 20.0576 L 59.4082 20.0576 L 60.8224 21.4718 L 61.4906 21.4718 Z"/><path d="M 33.0377 20.5878 C 33.1158 20.8611 33.2356 21.2104 33.3964 21.6353 L 34.8106 23.0495 C 34.6498 22.6246 34.53 22.2753 34.4519 22.002 Z"/><path d="M 33.3964 21.6353 L 33.9235 23.0342 L 35.3377 24.4484 L 34.8106 23.0495 Z"/><path d="M 33.9235 23.0342 L 32.2109 23.0342 L 33.6251 24.4484 L 35.3377 24.4484 Z"/><path d="M 32.2109 23.0342 L 32.7659 21.5526 L 34.1801 22.9668 L 33.6251 24.4484 Z"/><path d="M 32.7659 21.5526 C 32.883 21.2334 32.9734 20.9116 33.0377 20.5878 L 34.4519 22.002 C 34.3876 22.3259 34.2973 22.6476 34.1801 22.9668 Z"/><path d="M 33.0377 20.5878 L 33.0377 20.5878 L 34.4519 22.002 L 34.4519 22.002 Z"/><path d="M 51.2805 20.5878 C 51.3586 20.8611 51.4784 21.2104 51.6392 21.6353 L 53.0534 23.0495 C 52.8926 22.6246 52.7728 22.2753 52.6948 22.002 Z"/><path d="M 51.6392 21.6353 L 52.1663 23.0342 L 53.5805 24.4484 L 53.0534 23.0495 Z"/><path d="M 52.1663 23.0342 L 50.4537 23.0342 L 51.8679 24.4484 L 53.5805 24.4484 Z"/><path d="M 50.4537 23.0342 L 51.0087 21.5526 L 52.4229 22.9668 L 51.8679 24.4484 Z"/><path d="M 51.0087 21.5526 C 51.1259 21.2334 51.2162 20.9116 51.2805 20.5878 L 52.6948 22.002 C 52.6304 22.3259 52.5401 22.6476 52.4229 22.9668 Z"/><path d="M 51.2805 20.5878 L 51.2805 20.5878 L 52.6948 22.002 L 52.6948 22.002 Z"/><path d="M 45.3651 20.6534 L 46.657 20.6534 L 48.0713 22.0676 L 46.7793 22.0676 Z"/><path d="M 46.657 20.6534 C 46.9602 20.6534 47.1682 20.6685 47.2808 20.6984 L 48.695 22.1126 C 48.5825 22.0827 48.3744 22.0676 48.0713 22.0676 Z"/><path d="M 47.2808 20.6984 C 47.4087 20.7337 47.5181 20.7969 47.6089 20.8877 L 49.0231 22.3019 C 48.9323 22.2111 48.8229 22.148 48.695 22.1126 Z"/><path d="M 47.6089 20.8877 C 47.642 20.9208 47.6727 20.9576 47.7009 20.9981 L 49.1151 22.4123 C 49.0869 22.3718 49.0563 22.3351 49.0231 22.3019 Z"/><path d="M 47.7009 20.9981 C 47.8089 21.1474 47.8632 21.3274 47.8632 21.5387 L 49.2774 22.9529 C 49.2774 22.7416 49.2231 22.5616 49.1151 22.4123 Z"/><path d="M 47.8632 21.5387 C 47.8632 21.8303 47.7723 22.0569 47.5908 22.2177 L 49.0051 23.6319 C 49.1865 23.4711 49.2774 23.2446 49.2774 22.9529 Z"/><path d="M 47.5908 22.2177 C 47.4094 22.3785 47.1028 22.4585 46.671 22.4585 L 48.0852 23.8727 C 48.517 23.8727 48.8236 23.7927 49.0051 23.6319 Z"/><path d="M 46.671 22.4585 L 45.3651 22.4585 L 46.7793 23.8727 L 48.0852 23.8727 Z"/><path d="M 45.3651 22.4585 L 45.3651 20.6534 L 46.7793 22.0676 L 46.7793 23.8727 Z"/></g><path id="path23053" style="font-size:7.05556px;line-height:125%;font-family:Arial;-inkscape-font-specification:Arial;letter-spacing:0.672042px;fill:#ffffff;stroke:#000000;stroke-width:0.1;stroke-linecap:round;stroke-linejoin:round;stroke-miterlimit:4;stroke-dasharray:none" d="m 38.429642,19.971304 c -0.339915,0 -0.648652,0.05725 -0.926557,0.172082 -0.277905,0.114835 -0.489376,0.283644 -0.634071,0.506429 -0.144693,0.220485 -0.217041,0.458197 -0.217041,0.713134 0,0.231971 0.05857,0.442121 0.175699,0.630452 0.119431,0.186036 0.299898,0.342386 0.541052,0.468706 0.186037,0.09876 0.511196,0.204238 0.975135,0.316775 0.463942,0.110242 0.763664,0.19212 0.899171,0.244946 0.211299,0.08039 0.362884,0.180295 0.454752,0.299726 0.09187,0.117133 0.137459,0.254936 0.137459,0.413411 0,0.156176 -0.04823,0.300871 -0.144695,0.434081 -0.09416,0.130913 -0.238858,0.234267 -0.434081,0.31006 -0.195222,0.07579 -0.419957,0.113686 -0.674894,0.113686 -0.287091,0 -0.545472,-0.04955 -0.775147,-0.14831 -0.229674,-0.101057 -0.399804,-0.23197 -0.510045,-0.392742 -0.107945,-0.163068 -0.176847,-0.371094 -0.206706,-0.623734 l -0.630454,0.05529 c 0.0092,0.337621 0.100886,0.640789 0.275436,0.909505 0.176848,0.266422 0.419325,0.466238 0.727089,0.599448 0.310057,0.13321 0.693782,0.199988 1.150834,0.199988 0.360585,0 0.684424,-0.06546 0.971516,-0.196371 0.289388,-0.13321 0.510677,-0.318442 0.664559,-0.555003 0.153881,-0.238861 0.230994,-0.492477 0.230994,-0.761196 0,-0.271013 -0.07022,-0.510045 -0.210325,-0.716751 -0.140099,-0.209002 -0.35714,-0.381257 -0.651121,-0.516766 -0.202113,-0.09187 -0.574987,-0.198667 -1.119312,-0.320392 -0.542028,-0.124023 -0.877525,-0.244602 -1.006141,-0.361735 -0.130914,-0.117134 -0.196369,-0.266076 -0.196369,-0.447519 0,-0.209003 0.0917,-0.387342 0.275434,-0.534334 0.186036,-0.149286 0.48151,-0.223758 0.885735,-0.223758 0.388146,0 0.680979,0.08136 0.878499,0.24443 0.199813,0.163065 0.316947,0.404222 0.351401,0.723468 l 0.640786,-0.04806 c -0.01148,-0.296278 -0.09417,-0.561552 -0.248047,-0.795817 -0.153879,-0.234267 -0.374367,-0.411287 -0.661458,-0.530717 -0.284795,-0.121727 -0.61472,-0.182417 -0.989087,-0.182417 z m -30.3356153,0.0863 v 0.595829 H 9.758008 v 4.454509 h 0.668693 v -4.45451 H 12.0974 v -0.595829 z m 5.3748653,0 v 5.050338 h 3.768763 V 24.51211 h -3.100586 v -1.719273 h 2.794144 v -0.592731 h -2.794144 v -1.546674 h 2.98328 v -0.595829 z m 5.081861,0 1.722375,2.418456 -1.953369,2.631882 h 0.802535 l 1.26814,-1.760617 c 0.04823,-0.0689 0.128272,-0.195048 0.240812,-0.378788 0.07579,0.121727 0.14946,0.234095 0.220658,0.337447 l 1.271241,1.801958 h 0.826822 L 21.037939,22.43782 22.811991,20.057604 H 22.08542 l -1.016475,1.339969 c -0.153881,0.199816 -0.286919,0.39142 -0.399459,0.575159 -0.08038,-0.144695 -0.216064,-0.351398 -0.406693,-0.620117 L 19.34657,20.057603 Z m 5.281331,0 v 0.595829 h 1.663981 v 4.454509 h 0.668176 v -4.454509 h 1.671215 v -0.595829 z m 8.861474,0 -1.939933,5.050338 h 0.710036 l 0.554487,-1.529623 h 2.112015 l 0.589111,1.529623 h 0.761196 l -2.067058,-5.050338 z m 12.003402,0 v 5.050338 h 0.668176 v -2.053106 h 1.29553 c 0.714282,0 1.208251,-0.148138 1.481561,-0.444418 0.273312,-0.298574 0.409794,-0.662951 0.409794,-1.092438 0,-0.250344 -0.05168,-0.479846 -0.155027,-0.688848 -0.101058,-0.209002 -0.235416,-0.370922 -0.403077,-0.485759 -0.167661,-0.117134 -0.375687,-0.196371 -0.623734,-0.23771 -0.17685,-0.03215 -0.432588,-0.04806 -0.767913,-0.04806 z m 6.239412,0 -1.939933,5.050338 h 0.710033 l 0.55449,-1.529623 h 2.112016 l 0.58911,1.529623 h 0.761193 l -2.067057,-5.050338 z m 3.090251,0 v 0.595829 h 1.663981 v 4.454509 h 0.668176 v -4.454509 h 1.671217 v -0.595829 z m 5.381583,0 v 5.050338 h 0.668176 v -2.380734 h 2.625164 v 2.380734 h 0.668692 v -5.050338 h -0.668692 v 2.073775 h -2.625164 v -2.073775 z m -26.370483,0.530199 c 0.07809,0.273312 0.197863,0.622585 0.358634,1.047482 l 0.527101,1.398882 H 32.2109 l 0.555006,-1.481564 c 0.117136,-0.319246 0.20751,-0.640961 0.271817,-0.9648 z m 18.242814,0 c 0.07809,0.273312 0.197863,0.622585 0.358635,1.047482 l 0.5271,1.398882 h -1.712558 l 0.555006,-1.481564 c 0.117133,-0.319246 0.20751,-0.640961 0.271817,-0.9648 z m -5.915401,0.06563 h 1.29191 c 0.30317,0 0.511196,0.0151 0.623734,0.04496 0.174554,0.04823 0.314481,0.14814 0.420132,0.299722 0.107945,0.149289 0.162264,0.329237 0.162264,0.540536 0,0.291687 -0.0909,0.518258 -0.272336,0.679029 -0.181443,0.160772 -0.488055,0.240814 -0.91984,0.240814 h -1.305864 z"/>
    </g><g transform="matrix(0.151483 -0.0460695 -0.0126877 0.137444 41.228 32.0953)"><g style="fill:#0064ff;fill-opacity:0.595668;stroke:#0064ff;stroke-width:3.51486;stroke-linecap:round;stroke-linejoin:round;stroke-miterlimit:4;stroke-dasharray:none;stroke-opacity:0.595668"><path d="M -5.931 77.7273 L -35.4354 57.8154 L -24.9433 71.6216 L 4.56113 91.5335 Z"/><path d="M -35.4354 57.8154 L -65.7726 76.4339 L -55.2805 90.2401 L -24.9433 71.6216 Z"/><path d="M -65.7726 76.4339 L -55.9526 42.2204 L -45.4604 56.0266 L -55.2805 90.2401 Z"/><path d="M -55.9526 42.2204 L -83.0346 19.1215 L -72.5424 32.9277 L -45.4604 56.0266 Z"/><path d="M -83.0346 19.1215 L -47.461 17.8883 L -36.9689 31.6945 L -72.5424 32.9277 Z"/><path d="M -47.461 17.8883 L -33.8614 -15.0061 L -23.3693 -1.19994 L -36.9689 31.6945 Z"/><path d="M -33.8614 -15.0061 L -21.6958 18.4452 L -11.2037 32.2514 L -23.3693 -1.19994 Z"/><path d="M -21.6958 18.4452 L 13.7912 21.2143 L 24.2833 35.0205 L -11.2037 32.2514 Z"/><path d="M 13.7912 21.2143 L -14.2636 43.1215 L -3.77144 56.9277 L 24.2833 35.0205 Z"/><path d="M -14.2636 43.1215 L -5.931 77.7273 L 4.56113 91.5335 L -3.77144 56.9277 Z"/></g><path sodipodi:type="star" style="fill:#008000;fill-opacity:1;stroke:#0064ff;stroke-width:3.51486;stroke-linecap:round;stroke-linejoin:round;stroke-miterlimit:4;stroke-dasharray:none;stroke-opacity:0.595668" id="path28636" inkscape:flatsided="false" sodipodi:sides="5" sodipodi:cx="-34.961681" sodipodi:cy="35.898155" sodipodi:r1="50.916191" sodipodi:r2="21.922323" sodipodi:arg1="0.96408842" sodipodi:arg2="1.592407" inkscape:rounded="0" inkscape:randomized="0" d="M -5.9310002,77.727309 -35.435401,57.81536 -65.772596,76.433893 -55.952569,42.22041 -83.034555,19.121466 l 35.573511,-1.233147 13.599608,-32.894466 12.165611,33.451357 35.487006,2.769046 -28.05475,21.907222 z" inkscape:transform-center-x="-0.2510849" inkscape:transform-center-y="-0.028170303"/>
  </g></g>
</svg>