<!-- Created with Inkscape (http://www.inkscape.org/) --><svg xmlns:dc="http://purl.org/dc/elements/1.1/" xmlns:cc="http://creativecommons.org/ns#" xmlns:rdf="http://www.w3.org/1999/02/22-rdf-syntax-ns#" xmlns:svg="http://www.w3.org/2000/svg" xmlns="http://www.w3.org/2000/svg" version="1.1" width="793.7007874" height="1122.519685">
  <ns0:namedview xmlns:ns0="http://sodipodi.sourceforge.net/DTD/sodipodi-0.dtd"/><defs id="defs4"><svg:filter height="3" width="3" x="-0.5" y="-0.5" id="filter8555"><svg:feGaussianBlur stdDeviation="1.1"/></svg:filter></defs>
  <metadata id="metadata7">
    <rdf:RDF>
      <cc:Work rdf:about="">
        <dc:format>image/svg+xml</dc:format>
        <dc:type rdf:resource="http://purl.org/dc/dcmitype/StillImage"/>
        <dc:title/>
      </cc:Work>
    </rdf:RDF>
  </metadata>
  <g id="layer1"/>
<svg:g xmlns:ns1="http://www.inkscape.org/namespaces/inkscape" ns1:label="Chart-Layer: 22,11,67" ns1:groupmode="layer"><svg:circle cx="396.8503937" cy="561.2598425" r="100" style="filter:url(#filter8555);fill:#000000"/><svg:circle cx="396.8503937" cy="561.2598425" r="100" style="stroke:#ececec;fill:#f9f9f9"/><svg:path d="M 496.71 566.56 l 2.99578 0.158993" style="fill:none;stroke:black;stroke-linecap:butt;stroke-width:1.0"/><svg:text style="-inkscape-font-specification:Bitstream Charter;fill:black;font-family:sans-serif;font-size:10px;font-stretch:normal;font-style:normal;font-variant:normal;font-weight:normal;text-align:start;text-anchor:start" x="501.702829704" y="570.157945739">January</svg:text><svg:path xmlns:ns1="http://sodipodi.sourceforge.net/DTD/sodipodi-0.dtd" ns1:type="arc" ns1:cx="396.8503937" ns1:cy="561.2598425" ns1:rx="100" ns1:ry="100" ns1:start="0" ns1:end="0.106045299578" style="fill:#460101;stroke:none;fill-opacity:1"/><svg:path d="M 493.001 588.739 l 2.88451 0.824363" style="fill:none;stroke:black;stroke-linecap:butt;stroke-width:1.0"/><svg:text style="-inkscape-font-specification:Bitstream Charter;fill:black;font-family:sans-serif;font-size:10px;font-stretch:normal;font-style:normal;font-variant:normal;font-weight:normal;text-align:start;text-anchor:start" x="497.808410325" y="593.445885915">February</svg:text><svg:path xmlns:ns1="http://sodipodi.sourceforge.net/DTD/sodipodi-0.dtd" ns1:type="arc" ns1:cx="396.8503937" ns1:cy="561.2598425" ns1:rx="100" ns1:ry="100" ns1:start="0.106045299578" ns1:end="0.450692523207" style="fill:#980101;stroke:none;fill-opacity:1"/><svg:path d="M 476.647 621.53 l 2.39391 1.80809" style="fill:none;stroke:black;stroke-linecap:butt;stroke-width:1.0"/><svg:text style="-inkscape-font-specification:Bitstream Charter;fill:black;font-family:sans-serif;font-size:10px;font-stretch:normal;font-style:normal;font-variant:normal;font-weight:normal;text-align:start;text-anchor:start" x="480.637276862" y="627.876334809">March</svg:text><svg:path xmlns:ns1="http://sodipodi.sourceforge.net/DTD/sodipodi-0.dtd" ns1:type="arc" ns1:cx="396.8503937" ns1:cy="561.2598425" ns1:rx="100" ns1:ry="100" ns1:start="0.450692523207" ns1:end="0.843060131646" style="fill:#d40000;stroke:none;fill-opacity:1"/><svg:path d="M 446.85 647.862 l 1.5 2.59808" style="fill:none;stroke:black;stroke-linecap:butt;stroke-width:1.0"/><svg:text style="-inkscape-font-specification:Bitstream Charter;fill:black;font-family:sans-serif;font-size:10px;font-stretch:normal;font-style:normal;font-variant:normal;font-weight:normal;text-align:start;text-anchor:start" x="449.350413511" y="655.525831793">April</svg:text><svg:path xmlns:ns1="http://sodipodi.sourceforge.net/DTD/sodipodi-0.dtd" ns1:type="arc" ns1:cx="396.8503937" ns1:cy="561.2598425" ns1:rx="100" ns1:ry="100" ns1:start="0.843060131646" ns1:end="1.25133453502" style="fill:#f44800;stroke:none;fill-opacity:1"/><svg:path d="M 399.899 661.213 l 0.0914509 2.99861" style="fill:none;stroke:black;stroke-linecap:butt;stroke-width:1.0"/><svg:text style="-inkscape-font-specification:Bitstream Charter;fill:black;font-family:sans-serif;font-size:10px;font-stretch:normal;font-style:normal;font-variant:normal;font-weight:normal;text-align:start;text-anchor:start" x="400.051174565" y="669.544378789">May</svg:text><svg:path xmlns:ns1="http://sodipodi.sourceforge.net/DTD/sodipodi-0.dtd" ns1:type="arc" ns1:cx="396.8503937" ns1:cy="561.2598425" ns1:rx="100" ns1:ry="100" ns1:start="1.25133453502" ns1:end="1.82928141772" style="fill:#fb8b00;stroke:none;fill-opacity:1"/><svg:path d="M 341.004 644.213 l -1.67538 2.48859" style="fill:none;stroke:black;stroke-linecap:butt;stroke-width:1.0"/><svg:text style="-inkscape-font-specification:Bitstream Charter;fill:black;font-family:sans-serif;font-size:10px;font-stretch:normal;font-style:normal;font-variant:normal;font-weight:normal;text-align:end;text-anchor:end" x="338.212127065" y="651.694000663">June</svg:text><svg:path xmlns:ns1="http://sodipodi.sourceforge.net/DTD/sodipodi-0.dtd" ns1:type="arc" ns1:cx="396.8503937" ns1:cy="561.2598425" ns1:rx="100" ns1:ry="100" ns1:start="1.82928141772" ns1:end="2.49736680506" style="fill:#eec73e;stroke:none;fill-opacity:1"/><svg:path d="M 298.981 581.792 l -2.93609 0.615955" style="fill:none;stroke:black;stroke-linecap:butt;stroke-width:1.0"/><svg:text style="-inkscape-font-specification:Bitstream Charter;fill:black;font-family:sans-serif;font-size:10px;font-stretch:normal;font-style:normal;font-variant:normal;font-weight:normal;text-align:end;text-anchor:end" x="294.087393623" y="586.151603774">July</svg:text><svg:path xmlns:ns1="http://sodipodi.sourceforge.net/DTD/sodipodi-0.dtd" ns1:type="arc" ns1:cx="396.8503937" ns1:cy="561.2598425" ns1:rx="100" ns1:ry="100" ns1:start="2.49736680506" ns1:end="3.37224052658" style="fill:#d9bb7a;stroke:none;fill-opacity:1"/><svg:path d="M 317.374 500.568 l -2.38429 -1.82076" style="fill:none;stroke:black;stroke-linecap:butt;stroke-width:1.0"/><svg:text style="-inkscape-font-specification:Bitstream Charter;fill:black;font-family:sans-serif;font-size:10px;font-stretch:normal;font-style:normal;font-variant:normal;font-weight:normal;text-align:end;text-anchor:end" x="313.400189182" y="500.866702795">August</svg:text><svg:path xmlns:ns1="http://sodipodi.sourceforge.net/DTD/sodipodi-0.dtd" ns1:type="arc" ns1:cx="396.8503937" ns1:cy="561.2598425" ns1:rx="100" ns1:ry="100" ns1:start="3.37224052658" ns1:end="4.21530065823" style="fill:#fdd99b;stroke:none;fill-opacity:1"/><svg:path d="M 384.291 462.052 l -0.376792 -2.97624" style="fill:none;stroke:black;stroke-linecap:butt;stroke-width:1.0"/><svg:text style="-inkscape-font-specification:Bitstream Charter;fill:black;font-family:sans-serif;font-size:10px;font-stretch:normal;font-style:normal;font-variant:normal;font-weight:normal;text-align:end;text-anchor:end" x="383.662687848" y="460.424637328">September</svg:text><svg:path xmlns:ns1="http://sodipodi.sourceforge.net/DTD/sodipodi-0.dtd" ns1:type="arc" ns1:cx="396.8503937" ns1:cy="561.2598425" ns1:rx="100" ns1:ry="100" ns1:start="4.21530065823" ns1:end="4.95761775527" style="fill:#460101;stroke:none;fill-opacity:1"/><svg:path d="M 450.029 476.572 l 1.59537 -2.54063" style="fill:none;stroke:black;stroke-linecap:butt;stroke-width:1.0"/><svg:text style="-inkscape-font-specification:Bitstream Charter;fill:black;font-family:sans-serif;font-size:10px;font-stretch:normal;font-style:normal;font-variant:normal;font-weight:normal;text-align:start;text-anchor:start" x="452.688408172" y="475.671209257">October</svg:text><svg:path xmlns:ns1="http://sodipodi.sourceforge.net/DTD/sodipodi-0.dtd" ns1:type="arc" ns1:cx="396.8503937" ns1:cy="561.2598425" ns1:rx="100" ns1:ry="100" ns1:start="4.95761775527" ns1:end="5.58858728776" style="fill:#980101;stroke:none;fill-opacity:1"/><svg:path d="M 483.782 511.835 l 2.60796 -1.48275" style="fill:none;stroke:black;stroke-linecap:butt;stroke-width:1.0"/><svg:text style="-inkscape-font-specification:Bitstream Charter;fill:black;font-family:sans-serif;font-size:10px;font-stretch:normal;font-style:normal;font-variant:normal;font-weight:normal;text-align:start;text-anchor:start" x="488.12896026" y="512.696901528">November</svg:text><svg:path xmlns:ns1="http://sodipodi.sourceforge.net/DTD/sodipodi-0.dtd" ns1:type="arc" ns1:cx="396.8503937" ns1:cy="561.2598425" ns1:rx="100" ns1:ry="100" ns1:start="5.58858728776" ns1:end="5.94383904135" style="fill:#d40000;stroke:none;fill-opacity:1"/><svg:path d="M 495.414 544.374 l 2.95692 -0.506582" style="fill:none;stroke:black;stroke-linecap:butt;stroke-width:1.0"/><svg:text style="-inkscape-font-specification:Bitstream Charter;fill:black;font-family:sans-serif;font-size:10px;font-stretch:normal;font-style:normal;font-variant:normal;font-weight:normal;text-align:start;text-anchor:start" x="500.342583624" y="546.862788786">December</svg:text><svg:path xmlns:ns1="http://sodipodi.sourceforge.net/DTD/sodipodi-0.dtd" ns1:type="arc" ns1:cx="396.8503937" ns1:cy="561.2598425" ns1:rx="100" ns1:ry="100" ns1:start="5.94383904135" ns1:end="6.283184" style="fill:#f44800;stroke:none;fill-opacity:1"/><svg:text style="-inkscape-font-specification:Bitstream Charter;fill:black;font-family:sans-serif;font-size:14px;font-stretch:normal;font-style:normal;font-variant:normal;font-weight:normal;text-align:end;text-anchor:end" y="611.2598425" x="296.8503937">1978</svg:text></svg:g></svg>