<!-- Created with Inkscape (http://www.inkscape.org/) --><svg xmlns:dc="http://purl.org/dc/elements/1.1/" xmlns:cc="http://creativecommons.org/ns#" xmlns:rdf="http://www.w3.org/1999/02/22-rdf-syntax-ns#" xmlns:svg="http://www.w3.org/2000/svg" xmlns="http://www.w3.org/2000/svg" version="1.1" width="793.7007874" height="1122.519685">
  <ns0:namedview xmlns:ns0="http://sodipodi.sourceforge.net/DTD/sodipodi-0.dtd"/><defs id="defs4"><svg:filter height="3" width="3" x="-0.5" y="-0.5" id="filter5392"><svg:feGaussianBlur stdDeviation="1.1"/></svg:filter></defs>
  <metadata id="metadata7">
    <rdf:RDF>
      <cc:Work rdf:about="">
        <dc:format>image/svg+xml</dc:format>
        <dc:type rdf:resource="http://purl.org/dc/dcmitype/StillImage"/>
        <dc:title/>
      </cc:Work>
    </rdf:RDF>
  </metadata>
  <g id="layer1"/>
<svg:g xmlns:ns1="http://www.inkscape.org/namespaces/inkscape" ns1:groupmode="layer" ns1:label="Chart-Layer: 22,11,67"><svg:circle cx="396.8503937" cy="561.2598425" r="100" style="filter:url(#filter5392);fill:#000000"/><svg:circle cx="396.8503937" cy="561.2598425" r="100" style="stroke:#ececec;fill:#f9f9f9"/><svg:path d="M 496.653 567.539 l 2.99408 0.188372" style="fill:none;stroke:black;stroke-linecap:butt;stroke-width:1.0"/><svg:text style="-inkscape-font-specification:Bitstream Charter;fill:black;font-family:sans-serif;font-size:10px;font-stretch:normal;font-style:normal;font-variant:normal;font-weight:normal;text-align:start;text-anchor:start" x="501.64320027115093" y="571.1861790140811">January</svg:text><svg:path xmlns:ns1="http://sodipodi.sourceforge.net/DTD/sodipodi-0.dtd" ns1:cx="396.8503937" ns1:cy="561.2598425" ns1:rx="100" ns1:ry="100" ns1:type="arc" ns1:start="0" ns1:end="0.12566368" d="m 496.85 561.26 a 100 100 0 0 1 -0.78853 12.5333 l -99.2115 -12.5333 z" style="fill:#460101;stroke:none;fill-opacity:1"/><svg:path d="M 491.459 593.652 l 2.83826 0.971752" style="fill:none;stroke:black;stroke-linecap:butt;stroke-width:1.0"/><svg:text style="-inkscape-font-specification:Bitstream Charter;fill:black;font-family:sans-serif;font-size:10px;font-stretch:normal;font-style:normal;font-variant:normal;font-weight:normal;text-align:start;text-anchor:start" x="496.18935871098506" y="598.6044979268111">February</svg:text><svg:path xmlns:ns1="http://sodipodi.sourceforge.net/DTD/sodipodi-0.dtd" ns1:cx="396.8503937" ns1:cy="561.2598425" ns1:rx="100" ns1:ry="100" ns1:type="arc" ns1:start="0.12566368" ns1:end="0.5340706399999999" d="m 496.062 573.793 a 100 100 0 0 1 -13.1373 38.3708 l -86.0742 -50.9041 z" style="fill:#980101;stroke:none;fill-opacity:1"/><svg:path d="M 468.881 630.625 l 2.16093 2.08096" style="fill:none;stroke:black;stroke-linecap:butt;stroke-width:1.0"/><svg:text style="-inkscape-font-specification:Bitstream Charter;fill:black;font-family:sans-serif;font-size:10px;font-stretch:normal;font-style:normal;font-variant:normal;font-weight:normal;text-align:start;text-anchor:start" x="472.48285292843343" y="637.4267608821236">March</svg:text><svg:path xmlns:ns1="http://sodipodi.sourceforge.net/DTD/sodipodi-0.dtd" ns1:cx="396.8503937" ns1:cy="561.2598425" ns1:rx="100" ns1:ry="100" ns1:type="arc" ns1:start="0.5340706399999999" ns1:end="0.999026256" d="m 482.925 612.164 a 100 100 0 0 1 -31.9621 33.1903 l -54.1121 -84.0944 z" style="fill:#d40000;stroke:none;fill-opacity:1"/><svg:path d="M 429.242 655.868 l 0.971753 2.83826" style="fill:none;stroke:black;stroke-linecap:butt;stroke-width:1.0"/><svg:text style="-inkscape-font-specification:Bitstream Charter;fill:black;font-family:sans-serif;font-size:10px;font-stretch:normal;font-style:normal;font-variant:normal;font-weight:normal;text-align:start;text-anchor:start" x="430.8617482569427" y="663.9321297295866">April</svg:text><svg:path xmlns:ns1="http://sodipodi.sourceforge.net/DTD/sodipodi-0.dtd" ns1:cx="396.8503937" ns1:cy="561.2598425" ns1:rx="100" ns1:ry="100" ns1:type="arc" ns1:start="0.999026256" ns1:end="1.482831424" d="m 450.963 645.354 a 100 100 0 0 1 -45.327 15.5189 l -8.78515 -99.6134 z" style="fill:#f44800;stroke:none;fill-opacity:1"/><svg:path d="M 371.677 658.04 l -0.755194 2.90339" style="fill:none;stroke:black;stroke-linecap:butt;stroke-width:1.0"/><svg:text style="-inkscape-font-specification:Bitstream Charter;fill:black;font-family:sans-serif;font-size:10px;font-stretch:normal;font-style:normal;font-variant:normal;font-weight:normal;text-align:end;text-anchor:end" x="370.4186196780531" y="666.211881404959">May</svg:text><svg:path xmlns:ns1="http://sodipodi.sourceforge.net/DTD/sodipodi-0.dtd" ns1:cx="396.8503937" ns1:cy="561.2598425" ns1:rx="100" ns1:ry="100" ns1:type="arc" ns1:start="1.482831424" ns1:end="2.16769848" d="m 405.636 660.873 a 100 100 0 0 1 -64.9935 -16.9053 l 56.2083 -82.7081 z" style="fill:#fb8b00;stroke:none;fill-opacity:1"/><svg:path d="M 313.098 615.899 l -2.51258 1.63918" style="fill:none;stroke:black;stroke-linecap:butt;stroke-width:1.0"/><svg:text style="-inkscape-font-specification:Bitstream Charter;fill:black;font-family:sans-serif;font-size:10px;font-stretch:normal;font-style:normal;font-variant:normal;font-weight:normal;text-align:end;text-anchor:end" x="308.909980093438" y="621.9646291416365">June</svg:text><svg:path xmlns:ns1="http://sodipodi.sourceforge.net/DTD/sodipodi-0.dtd" ns1:cx="396.8503937" ns1:cy="561.2598425" ns1:rx="100" ns1:ry="100" ns1:type="arc" ns1:start="2.16769848" ns1:end="2.959379664" d="m 340.642 643.968 a 100 100 0 0 1 -42.1362 -64.5874 l 98.3445 -18.1206 z" style="fill:#eec73e;stroke:none;fill-opacity:1"/><svg:path d="M 302.447 528.274 l -2.8321 -0.989564" style="fill:none;stroke:black;stroke-linecap:butt;stroke-width:1.0"/><svg:text style="-inkscape-font-specification:Bitstream Charter;fill:black;font-family:sans-serif;font-size:10px;font-stretch:normal;font-style:normal;font-variant:normal;font-weight:normal;text-align:end;text-anchor:end" x="297.72706490609664" y="529.9584289912423">July</svg:text><svg:path xmlns:ns1="http://sodipodi.sourceforge.net/DTD/sodipodi-0.dtd" ns1:cx="396.8503937" ns1:cy="561.2598425" ns1:rx="100" ns1:ry="100" ns1:type="arc" ns1:start="2.959379664" ns1:end="3.9961050240000002" d="m 298.506 579.38 a 100 100 0 0 1 32.6859 -93.5457 l 65.6586 75.4251 z" style="fill:#d9bb7a;stroke:none;fill-opacity:1"/><svg:path d="M 375.343 463.6 l -0.645231 -2.92979" style="fill:none;stroke:black;stroke-linecap:butt;stroke-width:1.0"/><svg:text style="-inkscape-font-specification:Bitstream Charter;fill:black;font-family:sans-serif;font-size:10px;font-stretch:normal;font-style:normal;font-variant:normal;font-weight:normal;text-align:end;text-anchor:end" x="374.2672929063476" y="462.05048443826735">August</svg:text><svg:path xmlns:ns1="http://sodipodi.sourceforge.net/DTD/sodipodi-0.dtd" ns1:cx="396.8503937" ns1:cy="561.2598425" ns1:rx="100" ns1:ry="100" ns1:type="arc" ns1:start="3.9961050240000002" ns1:end="4.995131280000001" d="m 331.192 485.835 a 100 100 0 0 1 93.5576 -20.6043 l -27.899 96.0294 z" style="fill:#fdd99b;stroke:none;fill-opacity:1"/><svg:path d="M 462.981 486.249 l 1.98393 -2.25034" style="fill:none;stroke:black;stroke-linecap:butt;stroke-width:1.0"/><svg:text style="-inkscape-font-specification:Bitstream Charter;fill:black;font-family:sans-serif;font-size:10px;font-stretch:normal;font-style:normal;font-variant:normal;font-weight:normal;text-align:start;text-anchor:start" x="466.28805050231296" y="485.8314350082081">September</svg:text><svg:path xmlns:ns1="http://sodipodi.sourceforge.net/DTD/sodipodi-0.dtd" ns1:cx="396.8503937" ns1:cy="561.2598425" ns1:rx="100" ns1:ry="100" ns1:type="arc" ns1:start="4.995131280000001" ns1:end="5.874777040000001" d="m 424.749 465.23 a 100 100 0 0 1 63.8764 56.3145 l -91.7754 39.7149 z" style="fill:#460101;stroke:none;fill-opacity:1"/><svg:path d="M 496.791 557.805 l 2.99821 -0.103656" style="fill:none;stroke:black;stroke-linecap:butt;stroke-width:1.0"/><svg:text style="-inkscape-font-specification:Bitstream Charter;fill:black;font-family:sans-serif;font-size:10px;font-stretch:normal;font-style:normal;font-variant:normal;font-weight:normal;text-align:start;text-anchor:start" x="501.78769856105686" y="560.9652220715534">October</svg:text><svg:path xmlns:ns1="http://sodipodi.sourceforge.net/DTD/sodipodi-0.dtd" ns1:cx="396.8503937" ns1:cy="561.2598425" ns1:rx="100" ns1:ry="100" ns1:type="arc" ns1:start="5.874777040000001" ns1:end="6.622475936000001" d="m 488.626 521.545 a 100 100 0 0 1 2.52369 72.9967 l -94.2991 -33.2818 z" style="fill:#980101;stroke:none;fill-opacity:1"/><svg:path d="M 482.114 613.51 l 2.55792 1.56749" style="fill:none;stroke:black;stroke-linecap:butt;stroke-width:1.0"/><svg:text style="-inkscape-font-specification:Bitstream Charter;fill:black;font-family:sans-serif;font-size:10px;font-stretch:normal;font-style:normal;font-variant:normal;font-weight:normal;text-align:start;text-anchor:start" x="486.3776889470897" y="619.4553978603386">November</svg:text><svg:path xmlns:ns1="http://sodipodi.sourceforge.net/DTD/sodipodi-0.dtd" ns1:cx="396.8503937" ns1:cy="561.2598425" ns1:rx="100" ns1:ry="100" ns1:type="arc" ns1:start="6.622475936000001" ns1:end="7.043449264" d="m 491.149 594.542 a 100 100 0 0 1 -21.8337 35.6295 l -72.4654 -68.9113 z" style="fill:#d40000;stroke:none;fill-opacity:1"/><svg:path d="M 454.094 643.255 l 1.7173 2.45985" style="fill:none;stroke:black;stroke-linecap:butt;stroke-width:1.0"/><svg:text style="-inkscape-font-specification:Bitstream Charter;fill:black;font-family:sans-serif;font-size:10px;font-stretch:normal;font-style:normal;font-variant:normal;font-weight:normal;text-align:start;text-anchor:start" x="456.9558966478161" y="650.6880567229082">December</svg:text><svg:path xmlns:ns1="http://sodipodi.sourceforge.net/DTD/sodipodi-0.dtd" ns1:cx="396.8503937" ns1:cy="561.2598425" ns1:rx="100" ns1:ry="100" ns1:type="arc" ns1:start="7.043449264" ns1:end="7.44557304" d="m 469.316 630.171 a 100 100 0 0 1 -32.7505 22.8641 l -39.7149 -91.7754 z" style="fill:#f44800;stroke:none;fill-opacity:1"/><svg:text style="-inkscape-font-specification:Bitstream Charter;fill:black;font-family:sans-serif;font-size:14px;font-stretch:normal;font-style:normal;font-variant:normal;font-weight:normal;text-align:end;text-anchor:end" y="611.2598425" x="296.8503937">1978</svg:text></svg:g></svg>