<!-- Created with Inkscape (http://www.inkscape.org/) --><svg xmlns:dc="http://purl.org/dc/elements/1.1/" xmlns:cc="http://creativecommons.org/ns#" xmlns:rdf="http://www.w3.org/1999/02/22-rdf-syntax-ns#" xmlns:svg="http://www.w3.org/2000/svg" xmlns="http://www.w3.org/2000/svg" version="1.1" width="793.7007874" height="1122.519685">
  <ns0:namedview xmlns:ns0="http://sodipodi.sourceforge.net/DTD/sodipodi-0.dtd"/><defs id="defs4"><svg:filter height="3" width="3" x="-0.5" y="-0.5" id="filter5392"><svg:feGaussianBlur stdDeviation="1.1"/></svg:filter></defs>
  <metadata id="metadata7">
    <rdf:RDF>
      <cc:Work rdf:about="">
        <dc:format>image/svg+xml</dc:format>
        <dc:type rdf:resource="http://purl.org/dc/dcmitype/StillImage"/>
        <dc:title/>
      </cc:Work>
    </rdf:RDF>
  </metadata>
  <g id="layer1"/>
<svg:g xmlns:ns1="http://www.inkscape.org/namespaces/inkscape" ns1:label="Chart-Layer: 22,11,67" ns1:groupmode="layer"><svg:circle cx="396.8503937" cy="561.2598425" r="100" style="filter:url(#filter5392);fill:#000000"/><svg:circle cx="396.8503937" cy="561.2598425" r="100" style="stroke:#ececec;fill:#f9f9f9"/><svg:path d="M 496.653 567.539 l 2.99408 0.188372" style="fill:none;stroke:black;stroke-linecap:butt;stroke-width:1.0"/><svg:text style="-inkscape-font-specification:Bitstream Charter;fill:black;font-family:sans-serif;font-size:10px;font-stretch:normal;font-style:normal;font-variant:normal;font-weight:normal;text-align:start;text-anchor:start" x="501.643200271" y="571.186179014">January</svg:text><svg:path xmlns:ns1="http://sodipodi.sourceforge.net/DTD/sodipodi-0.dtd" ns1:type="arc" ns1:cx="396.8503937" ns1:cy="561.2598425" ns1:rx="100" ns1:ry="100" ns1:start="0" ns1:end="0.12566368" style="fill:#460101;stroke:none;fill-opacity:1"/><svg:path d="M 491.459 593.652 l 2.83826 0.971752" style="fill:none;stroke:black;stroke-linecap:butt;stroke-width:1.0"/><svg:text style="-inkscape-font-specification:Bitstream Charter;fill:black;font-family:sans-serif;font-size:10px;font-stretch:normal;font-style:normal;font-variant:normal;font-weight:normal;text-align:start;text-anchor:start" x="496.189358711" y="598.604497927">February</svg:text><svg:path xmlns:ns1="http://sodipodi.sourceforge.net/DTD/sodipodi-0.dtd" ns1:type="arc" ns1:cx="396.8503937" ns1:cy="561.2598425" ns1:rx="100" ns1:ry="100" ns1:start="0.12566368" ns1:end="0.53407064" style="fill:#980101;stroke:none;fill-opacity:1"/><svg:path d="M 468.881 630.625 l 2.16093 2.08096" style="fill:none;stroke:black;stroke-linecap:butt;stroke-width:1.0"/><svg:text style="-inkscape-font-specification:Bitstream Charter;fill:black;font-family:sans-serif;font-size:10px;font-stretch:normal;font-style:normal;font-variant:normal;font-weight:normal;text-align:start;text-anchor:start" x="472.482852928" y="637.426760882">March</svg:text><svg:path xmlns:ns1="http://sodipodi.sourceforge.net/DTD/sodipodi-0.dtd" ns1:type="arc" ns1:cx="396.8503937" ns1:cy="561.2598425" ns1:rx="100" ns1:ry="100" ns1:start="0.53407064" ns1:end="0.999026256" style="fill:#d40000;stroke:none;fill-opacity:1"/><svg:path d="M 429.242 655.868 l 0.971753 2.83826" style="fill:none;stroke:black;stroke-linecap:butt;stroke-width:1.0"/><svg:text style="-inkscape-font-specification:Bitstream Charter;fill:black;font-family:sans-serif;font-size:10px;font-stretch:normal;font-style:normal;font-variant:normal;font-weight:normal;text-align:start;text-anchor:start" x="430.861748257" y="663.93212973">April</svg:text><svg:path xmlns:ns1="http://sodipodi.sourceforge.net/DTD/sodipodi-0.dtd" ns1:type="arc" ns1:cx="396.8503937" ns1:cy="561.2598425" ns1:rx="100" ns1:ry="100" ns1:start="0.999026256" ns1:end="1.482831424" style="fill:#f44800;stroke:none;fill-opacity:1"/><svg:path d="M 371.677 658.04 l -0.755194 2.90339" style="fill:none;stroke:black;stroke-linecap:butt;stroke-width:1.0"/><svg:text style="-inkscape-font-specification:Bitstream Charter;fill:black;font-family:sans-serif;font-size:10px;font-stretch:normal;font-style:normal;font-variant:normal;font-weight:normal;text-align:end;text-anchor:end" x="370.418619678" y="666.211881405">May</svg:text><svg:path xmlns:ns1="http://sodipodi.sourceforge.net/DTD/sodipodi-0.dtd" ns1:type="arc" ns1:cx="396.8503937" ns1:cy="561.2598425" ns1:rx="100" ns1:ry="100" ns1:start="1.482831424" ns1:end="2.16769848" style="fill:#fb8b00;stroke:none;fill-opacity:1"/><svg:path d="M 313.098 615.899 l -2.51258 1.63918" style="fill:none;stroke:black;stroke-linecap:butt;stroke-width:1.0"/><svg:text style="-inkscape-font-specification:Bitstream Charter;fill:black;font-family:sans-serif;font-size:10px;font-stretch:normal;font-style:normal;font-variant:normal;font-weight:normal;text-align:end;text-anchor:end" x="308.909980093" y="621.964629142">June</svg:text><svg:path xmlns:ns1="http://sodipodi.sourceforge.net/DTD/sodipodi-0.dtd" ns1:type="arc" ns1:cx="396.8503937" ns1:cy="561.2598425" ns1:rx="100" ns1:ry="100" ns1:start="2.16769848" ns1:end="2.959379664" style="fill:#eec73e;stroke:none;fill-opacity:1"/><svg:path d="M 302.447 528.274 l -2.8321 -0.989564" style="fill:none;stroke:black;stroke-linecap:butt;stroke-width:1.0"/><svg:text style="-inkscape-font-specification:Bitstream Charter;fill:black;font-family:sans-serif;font-size:10px;font-stretch:normal;font-style:normal;font-variant:normal;font-weight:normal;text-align:end;text-anchor:end" x="297.727064906" y="529.958428991">July</svg:text><svg:path xmlns:ns1="http://sodipodi.sourceforge.net/DTD/sodipodi-0.dtd" ns1:type="arc" ns1:cx="396.8503937" ns1:cy="561.2598425" ns1:rx="100" ns1:ry="100" ns1:start="2.959379664" ns1:end="3.996105024" style="fill:#d9bb7a;stroke:none;fill-opacity:1"/><svg:path d="M 375.343 463.6 l -0.645231 -2.92979" style="fill:none;stroke:black;stroke-linecap:butt;stroke-width:1.0"/><svg:text style="-inkscape-font-specification:Bitstream Charter;fill:black;font-family:sans-serif;font-size:10px;font-stretch:normal;font-style:normal;font-variant:normal;font-weight:normal;text-align:end;text-anchor:end" x="374.267292906" y="462.050484438">August</svg:text><svg:path xmlns:ns1="http://sodipodi.sourceforge.net/DTD/sodipodi-0.dtd" ns1:type="arc" ns1:cx="396.8503937" ns1:cy="561.2598425" ns1:rx="100" ns1:ry="100" ns1:start="3.996105024" ns1:end="4.99513128" style="fill:#fdd99b;stroke:none;fill-opacity:1"/><svg:path d="M 462.981 486.249 l 1.98393 -2.25034" style="fill:none;stroke:black;stroke-linecap:butt;stroke-width:1.0"/><svg:text style="-inkscape-font-specification:Bitstream Charter;fill:black;font-family:sans-serif;font-size:10px;font-stretch:normal;font-style:normal;font-variant:normal;font-weight:normal;text-align:start;text-anchor:start" x="466.288050502" y="485.831435008">September</svg:text><svg:path xmlns:ns1="http://sodipodi.sourceforge.net/DTD/sodipodi-0.dtd" ns1:type="arc" ns1:cx="396.8503937" ns1:cy="561.2598425" ns1:rx="100" ns1:ry="100" ns1:start="4.99513128" ns1:end="5.87477704" style="fill:#460101;stroke:none;fill-opacity:1"/><svg:path d="M 496.791 557.805 l 2.99821 -0.103656" style="fill:none;stroke:black;stroke-linecap:butt;stroke-width:1.0"/><svg:text style="-inkscape-font-specification:Bitstream Charter;fill:black;font-family:sans-serif;font-size:10px;font-stretch:normal;font-style:normal;font-variant:normal;font-weight:normal;text-align:start;text-anchor:start" x="501.787698561" y="560.965222072">October</svg:text><svg:path xmlns:ns1="http://sodipodi.sourceforge.net/DTD/sodipodi-0.dtd" ns1:type="arc" ns1:cx="396.8503937" ns1:cy="561.2598425" ns1:rx="100" ns1:ry="100" ns1:start="5.87477704" ns1:end="6.622475936" style="fill:#980101;stroke:none;fill-opacity:1"/><svg:path d="M 482.114 613.51 l 2.55792 1.56749" style="fill:none;stroke:black;stroke-linecap:butt;stroke-width:1.0"/><svg:text style="-inkscape-font-specification:Bitstream Charter;fill:black;font-family:sans-serif;font-size:10px;font-stretch:normal;font-style:normal;font-variant:normal;font-weight:normal;text-align:start;text-anchor:start" x="486.377688947" y="619.45539786">November</svg:text><svg:path xmlns:ns1="http://sodipodi.sourceforge.net/DTD/sodipodi-0.dtd" ns1:type="arc" ns1:cx="396.8503937" ns1:cy="561.2598425" ns1:rx="100" ns1:ry="100" ns1:start="6.622475936" ns1:end="7.043449264" style="fill:#d40000;stroke:none;fill-opacity:1"/><svg:path d="M 454.094 643.255 l 1.7173 2.45985" style="fill:none;stroke:black;stroke-linecap:butt;stroke-width:1.0"/><svg:text style="-inkscape-font-specification:Bitstream Charter;fill:black;font-family:sans-serif;font-size:10px;font-stretch:normal;font-style:normal;font-variant:normal;font-weight:normal;text-align:start;text-anchor:start" x="456.955896648" y="650.688056723">December</svg:text><svg:path xmlns:ns1="http://sodipodi.sourceforge.net/DTD/sodipodi-0.dtd" ns1:type="arc" ns1:cx="396.8503937" ns1:cy="561.2598425" ns1:rx="100" ns1:ry="100" ns1:start="7.043449264" ns1:end="7.44557304" style="fill:#f44800;stroke:none;fill-opacity:1"/><svg:text style="-inkscape-font-specification:Bitstream Charter;fill:black;font-family:sans-serif;font-size:14px;font-stretch:normal;font-style:normal;font-variant:normal;font-weight:normal;text-align:end;text-anchor:end" y="611.2598425" x="296.8503937">1978</svg:text></svg:g></svg>