<svg xmlns:dc="http://purl.org/dc/elements/1.1/" xmlns:cc="http://creativecommons.org/ns#" xmlns:rdf="http://www.w3.org/1999/02/22-rdf-syntax-ns#" xmlns:svg="http://www.w3.org/2000/svg" xmlns="http://www.w3.org/2000/svg" xmlns:sodipodi="http://sodipodi.sourceforge.net/DTD/sodipodi-0.dtd" xmlns:inkscape="http://www.inkscape.org/namespaces/inkscape" id="svg1442" version="1.1" viewBox="0 0 48.229092 27.352564" height="27.352564mm" width="48.229092mm">
  <g id="layer1" inkscape:groupmode="layer" inkscape:label="Layer 1" transform="translate(-84.77, -2.14013)">
    <path style="fill:none;stroke:#000000;stroke-width:0.264583px;stroke-linecap:butt;stroke-linejoin:miter;stroke-opacity:1" d="m 112.2612,24.293057 -13.426401,2.78804 -13.88065,-10.77967 11.05107,-1.80082 z" id="envelope" inkscape:connector-curvature="0" sodipodi:nodetypes="ccccc"/>
    <g id="obj" transform="matrix(1.18319 0 0 1.24513 -21.0142 -3.87601)" style="stroke-width:0.823883">
      <path d="M 112.64 22.6234 L 101.293 24.8626 L 89.5614 16.2051 L 98.9014 14.7588 Z" style="fill:#ff0000;stroke-width:0.823883;stop-color:#000000" id="rectangle"/>
      <g transform="translate(-0.15119, -0.147829)" id="ellipse" style="stroke-width:0.823883">
        <path id="path868" style="fill:#ffff00;stroke-width:0.823883;stop-color:#000000" d="M 88.9332 14.6227 C 88.4768 14.286 88.2048 13.9367 88.1743 13.653 C 88.1403 13.3705 88.3504 13.1767 88.7612 13.1132 C 89.6164 12.9807 91.1238 13.4246 92.128 14.1046 C 93.1322 14.7845 93.2092 15.4604 92.3 15.6141 C 91.8634 15.6879 91.2609 15.6259 90.6278 15.4407 C 89.9981 15.2541 89.3895 14.9595 88.9332 14.6227" transform="translate(2.5, 3)"/>
        <g style="stroke-width:0.90823" transform="matrix(0.772837 0 -0.78133 1.06475 36.8685 -0.744527)" id="g877">
          <path sodipodi:nodetypes="cc" id="line" d="M 108.024 23.3548 L 95.6477 15.3974" style="fill:none;stroke:#000000;stroke-width:0.961211;stroke-linecap:butt;stroke-linejoin:miter;stroke-miterlimit:4;stroke-dasharray:none;stroke-opacity:1"/>
        </g>
      </g>
      <g style="font-style:normal;font-weight:normal;font-size:2.90648px;line-height:1.25;font-family:sans-serif;letter-spacing:0px;word-spacing:0px;fill:#00ff00;fill-opacity:1;stroke:none;stroke-width:0.179595" id="text" transform="scale(1.02584, 0.974809)" aria-label="Test">
        <path id="path1097" style="font-size:2.90648px;fill:#00ff00;stroke-width:0.179595" d="M 107.067 22.7975 L 104.594 23.3027 L 104.278 23.0942 L 105.311 22.8841 L 102.817 21.2762 L 103.198 21.2014 L 105.707 22.8036 L 106.74 22.5935 Z"/>
        <path id="path1099" style="font-size:2.90648px;fill:#00ff00;stroke-width:0.179595" d="M 101.42 22.5186 L 101.256 22.4067 L 102.87 22.086 C 102.619 21.9337 102.367 21.8295 102.115 21.773 C 101.863 21.7175 101.622 21.7123 101.391 21.7575 C 101.258 21.7837 101.145 21.8197 101.052 21.8657 C 100.958 21.9119 100.88 21.9687 100.82 22.0362 L 100.503 21.8199 C 100.577 21.7608 100.665 21.7094 100.769 21.6657 C 100.872 21.622 100.991 21.5871 101.125 21.5609 C 101.461 21.4953 101.824 21.507 102.214 21.5958 C 102.605 21.6844 102.966 21.8369 103.298 22.0535 C 103.641 22.2775 103.818 22.4741 103.827 22.6437 C 103.836 22.8149 103.677 22.9336 103.351 22.9996 C 103.059 23.0587 102.739 23.0451 102.392 22.9585 C 102.046 22.8727 101.722 22.7259 101.42 22.5186 Z M 101.87 22.5155 C 102.057 22.6398 102.258 22.7284 102.474 22.7814 C 102.689 22.8344 102.885 22.8432 103.06 22.8079 C 103.258 22.768 103.364 22.7003 103.376 22.6049 C 103.386 22.51 103.303 22.3963 103.125 22.2636 Z"/>
        <path id="path1101" style="font-size:2.90648px;fill:#00ff00;stroke-width:0.179595" d="M 100.325 23.5145 L 100.018 23.2943 C 100.166 23.3078 100.305 23.3121 100.437 23.3072 C 100.569 23.3022 100.693 23.2881 100.809 23.2647 C 100.985 23.2292 101.093 23.1849 101.132 23.1319 C 101.169 23.0792 101.137 23.0178 101.037 22.9476 C 100.96 22.8942 100.868 22.8583 100.761 22.8399 C 100.656 22.8223 100.489 22.8186 100.26 22.8287 L 100.115 22.8351 C 99.8149 22.8496 99.5676 22.8348 99.3725 22.7907 C 99.1776 22.7475 98.9998 22.668 98.839 22.5523 C 98.6558 22.4205 98.5888 22.3009 98.6376 22.1936 C 98.6846 22.0867 98.8433 22.0069 99.1139 21.954 C 99.2267 21.9319 99.3552 21.9164 99.4996 21.9075 C 99.6415 21.8979 99.8013 21.8944 99.9789 21.897 L 100.322 22.1342 C 100.13 22.1154 99.9549 22.107 99.7979 22.109 C 99.6422 22.1117 99.5033 22.1251 99.3813 22.149 C 99.2177 22.1812 99.1179 22.2244 99.0819 22.2787 C 99.0469 22.3339 99.0771 22.3956 99.1728 22.4638 C 99.2613 22.5269 99.3615 22.569 99.4735 22.5898 C 99.5843 22.6109 99.7702 22.6154 100.031 22.6033 L 100.18 22.5979 C 100.441 22.5848 100.664 22.5995 100.849 22.6419 C 101.036 22.6851 101.208 22.7607 101.365 22.869 C 101.555 23.0005 101.629 23.1166 101.588 23.2174 C 101.547 23.3184 101.392 23.3959 101.126 23.4499 C 100.994 23.4766 100.861 23.4954 100.727 23.5063 C 100.593 23.5172 100.459 23.5199 100.325 23.5145 Z"/>
        <path id="path1103" style="font-size:2.90648px;fill:#00ff00;stroke-width:0.179595" d="M 99.8967 24.1725 L 99.3444 23.7664 L 98.6096 23.915 L 98.3641 23.7312 L 99.0961 23.5838 L 98.0402 22.8073 C 97.8816 22.6906 97.7564 22.6203 97.6646 22.5963 C 97.5716 22.5724 97.4528 22.5748 97.3079 22.6032 L 96.9509 22.6734 L 96.6865 22.4755 L 97.042 22.4059 C 97.3091 22.3537 97.5392 22.3512 97.7326 22.3984 C 97.9275 22.4464 98.1472 22.5595 98.3917 22.7377 L 99.4534 23.5118 L 99.7141 23.4593 L 99.9648 23.6409 L 99.7031 23.6939 L 100.258 24.0987 Z"/>
      </g>
    </g>
  </g>
</svg>