<!-- Created with Inkscape (http://www.inkscape.org/) --><svg xmlns:dc="http://purl.org/dc/elements/1.1/" xmlns:cc="http://creativecommons.org/ns#" xmlns:rdf="http://www.w3.org/1999/02/22-rdf-syntax-ns#" xmlns:svg="http://www.w3.org/2000/svg" xmlns="http://www.w3.org/2000/svg" version="1.1" width="793.7007874" height="1122.519685">
<ns0:namedview xmlns:ns0="http://sodipodi.sourceforge.net/DTD/sodipodi-0.dtd"/><svg:g xmlns:ns1="http://www.inkscape.org/namespaces/inkscape" ns1:label=""><svg:g fill="#000000" fill-opacity="1" id="g10" transform="matrix(1.33333 0 0 1.33333 -3.00783 -4.11567)">
    <svg:g id="use9" transform="translate(1.993,8.618)">
      <svg:path d="M 3.125,-3.03125 C 3.046875,-3.171875 2.828125,-3.515625 2.328125,-3.515625 c -0.9375,0 -1.984375,1.109375 -1.984375,2.28125 0,0.84375 0.53125,1.3125 1.140625,1.3125 0.515625,0 0.953125,-0.40625 1.09375,-0.5625 0.140625,0.546875 0.6875,0.5625 0.78125,0.5625 0.375,0 0.546875,-0.296875 0.609375,-0.4375 C 4.140625,-0.640625 4.25,-1.109375 4.25,-1.140625 4.25,-1.1875 4.21875,-1.25 4.125,-1.25 c -0.09375,0 -0.109375,0.0625 -0.171875,0.25 -0.109375,0.4375 -0.25,0.859375 -0.5625,0.859375 -0.1875,0 -0.265625,-0.15625 -0.265625,-0.375 0,-0.140625 0.078125,-0.40625 0.125,-0.609375 0.046875,-0.203125 0.171875,-0.671875 0.203125,-0.8125 l 0.15625,-0.609375 c 0.046875,-0.1875 0.125,-0.53125 0.125,-0.5625 0,-0.1875 -0.15625,-0.25 -0.25,-0.25 -0.125,0 -0.328125,0.078125 -0.359375,0.328125 z m -0.546875,2.171875 c -0.390625,0.546875 -0.8125,0.71875 -1.0625,0.71875 -0.375,0 -0.546875,-0.34375 -0.546875,-0.75 0,-0.375 0.203125,-1.234375 0.390625,-1.578125 0.21875,-0.484375 0.609375,-0.828125 0.984375,-0.828125 0.515625,0 0.671875,0.59375 0.671875,0.6875 0,0.03125 -0.203125,0.8125 -0.25,1.015625 -0.109375,0.375 -0.109375,0.390625 -0.1875,0.734375 z m 0,0" id="path18"/>
    </svg:g>
  </svg:g>
  <svg:g fill="#000000" fill-opacity="1" id="g11" transform="matrix(1.33333 0 0 1.33333 -3.00783 -4.11567)">
    <svg:g id="use10" transform="translate(17.083588,8.618)">
      <svg:path d="m 1.9375,-5.296875 c 0.015625,-0.015625 0.03125,-0.109375 0.03125,-0.125 0,-0.03125 -0.03125,-0.109375 -0.125,-0.109375 -0.03125,0 -0.28125,0.03125 -0.453125,0.046875 L 0.9375,-5.453125 c -0.171875,0.015625 -0.25,0.015625 -0.25,0.15625 0,0.125 0.109375,0.125 0.203125,0.125 0.390625,0 0.390625,0.046875 0.390625,0.109375 0,0.046875 -0.09375,0.375 -0.140625,0.546875 l -0.6875,2.78125 c -0.0625,0.265625 -0.0625,0.390625 -0.0625,0.515625 0,0.828125 0.5,1.296875 1.109375,1.296875 0.984375,0 2,-1.125 2,-2.28125 C 3.5,-3 3,-3.515625 2.359375,-3.515625 c -0.453125,0 -0.796875,0.28125 -0.96875,0.4375 z M 1.5,-0.140625 c -0.28125,0 -0.5625,-0.21875 -0.5625,-0.8125 0,-0.203125 0.03125,-0.40625 0.125,-0.796875 C 1.109375,-1.96875 1.171875,-2.203125 1.234375,-2.4375 1.28125,-2.578125 1.28125,-2.59375 1.375,-2.703125 1.640625,-3.046875 2,-3.296875 2.328125,-3.296875 c 0.40625,0 0.5625,0.390625 0.5625,0.75 0,0.296875 -0.1875,1.15625 -0.421875,1.625 C 2.265625,-0.5 1.875,-0.140625 1.5,-0.140625 Z m 0,0" id="path19"/>
    </svg:g>
  </svg:g>
  <svg:g fill="#000000" fill-opacity="1" id="g12" transform="matrix(1.33333 0 0 1.33333 -3.00783 -4.11567)">
    <svg:g id="use11" transform="translate(31.935869,8.618)">
      <svg:path d="m 3.265625,-3.046875 c -0.328125,0.03125 -0.4375,0.28125 -0.4375,0.4375 0,0.234375 0.203125,0.296875 0.3125,0.296875 0.03125,0 0.4375,-0.03125 0.4375,-0.515625 0,-0.484375 -0.515625,-0.6875 -1,-0.6875 -1.125,0 -2.234375,1.09375 -2.234375,2.21875 0,0.75 0.53125,1.375 1.40625,1.375 1.265625,0 1.921875,-0.796875 1.921875,-0.90625 0,-0.078125 -0.078125,-0.125 -0.125,-0.125 -0.046875,0 -0.078125,0.015625 -0.109375,0.0625 -0.625,0.75 -1.53125,0.75 -1.671875,0.75 C 1.34375,-0.140625 1,-0.40625 1,-1.015625 c 0,-0.34375 0.15625,-1.1875 0.53125,-1.6875 0.34375,-0.4375 0.75,-0.59375 1.0625,-0.59375 0.09375,0 0.453125,0.015625 0.671875,0.25 z m 0,0" id="path20"/>
    </svg:g>
  </svg:g>
  <svg:g fill="#000000" fill-opacity="1" id="g13" transform="matrix(1.33333 0 0 1.33333 -3.00783 -4.11567)">
    <svg:g id="use12" transform="translate(2.063,18.083)">
      <svg:path d="m 4.28125,-5.296875 c 0.015625,-0.015625 0.03125,-0.109375 0.03125,-0.125 0,-0.03125 -0.03125,-0.109375 -0.125,-0.109375 -0.03125,0 -0.28125,0.03125 -0.453125,0.046875 l -0.453125,0.03125 c -0.171875,0.015625 -0.25,0.015625 -0.25,0.15625 0,0.125 0.109375,0.125 0.203125,0.125 0.390625,0 0.390625,0.046875 0.390625,0.109375 0,0.046875 -0.078125,0.3125 -0.109375,0.46875 L 3.125,-3.03125 C 3.046875,-3.171875 2.828125,-3.515625 2.328125,-3.515625 c -0.9375,0 -1.984375,1.109375 -1.984375,2.28125 0,0.84375 0.53125,1.3125 1.140625,1.3125 0.515625,0 0.953125,-0.40625 1.09375,-0.5625 0.140625,0.546875 0.6875,0.5625 0.78125,0.5625 0.375,0 0.546875,-0.296875 0.609375,-0.4375 C 4.140625,-0.640625 4.25,-1.109375 4.25,-1.140625 4.25,-1.1875 4.21875,-1.25 4.125,-1.25 c -0.09375,0 -0.109375,0.0625 -0.171875,0.25 -0.109375,0.4375 -0.25,0.859375 -0.5625,0.859375 -0.1875,0 -0.265625,-0.15625 -0.265625,-0.375 0,-0.15625 0.03125,-0.234375 0.046875,-0.34375 z m -1.703125,4.4375 c -0.390625,0.546875 -0.8125,0.71875 -1.0625,0.71875 -0.375,0 -0.546875,-0.34375 -0.546875,-0.75 0,-0.375 0.203125,-1.234375 0.390625,-1.578125 0.21875,-0.484375 0.609375,-0.828125 0.984375,-0.828125 0.515625,0 0.671875,0.59375 0.671875,0.6875 0,0.03125 -0.203125,0.8125 -0.25,1.015625 -0.109375,0.375 -0.109375,0.390625 -0.1875,0.734375 z m 0,0" id="path21"/>
    </svg:g>
  </svg:g>
  <svg:g fill="#000000" fill-opacity="1" id="g14" transform="matrix(1.33333 0 0 1.33333 -3.00783 -4.11567)">
    <svg:g id="use13" transform="translate(16.932816,18.083)">
      <svg:path d="m 1.609375,-1.8125 c 0.171875,0 0.765625,-0.015625 1.1875,-0.15625 0.6875,-0.25 0.71875,-0.71875 0.71875,-0.84375 0,-0.453125 -0.421875,-0.703125 -0.9375,-0.703125 -0.90625,0 -2.1875,0.703125 -2.1875,2.125 0,0.8125 0.5,1.46875 1.375,1.46875 1.234375,0 1.90625,-0.796875 1.90625,-0.90625 0,-0.078125 -0.078125,-0.125 -0.125,-0.125 -0.046875,0 -0.078125,0.015625 -0.109375,0.0625 -0.625,0.75 -1.53125,0.75 -1.65625,0.75 -0.59375,0 -0.765625,-0.5 -0.765625,-0.9375 0,-0.25 0.078125,-0.609375 0.109375,-0.734375 z M 1.1875,-2.046875 c 0.25,-0.96875 0.984375,-1.25 1.390625,-1.25 0.3125,0 0.625,0.171875 0.625,0.484375 0,0.765625 -1.3125,0.765625 -1.65625,0.765625 z m 0,0" id="path22"/>
    </svg:g>
  </svg:g>
  <svg:g fill="#000000" fill-opacity="1" id="g15" transform="matrix(1.33333 0 0 1.33333 -3.00783 -4.11567)">
    <svg:g id="use14" transform="translate(31.29414,18.083)">
      <svg:path d="m 3.046875,-3.171875 h 0.75 c 0.15625,0 0.25,0 0.25,-0.15625 C 4.046875,-3.4375 3.9375,-3.4375 3.8125,-3.4375 H 3.09375 c 0.140625,-0.71875 0.21875,-1.171875 0.296875,-1.53125 0.03125,-0.125 0.046875,-0.21875 0.171875,-0.3125 0.109375,-0.09375 0.171875,-0.109375 0.25,-0.109375 0.125,0 0.25,0.03125 0.359375,0.09375 -0.046875,0.015625 -0.09375,0.03125 -0.125,0.0625 -0.140625,0.078125 -0.234375,0.21875 -0.234375,0.375 0,0.1875 0.140625,0.296875 0.3125,0.296875 0.234375,0 0.453125,-0.203125 0.453125,-0.484375 0,-0.375 -0.390625,-0.5625 -0.765625,-0.5625 -0.28125,0 -0.78125,0.125 -1.03125,0.859375 C 2.703125,-4.5625 2.703125,-4.546875 2.5,-3.4375 H 1.890625 c -0.15625,0 -0.25,0 -0.25,0.15625 0,0.109375 0.109375,0.109375 0.234375,0.109375 H 2.453125 L 1.875,-0.078125 C 1.71875,0.71875 1.609375,1.40625 1.171875,1.40625 c -0.015625,0 -0.1875,0 -0.328125,-0.09375 0.359375,-0.09375 0.359375,-0.421875 0.359375,-0.4375 0,-0.1875 -0.140625,-0.296875 -0.3125,-0.296875 -0.21875,0 -0.453125,0.1875 -0.453125,0.484375 0,0.34375 0.34375,0.5625 0.734375,0.5625 0.5,0 0.828125,-0.515625 0.9375,-0.703125 0.28125,-0.53125 0.46875,-1.53125 0.484375,-1.609375 z m 0,0" id="path23"/>
    </svg:g>
  </svg:g>
  <svg:g fill="#000000" fill-opacity="1" id="g16" transform="matrix(1.33333 0 0 1.33333 -3.00783 -4.11567)">
    <svg:g id="use15" transform="translate(2.0840001,27.547001)">
      <svg:path d="m 3.953125,-2.9375 c 0.03125,-0.125 0.03125,-0.171875 0.03125,-0.171875 0,-0.1875 -0.15625,-0.25 -0.25,-0.25 -0.1875,0 -0.328125,0.140625 -0.359375,0.3125 -0.0625,-0.125 -0.3125,-0.46875 -0.78125,-0.46875 -0.953125,0 -1.984375,1.0625 -1.984375,2.21875 C 0.609375,-0.4375 1.171875,0 1.765625,0 2.125,0 2.453125,-0.203125 2.71875,-0.4375 L 2.546875,0.28125 C 2.453125,0.625 2.40625,0.859375 2.09375,1.109375 1.75,1.40625 1.453125,1.40625 1.25,1.40625 c -0.203125,0 -0.390625,-0.015625 -0.578125,-0.046875 0.171875,-0.09375 0.25,-0.265625 0.25,-0.40625 0,-0.1875 -0.140625,-0.296875 -0.3125,-0.296875 -0.1875,0 -0.4375,0.171875 -0.4375,0.484375 0,0.453125 0.609375,0.484375 1.09375,0.484375 1.140625,0 1.703125,-0.609375 1.8125,-1.09375 z M 2.875,-1.046875 c -0.046875,0.21875 -0.234375,0.375 -0.390625,0.53125 -0.078125,0.046875 -0.375,0.296875 -0.703125,0.296875 -0.328125,0 -0.546875,-0.265625 -0.546875,-0.75 0,-0.328125 0.1875,-1.203125 0.40625,-1.609375 0.25,-0.453125 0.625,-0.71875 0.953125,-0.71875 0.53125,0 0.671875,0.59375 0.671875,0.671875 L 3.25,-2.515625 Z m 0,0" id="path24"/>
    </svg:g>
  </svg:g>
  <svg:g fill="#000000" fill-opacity="1" id="g17" transform="matrix(1.33333 0 0 1.33333 -3.00783 -4.11567)">
    <svg:g id="use16" transform="translate(16.450903,27.547001)">
      <svg:path d="m 2.328125,-5.296875 c 0,-0.015625 0.03125,-0.109375 0.03125,-0.125 0,-0.03125 -0.03125,-0.109375 -0.125,-0.109375 -0.03125,0 -0.28125,0.03125 -0.46875,0.046875 l -0.4375,0.03125 C 1.140625,-5.4375 1.0625,-5.4375 1.0625,-5.296875 c 0,0.125 0.109375,0.125 0.21875,0.125 0.375,0 0.375,0.046875 0.375,0.109375 0,0.03125 0,0.046875 -0.03125,0.1875 l -1.140625,4.53125 c -0.03125,0.125 -0.03125,0.171875 -0.03125,0.171875 0,0.140625 0.109375,0.25 0.265625,0.25 0.125,0 0.234375,-0.078125 0.296875,-0.1875 0.03125,-0.046875 0.09375,-0.296875 0.125,-0.453125 l 0.1875,-0.71875 c 0.03125,-0.109375 0.109375,-0.421875 0.125,-0.53125 0.125,-0.46875 0.125,-0.484375 0.296875,-0.734375 0.28125,-0.390625 0.65625,-0.75 1.1875,-0.75 0.28125,0 0.453125,0.171875 0.453125,0.546875 0,0.4375 -0.34375,1.34375 -0.484375,1.734375 -0.109375,0.265625 -0.109375,0.3125 -0.109375,0.421875 0,0.453125 0.375,0.671875 0.71875,0.671875 0.78125,0 1.109375,-1.109375 1.109375,-1.21875 C 4.625,-1.21875 4.5625,-1.25 4.5,-1.25 c -0.09375,0 -0.109375,0.0625 -0.140625,0.140625 -0.1875,0.65625 -0.515625,0.96875 -0.828125,0.96875 -0.125,0 -0.1875,-0.078125 -0.1875,-0.265625 0,-0.1875 0.0625,-0.359375 0.140625,-0.5625 0.125,-0.296875 0.46875,-1.21875 0.46875,-1.65625 0,-0.609375 -0.40625,-0.890625 -0.984375,-0.890625 -0.4375,0 -0.859375,0.1875 -1.234375,0.609375 z m 0,0" id="path25"/>
    </svg:g>
  </svg:g>
  <svg:g fill="#000000" fill-opacity="1" id="g18" transform="matrix(1.33333 0 0 1.33333 -3.00783 -4.11567)">
    <svg:g id="use17" transform="translate(32.329731,27.547001)">
      <svg:path d="m 2.375,-4.96875 c 0,-0.171875 -0.125,-0.3125 -0.3125,-0.3125 -0.203125,0 -0.4375,0.203125 -0.4375,0.4375 0,0.171875 0.125,0.296875 0.3125,0.296875 0.203125,0 0.4375,-0.1875 0.4375,-0.421875 z m -1.15625,2.921875 -0.4375,1.09375 c -0.046875,0.125 -0.078125,0.21875 -0.078125,0.359375 0,0.390625 0.296875,0.671875 0.71875,0.671875 0.78125,0 1.109375,-1.109375 1.109375,-1.21875 0,-0.078125 -0.0625,-0.109375 -0.125,-0.109375 -0.09375,0 -0.109375,0.0625 -0.140625,0.140625 -0.171875,0.640625 -0.5,0.96875 -0.828125,0.96875 -0.09375,0 -0.1875,-0.046875 -0.1875,-0.25 0,-0.203125 0.0625,-0.34375 0.15625,-0.59375 C 1.484375,-1.1875 1.5625,-1.40625 1.65625,-1.625 l 0.25,-0.640625 c 0.0625,-0.1875 0.171875,-0.4375 0.171875,-0.578125 0,-0.390625 -0.328125,-0.671875 -0.734375,-0.671875 -0.765625,0 -1.109375,1.109375 -1.109375,1.21875 0,0.078125 0.0625,0.109375 0.125,0.109375 0.109375,0 0.109375,-0.046875 0.140625,-0.125 0.21875,-0.765625 0.578125,-0.984375 0.828125,-0.984375 0.109375,0 0.1875,0.046875 0.1875,0.265625 0,0.078125 -0.015625,0.1875 -0.09375,0.4375 z m 0,0" id="path26"/>
    </svg:g>
  </svg:g>
</svg:g></svg>