<!-- Created with Inkscape (http://www.inkscape.org/) --><svg xmlns:dc="http://purl.org/dc/elements/1.1/" xmlns:cc="http://creativecommons.org/ns#" xmlns:rdf="http://www.w3.org/1999/02/22-rdf-syntax-ns#" xmlns:svg="http://www.w3.org/2000/svg" xmlns="http://www.w3.org/2000/svg" version="1.1" width="793.7007874" height="1122.519685">
<ns0:namedview xmlns:ns0="http://sodipodi.sourceforge.net/DTD/sodipodi-0.dtd"/><svg:g xmlns:ns1="http://www.inkscape.org/namespaces/inkscape" ns1:label=""><svg:g fill="#000000" fill-opacity="1" id="g17" transform="matrix(1.33333 0 0 1.33333 -4.25 -4.4745)">
    <svg:g id="use16" transform="translate(3.188,17.01)">
      <svg:path d="m 3.71875,-5.40625 h 1.609375 c -0.375,1.609375 -0.625,2.65625 -0.625,3.796875 0,0.203125 0,1.75 0.59375,1.75 0.296875,0 0.5625,-0.265625 0.5625,-0.515625 0,-0.0625 0,-0.09375 -0.109375,-0.3125 -0.390625,-0.984375 -0.390625,-2.21875 -0.390625,-2.328125 0,-0.078125 0,-1.09375 0.3125,-2.390625 h 1.59375 c 0.1875,0 0.671875,0 0.671875,-0.453125 C 7.9375,-6.1875 7.65625,-6.1875 7.40625,-6.1875 H 2.6875 c -0.328125,0 -0.828125,0 -1.484375,0.703125 -0.375,0.421875 -0.828125,1.1875 -0.828125,1.265625 0,0.09375 0.0625,0.109375 0.15625,0.109375 0.09375,0 0.109375,-0.03125 0.1875,-0.125 0.75,-1.171875 1.484375,-1.171875 1.84375,-1.171875 H 3.390625 C 3.0625,-4.328125 2.71875,-3.078125 1.53125,-0.578125 1.421875,-0.34375 1.421875,-0.3125 1.421875,-0.234375 c 0,0.3125 0.25,0.375 0.390625,0.375 0.40625,0 0.53125,-0.375 0.703125,-0.96875 0.21875,-0.734375 0.21875,-0.765625 0.375,-1.34375 z m 0,0" id="path33"/>
    </svg:g>
  </svg:g>
  <svg:g fill="#000000" fill-opacity="1" id="g18" transform="matrix(1.33333 0 0 1.33333 -4.25 -4.4745)">
    <svg:g id="use17" transform="translate(11.671,11.804)">
      <svg:path d="m 1.390625,-0.84375 1.15625,-1.125 c 1.703125,-1.5 2.34375,-2.09375 2.34375,-3.171875 0,-1.25 -0.96875,-2.125 -2.3125,-2.125 -1.21875,0 -2.03125,1 -2.03125,1.96875 0,0.625 0.546875,0.625 0.578125,0.625 0.1875,0 0.5625,-0.140625 0.5625,-0.578125 0,-0.296875 -0.1875,-0.578125 -0.578125,-0.578125 -0.078125,0 -0.109375,0 -0.140625,0.015625 0.25,-0.703125 0.84375,-1.109375 1.46875,-1.109375 1,0 1.46875,0.875 1.46875,1.78125 0,0.859375 -0.546875,1.734375 -1.140625,2.40625 l -2.09375,2.328125 c -0.125,0.125 -0.125,0.140625 -0.125,0.40625 H 4.59375 L 4.890625,-1.890625 H 4.625 C 4.5625,-1.578125 4.5,-1.09375 4.390625,-0.921875 4.3125,-0.84375 3.59375,-0.84375 3.34375,-0.84375 Z m 0,0" id="path34"/>
    </svg:g>
  </svg:g>
  <svg:path fill="none" stroke-width="0.598" stroke-linecap="butt" stroke-linejoin="miter" stroke="#000000" stroke-opacity="1" stroke-miterlimit="10" d="M 0,19.773031 H 14.4375" id="path18" transform="scale(1.33333, 1.33333)"/>
  <svg:g fill="#000000" fill-opacity="1" id="g19" transform="matrix(1.33333 0 0 1.33333 -4.25 -4.4745)">
    <svg:g id="use18" transform="translate(6.8940001,36.556)">
      <svg:path d="m 1.765625,-4.984375 c 0,-3.640625 1.765625,-4.203125 2.53125,-4.203125 0.515625,0 1.03125,0.15625 1.3125,0.578125 -0.171875,0 -0.71875,0 -0.71875,0.59375 0,0.3125 0.21875,0.578125 0.59375,0.578125 0.359375,0 0.59375,-0.203125 0.59375,-0.625 0,-0.75 -0.546875,-1.46875 -1.796875,-1.46875 -1.796875,0 -3.6875,1.84375 -3.6875,5 0,3.9375 1.71875,4.828125 2.9375,4.828125 1.5625,0 2.890625,-1.359375 2.890625,-3.21875 0,-1.90625 -1.328125,-3.1875 -2.765625,-3.1875 -1.28125,0 -1.75,1.109375 -1.890625,1.5 z M 3.53125,-0.09375 c -0.90625,0 -1.34375,-0.796875 -1.46875,-1.09375 -0.125,-0.375 -0.265625,-1.078125 -0.265625,-2.078125 0,-1.140625 0.515625,-2.5625 1.796875,-2.5625 0.796875,0 1.21875,0.53125 1.421875,1.015625 C 5.25,-4.28125 5.25,-3.5625 5.25,-2.9375 c 0,0.734375 0,1.375 -0.265625,1.921875 -0.359375,0.6875 -0.875,0.921875 -1.453125,0.921875 z m 0,0" id="path35"/>
    </svg:g>
  </svg:g>
  <svg:g fill="#000000" fill-opacity="1" id="g20" transform="matrix(1.33333 0 0 1.33333 -4.25 -4.4745)">
    <svg:g id="use19" transform="translate(22.804001,26.715)">
      <svg:path d="m 9.6875,-4.640625 c 0.203125,0 0.453125,0 0.453125,-0.265625 0,-0.265625 -0.25,-0.265625 -0.453125,-0.265625 H 1.234375 c -0.203125,0 -0.453125,0 -0.453125,0.25 0,0.28125 0.234375,0.28125 0.453125,0.28125 z m 0,2.65625 c 0.203125,0 0.453125,0 0.453125,-0.25 0,-0.28125 -0.25,-0.28125 -0.453125,-0.28125 H 1.234375 c -0.203125,0 -0.453125,0 -0.453125,0.265625 0,0.265625 0.234375,0.265625 0.453125,0.265625 z m 0,0" id="path36"/>
    </svg:g>
  </svg:g>
  <svg:g fill="#000000" fill-opacity="1" id="g22" transform="matrix(1.33333 0 0 1.33333 -4.25 -4.4745)">
    <svg:g id="use20" transform="translate(42.13694,26.715)">
      <svg:path d="m 2.46875,-9.953125 -2,0.15625 V -9.375 c 0.984375,0 1.09375,0.09375 1.09375,0.796875 V -1.0625 c 0,0.640625 -0.15625,0.640625 -1.09375,0.640625 V 0 c 0.40625,-0.03125 1.109375,-0.03125 1.546875,-0.03125 0.421875,0 1.140625,0 1.546875,0.03125 v -0.421875 c -0.921875,0 -1.09375,0 -1.09375,-0.640625 z m 0,0" id="path37"/>
    </svg:g>
    <svg:g id="use21" transform="translate(46.039104,26.715)">
      <svg:path d="m 2.5,-8.828125 c 0,-0.375 -0.3125,-0.703125 -0.703125,-0.703125 -0.375,0 -0.6875,0.296875 -0.6875,0.6875 0,0.421875 0.34375,0.703125 0.6875,0.703125 0.4375,0 0.703125,-0.375 0.703125,-0.6875 z m -1.984375,2.65625 V -5.75 c 0.921875,0 1.046875,0.078125 1.046875,0.78125 v 3.90625 c 0,0.640625 -0.15625,0.640625 -1.09375,0.640625 V 0 C 0.875,-0.03125 1.5625,-0.03125 1.984375,-0.03125 c 0.15625,0 0.984375,0 1.46875,0.03125 v -0.421875 c -0.921875,0 -0.984375,-0.0625 -0.984375,-0.625 v -5.28125 z m 0,0" id="path38"/>
    </svg:g>
    <svg:g id="use22" transform="translate(49.941273,26.715)">
      <svg:path d="m 10.28125,-3.484375 c 0,-1.328125 0,-1.734375 -0.328125,-2.203125 C 9.53125,-6.234375 8.859375,-6.328125 8.375,-6.328125 c -1.1875,0 -1.796875,0.859375 -2.015625,1.421875 C 6.15625,-6.015625 5.375,-6.328125 4.46875,-6.328125 c -1.390625,0 -1.9375,1.1875 -2.046875,1.484375 H 2.40625 v -1.484375 l -1.953125,0.15625 V -5.75 c 0.984375,0 1.09375,0.09375 1.09375,0.796875 V -1.0625 c 0,0.640625 -0.15625,0.640625 -1.09375,0.640625 V 0 c 0.375,-0.03125 1.15625,-0.03125 1.5625,-0.03125 0.40625,0 1.1875,0 1.5625,0.03125 v -0.421875 c -0.921875,0 -1.09375,0 -1.09375,-0.640625 v -2.671875 c 0,-1.5 0.984375,-2.296875 1.875,-2.296875 0.890625,0 1.09375,0.71875 1.09375,1.59375 v 3.375 c 0,0.640625 -0.15625,0.640625 -1.09375,0.640625 V 0 c 0.375,-0.03125 1.15625,-0.03125 1.546875,-0.03125 0.421875,0 1.1875,0 1.5625,0.03125 v -0.421875 c -0.90625,0 -1.078125,0 -1.078125,-0.640625 v -2.671875 c 0,-1.5 0.984375,-2.296875 1.875,-2.296875 0.890625,0 1.09375,0.71875 1.09375,1.59375 v 3.375 c 0,0.640625 -0.171875,0.640625 -1.09375,0.640625 V 0 c 0.375,-0.03125 1.140625,-0.03125 1.546875,-0.03125 0.421875,0 1.1875,0 1.5625,0.03125 v -0.421875 c -0.71875,0 -1.078125,0 -1.09375,-0.421875 z m 0,0" id="path39"/>
    </svg:g>
  </svg:g>
  <svg:g fill="#000000" fill-opacity="1" id="g23" transform="matrix(1.33333 0 0 1.33333 -4.25 -4.4745)">
    <svg:g id="use23" transform="translate(37.715,35.681)">
      <svg:path d="m 0.953125,-0.640625 c -0.03125,0.15625 -0.09375,0.40625 -0.09375,0.46875 0,0.1875 0.15625,0.296875 0.3125,0.296875 C 1.3125,0.125 1.5,0.03125 1.578125,-0.1875 1.59375,-0.203125 1.71875,-0.71875 1.78125,-1 l 0.25,-0.96875 c 0.0625,-0.25 0.125,-0.484375 0.1875,-0.734375 0.03125,-0.1875 0.125,-0.5 0.140625,-0.546875 0.15625,-0.34375 0.734375,-1.328125 1.78125,-1.328125 0.484375,0 0.578125,0.40625 0.578125,0.765625 0,0.671875 -0.53125,2.0625 -0.703125,2.53125 -0.09375,0.25 -0.109375,0.390625 -0.109375,0.5 0,0.515625 0.375,0.90625 0.890625,0.90625 1.03125,0 1.4375,-1.59375 1.4375,-1.6875 0,-0.109375 -0.109375,-0.109375 -0.140625,-0.109375 -0.109375,0 -0.109375,0.03125 -0.15625,0.203125 C 5.71875,-0.734375 5.359375,-0.125 4.828125,-0.125 4.640625,-0.125 4.5625,-0.234375 4.5625,-0.484375 4.5625,-0.75 4.65625,-1.015625 4.75,-1.25 c 0.21875,-0.578125 0.671875,-1.78125 0.671875,-2.40625 0,-0.734375 -0.46875,-1.171875 -1.25,-1.171875 -0.984375,0 -1.515625,0.703125 -1.703125,0.953125 -0.0625,-0.609375 -0.5,-0.953125 -1,-0.953125 -0.515625,0 -0.71875,0.4375 -0.828125,0.625 -0.171875,0.375 -0.328125,1.015625 -0.328125,1.0625 0,0.109375 0.109375,0.109375 0.140625,0.109375 0.109375,0 0.109375,-0.015625 0.171875,-0.25 0.1875,-0.78125 0.40625,-1.296875 0.796875,-1.296875 0.21875,0 0.34375,0.140625 0.34375,0.5 0,0.234375 -0.03125,0.34375 -0.171875,0.921875 z m 0,0" id="path40"/>
    </svg:g>
  </svg:g>
  <svg:g fill="#000000" fill-opacity="1" id="g25" transform="matrix(1.33333 0 0 1.33333 -4.25 -4.4745)">
    <svg:g id="use24" transform="translate(44.263,35.681)">
      <svg:path d="M 9.09375,-2.515625 C 8.5,-2.046875 8.203125,-1.609375 8.109375,-1.46875 7.625,-0.703125 7.53125,-0.015625 7.53125,-0.015625 7.53125,0.125 7.671875,0.125 7.75,0.125 7.9375,0.125 7.953125,0.09375 8,-0.09375 8.25,-1.171875 8.890625,-2.078125 10.125,-2.578125 10.25,-2.625 10.28125,-2.65625 10.28125,-2.71875 c 0,-0.078125 -0.0625,-0.109375 -0.07813,-0.125 C 9.718745,-3.03125 8.39062,-3.578125 7.98437,-5.40625 7.953125,-5.546875 7.9375,-5.578125 7.75,-5.578125 c -0.078125,0 -0.21875,0 -0.21875,0.140625 0,0.015625 0.109375,0.703125 0.5625,1.4375 0.21875,0.328125 0.53125,0.703125 1,1.0625 H 1 c -0.203125,0 -0.40625,0 -0.40625,0.21875 0,0.203125 0.203125,0.203125 0.40625,0.203125 z m 0,0" id="path41"/>
    </svg:g>
    <svg:g id="use25" transform="translate(55.1721,35.681)">
      <svg:path d="m 5.546875,-2.953125 c -0.59375,-0.75 -0.71875,-0.90625 -1.0625,-1.1875 -0.609375,-0.484375 -1.21875,-0.6875 -1.78125,-0.6875 -1.28125,0 -2.109375,1.203125 -2.109375,2.484375 0,1.25 0.8125,2.46875 2.0625,2.46875 1.265625,0 2.171875,-1 2.703125,-1.875 0.578125,0.75 0.71875,0.90625 1.046875,1.1875 0.625,0.484375 1.234375,0.6875 1.78125,0.6875 1.28125,0 2.109375,-1.203125 2.109375,-2.484375 0,-1.25 -0.8125,-2.46875 -2.0625,-2.46875 -1.25,0 -2.15625,1 -2.6875,1.875 z m 0.28125,0.375 c 0.4375,-0.796875 1.25,-1.890625 2.484375,-1.890625 1.15625,0 1.75,1.125 1.75,2.109375 0,1.078125 -0.734375,1.953125 -1.703125,1.953125 -0.625,0 -1.125,-0.453125 -1.34375,-0.6875 -0.28125,-0.296875 -0.53125,-0.625 -1.1875,-1.484375 z m -0.75,0.46875 c -0.453125,0.78125 -1.265625,1.875 -2.5,1.875 -1.15625,0 -1.734375,-1.125 -1.734375,-2.109375 0,-1.0625 0.734375,-1.953125 1.6875,-1.953125 0.625,0 1.125,0.453125 1.34375,0.6875 0.28125,0.296875 0.53125,0.625 1.203125,1.5 z m 0,0" id="path42"/>
    </svg:g>
  </svg:g>
  <svg:g fill="#000000" fill-opacity="1" id="g26" transform="matrix(1.33333 0 0 1.33333 -4.25 -4.4745)">
    <svg:g id="use26" transform="translate(75.990997,8.184)">
      <svg:path d="m 0.953125,-0.640625 c -0.03125,0.15625 -0.09375,0.40625 -0.09375,0.46875 0,0.1875 0.15625,0.296875 0.3125,0.296875 C 1.3125,0.125 1.5,0.03125 1.578125,-0.1875 1.59375,-0.203125 1.71875,-0.71875 1.78125,-1 l 0.25,-0.96875 c 0.0625,-0.25 0.125,-0.484375 0.1875,-0.734375 0.03125,-0.1875 0.125,-0.5 0.140625,-0.546875 0.15625,-0.34375 0.734375,-1.328125 1.78125,-1.328125 0.484375,0 0.578125,0.40625 0.578125,0.765625 0,0.671875 -0.53125,2.0625 -0.703125,2.53125 -0.09375,0.25 -0.109375,0.390625 -0.109375,0.5 0,0.515625 0.375,0.90625 0.890625,0.90625 1.03125,0 1.4375,-1.59375 1.4375,-1.6875 0,-0.109375 -0.109375,-0.109375 -0.140625,-0.109375 -0.109375,0 -0.109375,0.03125 -0.15625,0.203125 C 5.71875,-0.734375 5.359375,-0.125 4.828125,-0.125 4.640625,-0.125 4.5625,-0.234375 4.5625,-0.484375 4.5625,-0.75 4.65625,-1.015625 4.75,-1.25 c 0.21875,-0.578125 0.671875,-1.78125 0.671875,-2.40625 0,-0.734375 -0.46875,-1.171875 -1.25,-1.171875 -0.984375,0 -1.515625,0.703125 -1.703125,0.953125 -0.0625,-0.609375 -0.5,-0.953125 -1,-0.953125 -0.515625,0 -0.71875,0.4375 -0.828125,0.625 -0.171875,0.375 -0.328125,1.015625 -0.328125,1.0625 0,0.109375 0.109375,0.109375 0.140625,0.109375 0.109375,0 0.109375,-0.015625 0.171875,-0.25 0.1875,-0.78125 0.40625,-1.296875 0.796875,-1.296875 0.21875,0 0.34375,0.140625 0.34375,0.5 0,0.234375 -0.03125,0.34375 -0.171875,0.921875 z m 0,0" id="path43"/>
    </svg:g>
  </svg:g>
  <svg:g fill="#000000" fill-opacity="1" id="g27" transform="matrix(1.33333 0 0 1.33333 -4.25 -4.4745)">
    <svg:g id="use27" transform="translate(68.472,12.668)">
      <svg:path d="m 18.90625,20.90625 1.8125,-4.78125 h -0.375 c -0.578125,1.5625 -2.171875,2.578125 -3.875,3.03125 -0.328125,0.0625 -1.78125,0.453125 -4.65625,0.453125 h -9 L 10.40625,10.6875 c 0.109375,-0.109375 0.140625,-0.15625 0.140625,-0.234375 0,-0.03125 0,-0.07813 -0.109375,-0.21875 L 3.484375,0.71875 h 8.1875 c 2,0 3.359375,0.203125 3.484375,0.234375 0.8125,0.125 2.109375,0.375 3.296875,1.125 0.375,0.234375 1.390625,0.90625 1.890625,2.125 h 0.375 L 18.90625,0 H 1.25 C 0.90625,0 0.890625,0.015625 0.84375,0.109375 c 0,0.046875 0,0.328125 0,0.484375 L 8.734375,11.40625 1,20.484375 c -0.15625,0.171875 -0.15625,0.25 -0.15625,0.265625 0,0.15625 0.140625,0.15625 0.40625,0.15625 z m 0,0" id="path44"/>
    </svg:g>
  </svg:g>
  <svg:g fill="#000000" fill-opacity="1" id="g28" transform="matrix(1.33333 0 0 1.33333 -4.25 -4.4745)">
    <svg:g id="use28" transform="translate(69.283997,45.150002)">
      <svg:path d="m 3.125,-7.453125 c 0,0 0,-0.109375 -0.140625,-0.109375 -0.25,0 -1.046875,0.078125 -1.328125,0.109375 -0.078125,0 -0.203125,0.015625 -0.203125,0.21875 0,0.125 0.09375,0.125 0.265625,0.125 0.515625,0 0.53125,0.078125 0.53125,0.1875 l -0.03125,0.21875 -1.578125,6.28125 C 0.59375,-0.265625 0.59375,-0.25 0.59375,-0.1875 c 0,0.25 0.21875,0.3125 0.328125,0.3125 C 1.0625,0.125 1.21875,0.015625 1.28125,-0.109375 1.34375,-0.203125 1.828125,-2.21875 1.890625,-2.5 c 0.375,0.03125 1.265625,0.203125 1.265625,0.921875 0,0.078125 0,0.125 -0.03125,0.234375 -0.015625,0.140625 -0.03125,0.265625 -0.03125,0.390625 0,0.640625 0.421875,1.078125 1,1.078125 0.328125,0 0.625,-0.171875 0.859375,-0.578125 C 5.21875,-0.9375 5.34375,-1.53125 5.34375,-1.5625 c 0,-0.109375 -0.09375,-0.109375 -0.125,-0.109375 -0.109375,0 -0.125,0.046875 -0.15625,0.203125 -0.21875,0.796875 -0.46875,1.34375 -0.953125,1.34375 -0.203125,0 -0.34375,-0.109375 -0.34375,-0.5 0,-0.1875 0.046875,-0.4375 0.078125,-0.625 0.046875,-0.171875 0.046875,-0.21875 0.046875,-0.328125 0,-0.71875 -0.6875,-1.03125 -1.609375,-1.140625 0.34375,-0.203125 0.6875,-0.546875 0.9375,-0.8125 0.515625,-0.578125 1.03125,-1.046875 1.5625,-1.046875 0.0625,0 0.078125,0 0.09375,0.015625 C 5,-4.546875 5.015625,-4.546875 5.109375,-4.484375 5.125,-4.46875 5.125,-4.453125 5.140625,-4.4375 4.625,-4.40625 4.53125,-3.984375 4.53125,-3.84375 c 0,0.171875 0.109375,0.375 0.40625,0.375 0.28125,0 0.609375,-0.234375 0.609375,-0.671875 0,-0.3125 -0.25,-0.6875 -0.75,-0.6875 -0.296875,0 -0.8125,0.09375 -1.59375,0.96875 C 2.828125,-3.453125 2.40625,-3.015625 2,-2.84375 Z m 0,0" id="path45"/>
    </svg:g>
  </svg:g>
  <svg:g fill="#000000" fill-opacity="1" id="g30" transform="matrix(1.33333 0 0 1.33333 -4.25 -4.4745)">
    <svg:g id="use29" transform="translate(75.306999,45.150002)">
      <svg:path d="m 7.5,-3.5625 c 0.15625,0 0.359375,0 0.359375,-0.21875 C 7.859375,-4 7.65625,-4 7.5,-4 H 0.96875 c -0.15625,0 -0.359375,0 -0.359375,0.21875 0,0.21875 0.203125,0.21875 0.375,0.21875 z m 0,2.109375 c 0.15625,0 0.359375,0 0.359375,-0.21875 0,-0.21875 -0.203125,-0.21875 -0.359375,-0.21875 H 0.984375 c -0.171875,0 -0.375,0 -0.375,0.21875 0,0.21875 0.203125,0.21875 0.359375,0.21875 z m 0,0" id="path46"/>
    </svg:g>
    <svg:g id="use30" transform="translate(83.792099,45.150002)">
      <svg:path d="m 3.203125,-6.984375 c 0,-0.25 0,-0.28125 -0.25,-0.28125 C 2.28125,-6.5625 1.3125,-6.5625 0.96875,-6.5625 v 0.328125 c 0.21875,0 0.859375,0 1.4375,-0.28125 v 5.65625 c 0,0.390625 -0.046875,0.515625 -1.015625,0.515625 H 1.03125 V 0 c 0.390625,-0.03125 1.328125,-0.03125 1.765625,-0.03125 0.4375,0 1.390625,0 1.765625,0.03125 V -0.34375 H 4.21875 c -0.984375,0 -1.015625,-0.109375 -1.015625,-0.515625 z m 0,0" id="path47"/>
    </svg:g>
  </svg:g>
  <svg:g fill="#000000" fill-opacity="1" id="g31" transform="matrix(1.33333 0 0 1.33333 -4.25 -4.4745)">
    <svg:g id="use31" transform="translate(97.002998,17.01)">
      <svg:path d="m 4.125,-9.1875 c 0,-0.34375 0,-0.34375 -0.28125,-0.34375 C 3.5,-9.15625 2.78125,-8.625 1.3125,-8.625 v 0.421875 c 0.328125,0 1.046875,0 1.828125,-0.375 v 7.46875 c 0,0.515625 -0.046875,0.6875 -1.296875,0.6875 H 1.390625 V 0 c 0.390625,-0.03125 1.78125,-0.03125 2.25,-0.03125 0.46875,0 1.859375,0 2.234375,0.03125 V -0.421875 H 5.4375 c -1.265625,0 -1.3125,-0.171875 -1.3125,-0.6875 z m 0,0" id="path48"/>
    </svg:g>
  </svg:g>
  <svg:path fill="none" stroke-width="0.598" stroke-linecap="butt" stroke-linejoin="miter" stroke="#000000" stroke-opacity="1" stroke-miterlimit="10" d="M 90.457031,19.773031 H 104.19531" id="path31" transform="scale(1.33333, 1.33333)"/>
  <svg:g fill="#000000" fill-opacity="1" id="g32" transform="matrix(1.33333 0 0 1.33333 -4.25 -4.4745)">
    <svg:g id="use32" transform="translate(93.643997,36.556)">
      <svg:path d="m 4.03125,-9.59375 c 0.015625,-0.0625 0.046875,-0.140625 0.046875,-0.21875 0,-0.140625 -0.140625,-0.140625 -0.171875,-0.140625 -0.015625,0 -0.53125,0.046875 -0.796875,0.0625 C 2.875,-9.875 2.65625,-9.84375 2.390625,-9.828125 c -0.34375,0.03125 -0.4375,0.046875 -0.4375,0.296875 0,0.15625 0.140625,0.15625 0.28125,0.15625 0.734375,0 0.734375,0.125 0.734375,0.265625 0,0.0625 0,0.09375 -0.078125,0.34375 L 0.84375,-0.5625 c -0.0625,0.21875 -0.0625,0.25 -0.0625,0.328125 0,0.328125 0.25,0.375 0.390625,0.375 0.40625,0 0.484375,-0.3125 0.609375,-0.75 l 0.671875,-2.6875 c 1.03125,0.109375 1.65625,0.546875 1.65625,1.234375 0,0.078125 0,0.140625 -0.046875,0.359375 C 4,-1.484375 4,-1.3125 4,-1.25 c 0,0.828125 0.546875,1.390625 1.28125,1.390625 0.65625,0 1,-0.59375 1.109375,-0.796875 0.3125,-0.53125 0.5,-1.34375 0.5,-1.390625 0,-0.078125 -0.0625,-0.140625 -0.15625,-0.140625 -0.125,0 -0.140625,0.0625 -0.1875,0.296875 -0.203125,0.75 -0.515625,1.75 -1.234375,1.75 -0.296875,0 -0.484375,-0.140625 -0.484375,-0.6875 0,-0.28125 0.0625,-0.59375 0.125,-0.8125 C 5,-1.890625 5,-1.90625 5,-2.078125 c 0,-0.84375 -0.75,-1.328125 -2.078125,-1.5 0.515625,-0.3125 1.03125,-0.875 1.234375,-1.078125 0.828125,-0.921875 1.375,-1.375 2.046875,-1.375 0.328125,0 0.40625,0.078125 0.515625,0.171875 C 6.1875,-5.8125 5.984375,-5.4375 5.984375,-5.15625 c 0,0.34375 0.265625,0.46875 0.46875,0.46875 0.390625,0 0.734375,-0.328125 0.734375,-0.796875 0,-0.40625 -0.328125,-0.84375 -0.984375,-0.84375 -0.78125,0 -1.421875,0.5625 -2.4375,1.703125 -0.15625,0.171875 -0.6875,0.71875 -1.21875,0.921875 z m 0,0" id="path49"/>
    </svg:g>
  </svg:g>
  <svg:g fill="#000000" fill-opacity="1" id="g33" transform="matrix(1.33333 0 0 1.33333 -4.25 -4.4745)">
    <svg:g id="use33" transform="translate(101.432,32.410999)">
      <svg:path d="m 1.390625,-0.84375 1.15625,-1.125 c 1.703125,-1.5 2.34375,-2.09375 2.34375,-3.171875 0,-1.25 -0.96875,-2.125 -2.3125,-2.125 -1.21875,0 -2.03125,1 -2.03125,1.96875 0,0.625 0.546875,0.625 0.578125,0.625 0.1875,0 0.5625,-0.140625 0.5625,-0.578125 0,-0.296875 -0.1875,-0.578125 -0.578125,-0.578125 -0.078125,0 -0.109375,0 -0.140625,0.015625 0.25,-0.703125 0.84375,-1.109375 1.46875,-1.109375 1,0 1.46875,0.875 1.46875,1.78125 0,0.859375 -0.546875,1.734375 -1.140625,2.40625 l -2.09375,2.328125 c -0.125,0.125 -0.125,0.140625 -0.125,0.40625 H 4.59375 L 4.890625,-1.890625 H 4.625 C 4.5625,-1.578125 4.5,-1.09375 4.390625,-0.921875 4.3125,-0.84375 3.59375,-0.84375 3.34375,-0.84375 Z m 0,0" id="path50"/>
    </svg:g>
  </svg:g>
</svg:g></svg>