<!-- Created with Inkscape (http://www.inkscape.org/) --><svg xmlns:inkscape="http://www.inkscape.org/namespaces/inkscape" xmlns:sodipodi="http://sodipodi.sourceforge.net/DTD/sodipodi-0.dtd" xmlns="http://www.w3.org/2000/svg" xmlns:svg="http://www.w3.org/2000/svg" width="210mm" height="297.3mm" viewBox="0 0 210 297.3" version="1.1" id="svg5" inkscape:version="1.2-alpha (df1ee07fc9, 2022-02-08)" sodipodi:docname="pixelsnap_simple.svg">
  <sodipodi:namedview id="namedview7" pagecolor="#ffffff" bordercolor="#000000" borderopacity="0.25" inkscape:pageshadow="2" inkscape:pageopacity="0.0" inkscape:pagecheckerboard="0" inkscape:blackoutopacity="0.0" inkscape:document-units="mm" showgrid="false" inkscape:zoom="0.89263468" inkscape:cx="398.25923" inkscape:cy="561.81998" inkscape:window-width="2488" inkscape:window-height="1376" inkscape:window-x="1992" inkscape:window-y="27" inkscape:window-maximized="1" inkscape:current-layer="layer1"/>
  <defs id="defs2"/>
  <g inkscape:label="Layer 1" inkscape:groupmode="layer" id="layer1">
    <rect style="fill:none;stroke:#000000;stroke-width:1.0" id="rect1144" width="72.0" height="93.0" x="102.5" y="98.5"/>
    <ellipse style="fill:none;stroke:#000000;stroke-width:1" id="path1302" cx="69.683548" cy="59.813026" rx="12.090026" ry="12.095892"/>
    <path style="fill:none;stroke:#000000;stroke-width:1.0" d="M 142.5 19 L 142.5 59.0295" id="path1430"/>
    <path style="fill:none;stroke:#000000;stroke-width:1" d="m 159.2305,37.350562 24.72845,24.728442" id="path1432"/>
    <path style="fill:none;stroke:#000000;stroke-width:1.0" d="M 147 64.5 L 191.494 64.5" id="path1434"/>
  </g>
</svg>