<!-- Created with Inkscape (http://www.inkscape.org/) --><svg xmlns:dc="http://purl.org/dc/elements/1.1/" xmlns:cc="http://creativecommons.org/ns#" xmlns:rdf="http://www.w3.org/1999/02/22-rdf-syntax-ns#" xmlns:svg="http://www.w3.org/2000/svg" xmlns="http://www.w3.org/2000/svg" version="1.1" width="793.7007874" height="1122.519685">
<ns0:namedview xmlns:ns0="http://sodipodi.sourceforge.net/DTD/sodipodi-0.dtd"/><svg:g xmlns:ns1="http://www.inkscape.org/namespaces/inkscape" ns1:label="cube:z45.00:x0.00:x0.00:z0.00:x0.00:x0.00"><svg:path ns1:label="Face:4" style="fill:#CD0000;fill-opacity:1.0;stroke:#000000;stroke-linejoin:round;stroke-opacity:1.0;stroke-width:2" d="M -7.10543e-15 70.7107 L -70.7107 -7.10543e-15 L 7.10543e-15 -70.7107 L 70.7107 7.10543e-15 Z"/></svg:g></svg>