<!-- Created with Inkscape (http://www.inkscape.org/) --><svg xmlns:dc="http://purl.org/dc/elements/1.1/" xmlns:cc="http://creativecommons.org/ns#" xmlns:rdf="http://www.w3.org/1999/02/22-rdf-syntax-ns#" xmlns:svg="http://www.w3.org/2000/svg" xmlns="http://www.w3.org/2000/svg" version="1.1" width="793.7007874" height="1122.519685">
<ns0:namedview xmlns:ns0="http://sodipodi.sourceforge.net/DTD/sodipodi-0.dtd"/><svg:g xmlns:ns1="http://www.inkscape.org/namespaces/inkscape" ns1:label="DataMatrix"><svg:rect height="4" style="fill:#000000;stroke:none;stroke-width:1" width="4" x="0.0" y="0"/><svg:rect height="4" style="fill:#000000;stroke:none;stroke-width:1" width="4" x="8.0" y="0"/><svg:rect height="4" style="fill:#000000;stroke:none;stroke-width:1" width="4" x="16.0" y="0"/><svg:rect height="4" style="fill:#000000;stroke:none;stroke-width:1" width="4" x="24.0" y="0"/><svg:rect height="4" style="fill:#000000;stroke:none;stroke-width:1" width="4" x="32.0" y="0"/><svg:rect height="4" style="fill:#000000;stroke:none;stroke-width:1" width="4" x="0.0" y="4"/><svg:rect height="4" style="fill:#000000;stroke:none;stroke-width:1" width="4" x="8.0" y="4"/><svg:rect height="4" style="fill:#000000;stroke:none;stroke-width:1" width="4" x="12.0" y="4"/><svg:rect height="4" style="fill:#000000;stroke:none;stroke-width:1" width="4" x="24.0" y="4"/><svg:rect height="4" style="fill:#000000;stroke:none;stroke-width:1" width="4" x="28.0" y="4"/><svg:rect height="4" style="fill:#000000;stroke:none;stroke-width:1" width="4" x="32.0" y="4"/><svg:rect height="4" style="fill:#000000;stroke:none;stroke-width:1" width="4" x="36.0" y="4"/><svg:rect height="4" style="fill:#000000;stroke:none;stroke-width:1" width="4" x="0.0" y="8"/><svg:rect height="4" style="fill:#000000;stroke:none;stroke-width:1" width="4" x="4.0" y="8"/><svg:rect height="4" style="fill:#000000;stroke:none;stroke-width:1" width="4" x="12.0" y="8"/><svg:rect height="4" style="fill:#000000;stroke:none;stroke-width:1" width="4" x="20.0" y="8"/><svg:rect height="4" style="fill:#000000;stroke:none;stroke-width:1" width="4" x="24.0" y="8"/><svg:rect height="4" style="fill:#000000;stroke:none;stroke-width:1" width="4" x="32.0" y="8"/><svg:rect height="4" style="fill:#000000;stroke:none;stroke-width:1" width="4" x="0.0" y="12"/><svg:rect height="4" style="fill:#000000;stroke:none;stroke-width:1" width="4" x="4.0" y="12"/><svg:rect height="4" style="fill:#000000;stroke:none;stroke-width:1" width="4" x="8.0" y="12"/><svg:rect height="4" style="fill:#000000;stroke:none;stroke-width:1" width="4" x="12.0" y="12"/><svg:rect height="4" style="fill:#000000;stroke:none;stroke-width:1" width="4" x="16.0" y="12"/><svg:rect height="4" style="fill:#000000;stroke:none;stroke-width:1" width="4" x="20.0" y="12"/><svg:rect height="4" style="fill:#000000;stroke:none;stroke-width:1" width="4" x="32.0" y="12"/><svg:rect height="4" style="fill:#000000;stroke:none;stroke-width:1" width="4" x="36.0" y="12"/><svg:rect height="4" style="fill:#000000;stroke:none;stroke-width:1" width="4" x="0.0" y="16"/><svg:rect height="4" style="fill:#000000;stroke:none;stroke-width:1" width="4" x="4.0" y="16"/><svg:rect height="4" style="fill:#000000;stroke:none;stroke-width:1" width="4" x="8.0" y="16"/><svg:rect height="4" style="fill:#000000;stroke:none;stroke-width:1" width="4" x="0.0" y="20"/><svg:rect height="4" style="fill:#000000;stroke:none;stroke-width:1" width="4" x="8.0" y="20"/><svg:rect height="4" style="fill:#000000;stroke:none;stroke-width:1" width="4" x="32.0" y="20"/><svg:rect height="4" style="fill:#000000;stroke:none;stroke-width:1" width="4" x="36.0" y="20"/><svg:rect height="4" style="fill:#000000;stroke:none;stroke-width:1" width="4" x="0.0" y="24"/><svg:rect height="4" style="fill:#000000;stroke:none;stroke-width:1" width="4" x="28.0" y="24"/><svg:rect height="4" style="fill:#000000;stroke:none;stroke-width:1" width="4" x="32.0" y="24"/><svg:rect height="4" style="fill:#000000;stroke:none;stroke-width:1" width="4" x="0.0" y="28"/><svg:rect height="4" style="fill:#000000;stroke:none;stroke-width:1" width="4" x="4.0" y="28"/><svg:rect height="4" style="fill:#000000;stroke:none;stroke-width:1" width="4" x="16.0" y="28"/><svg:rect height="4" style="fill:#000000;stroke:none;stroke-width:1" width="4" x="20.0" y="28"/><svg:rect height="4" style="fill:#000000;stroke:none;stroke-width:1" width="4" x="24.0" y="28"/><svg:rect height="4" style="fill:#000000;stroke:none;stroke-width:1" width="4" x="32.0" y="28"/><svg:rect height="4" style="fill:#000000;stroke:none;stroke-width:1" width="4" x="36.0" y="28"/><svg:rect height="4" style="fill:#000000;stroke:none;stroke-width:1" width="4" x="0.0" y="32"/><svg:rect height="4" style="fill:#000000;stroke:none;stroke-width:1" width="4" x="12.0" y="32"/><svg:rect height="4" style="fill:#000000;stroke:none;stroke-width:1" width="4" x="20.0" y="32"/><svg:rect height="4" style="fill:#000000;stroke:none;stroke-width:1" width="4" x="24.0" y="32"/><svg:rect height="4" style="fill:#000000;stroke:none;stroke-width:1" width="4" x="32.0" y="32"/><svg:rect height="4" style="fill:#000000;stroke:none;stroke-width:1" width="4" x="0.0" y="36"/><svg:rect height="4" style="fill:#000000;stroke:none;stroke-width:1" width="4" x="4.0" y="36"/><svg:rect height="4" style="fill:#000000;stroke:none;stroke-width:1" width="4" x="8.0" y="36"/><svg:rect height="4" style="fill:#000000;stroke:none;stroke-width:1" width="4" x="12.0" y="36"/><svg:rect height="4" style="fill:#000000;stroke:none;stroke-width:1" width="4" x="16.0" y="36"/><svg:rect height="4" style="fill:#000000;stroke:none;stroke-width:1" width="4" x="20.0" y="36"/><svg:rect height="4" style="fill:#000000;stroke:none;stroke-width:1" width="4" x="24.0" y="36"/><svg:rect height="4" style="fill:#000000;stroke:none;stroke-width:1" width="4" x="28.0" y="36"/><svg:rect height="4" style="fill:#000000;stroke:none;stroke-width:1" width="4" x="32.0" y="36"/><svg:rect height="4" style="fill:#000000;stroke:none;stroke-width:1" width="4" x="36.0" y="36"/><svg:rect height="4" style="fill:#000000;stroke:none;stroke-width:1" width="4" x="60.0" y="0"/><svg:rect height="4" style="fill:#000000;stroke:none;stroke-width:1" width="4" x="68.0" y="0"/><svg:rect height="4" style="fill:#000000;stroke:none;stroke-width:1" width="4" x="76.0" y="0"/><svg:rect height="4" style="fill:#000000;stroke:none;stroke-width:1" width="4" x="84.0" y="0"/><svg:rect height="4" style="fill:#000000;stroke:none;stroke-width:1" width="4" x="92.0" y="0"/><svg:rect height="4" style="fill:#000000;stroke:none;stroke-width:1" width="4" x="60.0" y="4"/><svg:rect height="4" style="fill:#000000;stroke:none;stroke-width:1" width="4" x="68.0" y="4"/><svg:rect height="4" style="fill:#000000;stroke:none;stroke-width:1" width="4" x="76.0" y="4"/><svg:rect height="4" style="fill:#000000;stroke:none;stroke-width:1" width="4" x="84.0" y="4"/><svg:rect height="4" style="fill:#000000;stroke:none;stroke-width:1" width="4" x="92.0" y="4"/><svg:rect height="4" style="fill:#000000;stroke:none;stroke-width:1" width="4" x="96.0" y="4"/><svg:rect height="4" style="fill:#000000;stroke:none;stroke-width:1" width="4" x="60.0" y="8"/><svg:rect height="4" style="fill:#000000;stroke:none;stroke-width:1" width="4" x="64.0" y="8"/><svg:rect height="4" style="fill:#000000;stroke:none;stroke-width:1" width="4" x="80.0" y="8"/><svg:rect height="4" style="fill:#000000;stroke:none;stroke-width:1" width="4" x="60.0" y="12"/><svg:rect height="4" style="fill:#000000;stroke:none;stroke-width:1" width="4" x="64.0" y="12"/><svg:rect height="4" style="fill:#000000;stroke:none;stroke-width:1" width="4" x="80.0" y="12"/><svg:rect height="4" style="fill:#000000;stroke:none;stroke-width:1" width="4" x="84.0" y="12"/><svg:rect height="4" style="fill:#000000;stroke:none;stroke-width:1" width="4" x="92.0" y="12"/><svg:rect height="4" style="fill:#000000;stroke:none;stroke-width:1" width="4" x="96.0" y="12"/><svg:rect height="4" style="fill:#000000;stroke:none;stroke-width:1" width="4" x="60.0" y="16"/><svg:rect height="4" style="fill:#000000;stroke:none;stroke-width:1" width="4" x="68.0" y="16"/><svg:rect height="4" style="fill:#000000;stroke:none;stroke-width:1" width="4" x="72.0" y="16"/><svg:rect height="4" style="fill:#000000;stroke:none;stroke-width:1" width="4" x="88.0" y="16"/><svg:rect height="4" style="fill:#000000;stroke:none;stroke-width:1" width="4" x="92.0" y="16"/><svg:rect height="4" style="fill:#000000;stroke:none;stroke-width:1" width="4" x="60.0" y="20"/><svg:rect height="4" style="fill:#000000;stroke:none;stroke-width:1" width="4" x="68.0" y="20"/><svg:rect height="4" style="fill:#000000;stroke:none;stroke-width:1" width="4" x="76.0" y="20"/><svg:rect height="4" style="fill:#000000;stroke:none;stroke-width:1" width="4" x="84.0" y="20"/><svg:rect height="4" style="fill:#000000;stroke:none;stroke-width:1" width="4" x="88.0" y="20"/><svg:rect height="4" style="fill:#000000;stroke:none;stroke-width:1" width="4" x="96.0" y="20"/><svg:rect height="4" style="fill:#000000;stroke:none;stroke-width:1" width="4" x="60.0" y="24"/><svg:rect height="4" style="fill:#000000;stroke:none;stroke-width:1" width="4" x="64.0" y="24"/><svg:rect height="4" style="fill:#000000;stroke:none;stroke-width:1" width="4" x="84.0" y="24"/><svg:rect height="4" style="fill:#000000;stroke:none;stroke-width:1" width="4" x="60.0" y="28"/><svg:rect height="4" style="fill:#000000;stroke:none;stroke-width:1" width="4" x="76.0" y="28"/><svg:rect height="4" style="fill:#000000;stroke:none;stroke-width:1" width="4" x="96.0" y="28"/><svg:rect height="4" style="fill:#000000;stroke:none;stroke-width:1" width="4" x="60.0" y="32"/><svg:rect height="4" style="fill:#000000;stroke:none;stroke-width:1" width="4" x="64.0" y="32"/><svg:rect height="4" style="fill:#000000;stroke:none;stroke-width:1" width="4" x="72.0" y="32"/><svg:rect height="4" style="fill:#000000;stroke:none;stroke-width:1" width="4" x="88.0" y="32"/><svg:rect height="4" style="fill:#000000;stroke:none;stroke-width:1" width="4" x="92.0" y="32"/><svg:rect height="4" style="fill:#000000;stroke:none;stroke-width:1" width="4" x="60.0" y="36"/><svg:rect height="4" style="fill:#000000;stroke:none;stroke-width:1" width="4" x="64.0" y="36"/><svg:rect height="4" style="fill:#000000;stroke:none;stroke-width:1" width="4" x="68.0" y="36"/><svg:rect height="4" style="fill:#000000;stroke:none;stroke-width:1" width="4" x="72.0" y="36"/><svg:rect height="4" style="fill:#000000;stroke:none;stroke-width:1" width="4" x="76.0" y="36"/><svg:rect height="4" style="fill:#000000;stroke:none;stroke-width:1" width="4" x="80.0" y="36"/><svg:rect height="4" style="fill:#000000;stroke:none;stroke-width:1" width="4" x="84.0" y="36"/><svg:rect height="4" style="fill:#000000;stroke:none;stroke-width:1" width="4" x="88.0" y="36"/><svg:rect height="4" style="fill:#000000;stroke:none;stroke-width:1" width="4" x="92.0" y="36"/><svg:rect height="4" style="fill:#000000;stroke:none;stroke-width:1" width="4" x="96.0" y="36"/><svg:rect height="4" style="fill:#000000;stroke:none;stroke-width:1" width="4" x="120.0" y="0"/><svg:rect height="4" style="fill:#000000;stroke:none;stroke-width:1" width="4" x="128.0" y="0"/><svg:rect height="4" style="fill:#000000;stroke:none;stroke-width:1" width="4" x="136.0" y="0"/><svg:rect height="4" style="fill:#000000;stroke:none;stroke-width:1" width="4" x="144.0" y="0"/><svg:rect height="4" style="fill:#000000;stroke:none;stroke-width:1" width="4" x="152.0" y="0"/><svg:rect height="4" style="fill:#000000;stroke:none;stroke-width:1" width="4" x="120.0" y="4"/><svg:rect height="4" style="fill:#000000;stroke:none;stroke-width:1" width="4" x="128.0" y="4"/><svg:rect height="4" style="fill:#000000;stroke:none;stroke-width:1" width="4" x="140.0" y="4"/><svg:rect height="4" style="fill:#000000;stroke:none;stroke-width:1" width="4" x="144.0" y="4"/><svg:rect height="4" style="fill:#000000;stroke:none;stroke-width:1" width="4" x="152.0" y="4"/><svg:rect height="4" style="fill:#000000;stroke:none;stroke-width:1" width="4" x="156.0" y="4"/><svg:rect height="4" style="fill:#000000;stroke:none;stroke-width:1" width="4" x="120.0" y="8"/><svg:rect height="4" style="fill:#000000;stroke:none;stroke-width:1" width="4" x="124.0" y="8"/><svg:rect height="4" style="fill:#000000;stroke:none;stroke-width:1" width="4" x="136.0" y="8"/><svg:rect height="4" style="fill:#000000;stroke:none;stroke-width:1" width="4" x="140.0" y="8"/><svg:rect height="4" style="fill:#000000;stroke:none;stroke-width:1" width="4" x="144.0" y="8"/><svg:rect height="4" style="fill:#000000;stroke:none;stroke-width:1" width="4" x="120.0" y="12"/><svg:rect height="4" style="fill:#000000;stroke:none;stroke-width:1" width="4" x="124.0" y="12"/><svg:rect height="4" style="fill:#000000;stroke:none;stroke-width:1" width="4" x="128.0" y="12"/><svg:rect height="4" style="fill:#000000;stroke:none;stroke-width:1" width="4" x="136.0" y="12"/><svg:rect height="4" style="fill:#000000;stroke:none;stroke-width:1" width="4" x="140.0" y="12"/><svg:rect height="4" style="fill:#000000;stroke:none;stroke-width:1" width="4" x="144.0" y="12"/><svg:rect height="4" style="fill:#000000;stroke:none;stroke-width:1" width="4" x="152.0" y="12"/><svg:rect height="4" style="fill:#000000;stroke:none;stroke-width:1" width="4" x="156.0" y="12"/><svg:rect height="4" style="fill:#000000;stroke:none;stroke-width:1" width="4" x="120.0" y="16"/><svg:rect height="4" style="fill:#000000;stroke:none;stroke-width:1" width="4" x="132.0" y="16"/><svg:rect height="4" style="fill:#000000;stroke:none;stroke-width:1" width="4" x="140.0" y="16"/><svg:rect height="4" style="fill:#000000;stroke:none;stroke-width:1" width="4" x="144.0" y="16"/><svg:rect height="4" style="fill:#000000;stroke:none;stroke-width:1" width="4" x="148.0" y="16"/><svg:rect height="4" style="fill:#000000;stroke:none;stroke-width:1" width="4" x="152.0" y="16"/><svg:rect height="4" style="fill:#000000;stroke:none;stroke-width:1" width="4" x="120.0" y="20"/><svg:rect height="4" style="fill:#000000;stroke:none;stroke-width:1" width="4" x="124.0" y="20"/><svg:rect height="4" style="fill:#000000;stroke:none;stroke-width:1" width="4" x="128.0" y="20"/><svg:rect height="4" style="fill:#000000;stroke:none;stroke-width:1" width="4" x="132.0" y="20"/><svg:rect height="4" style="fill:#000000;stroke:none;stroke-width:1" width="4" x="136.0" y="20"/><svg:rect height="4" style="fill:#000000;stroke:none;stroke-width:1" width="4" x="140.0" y="20"/><svg:rect height="4" style="fill:#000000;stroke:none;stroke-width:1" width="4" x="144.0" y="20"/><svg:rect height="4" style="fill:#000000;stroke:none;stroke-width:1" width="4" x="156.0" y="20"/><svg:rect height="4" style="fill:#000000;stroke:none;stroke-width:1" width="4" x="120.0" y="24"/><svg:rect height="4" style="fill:#000000;stroke:none;stroke-width:1" width="4" x="136.0" y="24"/><svg:rect height="4" style="fill:#000000;stroke:none;stroke-width:1" width="4" x="140.0" y="24"/><svg:rect height="4" style="fill:#000000;stroke:none;stroke-width:1" width="4" x="148.0" y="24"/><svg:rect height="4" style="fill:#000000;stroke:none;stroke-width:1" width="4" x="120.0" y="28"/><svg:rect height="4" style="fill:#000000;stroke:none;stroke-width:1" width="4" x="128.0" y="28"/><svg:rect height="4" style="fill:#000000;stroke:none;stroke-width:1" width="4" x="132.0" y="28"/><svg:rect height="4" style="fill:#000000;stroke:none;stroke-width:1" width="4" x="140.0" y="28"/><svg:rect height="4" style="fill:#000000;stroke:none;stroke-width:1" width="4" x="144.0" y="28"/><svg:rect height="4" style="fill:#000000;stroke:none;stroke-width:1" width="4" x="156.0" y="28"/><svg:rect height="4" style="fill:#000000;stroke:none;stroke-width:1" width="4" x="120.0" y="32"/><svg:rect height="4" style="fill:#000000;stroke:none;stroke-width:1" width="4" x="152.0" y="32"/><svg:rect height="4" style="fill:#000000;stroke:none;stroke-width:1" width="4" x="120.0" y="36"/><svg:rect height="4" style="fill:#000000;stroke:none;stroke-width:1" width="4" x="124.0" y="36"/><svg:rect height="4" style="fill:#000000;stroke:none;stroke-width:1" width="4" x="128.0" y="36"/><svg:rect height="4" style="fill:#000000;stroke:none;stroke-width:1" width="4" x="132.0" y="36"/><svg:rect height="4" style="fill:#000000;stroke:none;stroke-width:1" width="4" x="136.0" y="36"/><svg:rect height="4" style="fill:#000000;stroke:none;stroke-width:1" width="4" x="140.0" y="36"/><svg:rect height="4" style="fill:#000000;stroke:none;stroke-width:1" width="4" x="144.0" y="36"/><svg:rect height="4" style="fill:#000000;stroke:none;stroke-width:1" width="4" x="148.0" y="36"/><svg:rect height="4" style="fill:#000000;stroke:none;stroke-width:1" width="4" x="152.0" y="36"/><svg:rect height="4" style="fill:#000000;stroke:none;stroke-width:1" width="4" x="156.0" y="36"/></svg:g></svg>