<svg xmlns:dc="http://purl.org/dc/elements/1.1/" xmlns:cc="http://creativecommons.org/ns#" xmlns:rdf="http://www.w3.org/1999/02/22-rdf-syntax-ns#" xmlns:svg="http://www.w3.org/2000/svg" xmlns="http://www.w3.org/2000/svg" xmlns:sodipodi="http://sodipodi.sourceforge.net/DTD/sodipodi-0.dtd" xmlns:inkscape="http://www.inkscape.org/namespaces/inkscape" sodipodi:docname="rubber-stretch-test.svg" inkscape:version="1.0.1 (3bc2e813f5, 2020-09-07)" id="svg8" version="1.1" viewBox="0 0 40.267113 34.702045" height="34.702045mm" width="40.267113mm">
  <defs id="defs2"/>
  <sodipodi:namedview inkscape:document-rotation="0" id="base" pagecolor="#ffffff" bordercolor="#666666" borderopacity="1.0" inkscape:pageopacity="0.0" inkscape:pageshadow="2" inkscape:zoom="0.49497475" inkscape:cx="210.77132" inkscape:cy="446.45539" inkscape:document-units="mm" inkscape:current-layer="layer1" showgrid="false" inkscape:window-width="2560" inkscape:window-height="1377" inkscape:window-x="1912" inkscape:window-y="-8" inkscape:window-maximized="1" fit-margin-top="0" fit-margin-left="0" fit-margin-right="0" fit-margin-bottom="0"/>
  <metadata id="metadata5">
    <rdf:RDF>
      <cc:Work rdf:about="">
        <dc:format>image/svg+xml</dc:format>
        <dc:type rdf:resource="http://purl.org/dc/dcmitype/StillImage"/>
        <dc:title/>
      </cc:Work>
    </rdf:RDF>
  </metadata>
  <g inkscape:label="Layer 1" inkscape:groupmode="layer" id="layer1" transform="translate(-55.313068,-21.123064)">
    <svg:path d="M 58.6277 17.9975 L 61.7812 28.2358 L 62.8324 38.4741 L 61.7812 48.7125 L 58.6277 58.9508 L 59.5621 59.5192 L 60.4964 60.0847 L 61.4308 60.6444 L 62.3652 61.1948 L 64.818 49.8345 L 65.6356 38.4741 L 64.818 27.1137 L 62.3652 15.7535 L 63.2996 15.2158 L 64.234 14.6948 L 65.1684 14.1944 L 66.1028 13.7188 L 67.8548 26.0965 L 68.4387 38.4741 L 67.8548 50.8518 L 66.1028 63.2295 L 67.0372 63.6762 L 67.9716 64.0897 L 68.9059 64.4661 L 69.8403 64.8013 L 70.8915 51.6377 L 71.2419 38.4741 L 70.8915 25.3105 L 69.8403 12.147 L 70.7747 11.8566 L 71.7091 11.6141 L 72.6435 11.4224 L 73.5779 11.2838 L 73.9283 24.879 L 74.0451 38.4742 L 73.9283 52.0693 L 73.5779 65.6645 L 74.5123 65.7483 L 75.4467 65.7764 L 76.381 65.7483 L 77.3154 65.6645 L 76.965 52.0693 L 76.8482 38.4741 L 76.965 24.8789 L 77.3154 11.2839 L 78.2498 11.4224 L 79.1842 11.6141 L 80.1186 11.8566 L 81.053 12.147 L 80.0018 25.3106 L 79.6514 38.4742 L 80.0018 51.6377 L 81.053 64.8013 L 81.9874 64.4661 L 82.9218 64.0897 L 83.8562 63.6762 L 84.7905 63.2295 L 83.0386 50.8518 L 82.4546 38.4741 L 83.0386 26.0964 L 84.7905 13.7188 L 85.7249 14.1944 L 86.6593 14.6948 L 87.5937 15.2158 L 88.5281 15.7535 L 86.0753 27.1138 L 85.2577 38.4741 L 86.0753 49.8345 L 88.5281 61.1948 L 89.4625 60.6444 L 90.3969 60.0847 L 91.3313 59.5191 L 92.2657 58.9508 L 89.1121 48.7125 L 88.0609 38.4741 L 89.1121 28.2357 L 92.2656 17.9975" style="fill:none;stroke:#000000;stroke-width:0.264583px;stroke-linecap:butt;stroke-linejoin:miter;stroke-opacity:1" id="path3997"/>
  </g>
</svg>