<svg xmlns:dc="http://purl.org/dc/elements/1.1/" xmlns:cc="http://creativecommons.org/ns#" xmlns:rdf="http://www.w3.org/1999/02/22-rdf-syntax-ns#" xmlns:svg="http://www.w3.org/2000/svg" xmlns="http://www.w3.org/2000/svg" xmlns:sodipodi="http://sodipodi.sourceforge.net/DTD/sodipodi-0.dtd" xmlns:inkscape="http://www.inkscape.org/namespaces/inkscape" sodipodi:docname="rubber-stretch-test.svg" inkscape:version="1.0.1 (3bc2e813f5, 2020-09-07)" id="svg8" version="1.1" viewBox="0 0 40.267113 34.702045" height="34.702045mm" width="40.267113mm">
  <defs id="defs2"/>
  <sodipodi:namedview inkscape:document-rotation="0" id="base" pagecolor="#ffffff" bordercolor="#666666" borderopacity="1.0" inkscape:pageopacity="0.0" inkscape:pageshadow="2" inkscape:zoom="0.49497475" inkscape:cx="210.77132" inkscape:cy="446.45539" inkscape:document-units="mm" inkscape:current-layer="layer1" showgrid="false" inkscape:window-width="2560" inkscape:window-height="1377" inkscape:window-x="1912" inkscape:window-y="-8" inkscape:window-maximized="1" fit-margin-top="0" fit-margin-left="0" fit-margin-right="0" fit-margin-bottom="0"/>
  <metadata id="metadata5">
    <rdf:RDF>
      <cc:Work rdf:about="">
        <dc:format>image/svg+xml</dc:format>
        <dc:type rdf:resource="http://purl.org/dc/dcmitype/StillImage"/>
        <dc:title/>
      </cc:Work>
    </rdf:RDF>
  </metadata>
  <g inkscape:label="Layer 1" inkscape:groupmode="layer" id="layer1" transform="translate(-55.313068,-21.123064)">
    <svg:path d="M 61.3036 14.1232 L 61.3036 26.2987 L 61.3036 38.4741 L 61.3036 50.6496 L 61.3036 62.8251 L 62.0894 62.8251 L 62.8751 62.8251 L 63.6608 62.8251 L 64.4465 62.8251 L 64.4465 50.6496 L 64.4465 38.4741 L 64.4465 26.2986 L 64.4465 14.1232 L 65.2322 14.1232 L 66.018 14.1232 L 66.8037 14.1232 L 67.5894 14.1232 L 67.5894 26.2987 L 67.5894 38.4741 L 67.5894 50.6496 L 67.5894 62.8251 L 68.3751 62.8251 L 69.1609 62.8251 L 69.9466 62.8251 L 70.7323 62.8251 L 70.7323 50.6496 L 70.7323 38.4741 L 70.7323 26.2986 L 70.7323 14.1232 L 71.518 14.1232 L 72.3038 14.1232 L 73.0895 14.1232 L 73.8752 14.1232 L 73.8752 26.2987 L 73.8752 38.4741 L 73.8752 50.6496 L 73.8752 62.8251 L 74.6609 62.8251 L 75.4467 62.8251 L 76.2324 62.8251 L 77.0181 62.8251 L 77.0181 50.6496 L 77.0181 38.4741 L 77.0181 26.2986 L 77.0181 14.1232 L 77.8038 14.1232 L 78.5896 14.1232 L 79.3753 14.1232 L 80.161 14.1232 L 80.161 26.2987 L 80.161 38.4741 L 80.161 50.6496 L 80.161 62.8251 L 80.9467 62.8251 L 81.7325 62.8251 L 82.5182 62.8251 L 83.3039 62.8251 L 83.3039 50.6496 L 83.3039 38.4741 L 83.3039 26.2986 L 83.3039 14.1232 L 84.0896 14.1232 L 84.8753 14.1232 L 85.6611 14.1232 L 86.4468 14.1232 L 86.4468 26.2987 L 86.4468 38.4741 L 86.4468 50.6496 L 86.4468 62.8251 L 87.2325 62.8251 L 88.0182 62.8251 L 88.804 62.8251 L 89.5897 62.8251 L 89.5897 50.6496 L 89.5897 38.4741 L 89.5897 26.2986 L 89.5897 14.1232" style="fill:none;stroke:#000000;stroke-width:0.264583px;stroke-linecap:butt;stroke-linejoin:miter;stroke-opacity:1" id="path3997"/>
  </g>
</svg>