<!-- Created with Inkscape (http://www.inkscape.org/) --><svg xmlns:dc="http://purl.org/dc/elements/1.1/" xmlns:cc="http://creativecommons.org/ns#" xmlns:rdf="http://www.w3.org/1999/02/22-rdf-syntax-ns#" xmlns:svg="http://www.w3.org/2000/svg" xmlns="http://www.w3.org/2000/svg" version="1.1" width="289.0mm" height="203.0mm" id="SVGRoot" viewBox="0 0 289.0 203.0">
<ns0:namedview xmlns:ns0="http://sodipodi.sourceforge.net/DTD/sodipodi-0.dtd" xmlns:ns1="http://www.inkscape.org/namespaces/inkscape" ns1:document-units="mm" ns1:zoom="0.25" ns1:cx="144.5" ns1:cy="101.5"><ns0:guide position="0,10" orientation="0,1" ns1:label="bottom"/><ns0:guide position="0,193" orientation="0,1" ns1:label="top"/><ns0:guide position="10,0" orientation="1,0" ns1:label="left edge"/><ns0:guide position="139.5,0" orientation="1,0" ns1:label="left spline"/><ns0:guide position="149.5,0" orientation="1,0" ns1:label="right spline"/><ns0:guide position="279,0" orientation="1,0" ns1:label="top"/></ns0:namedview></svg>