<!-- Created with Inkscape (http://www.inkscape.org/) --><svg xmlns:dc="http://purl.org/dc/elements/1.1/" xmlns:cc="http://creativecommons.org/ns#" xmlns:rdf="http://www.w3.org/1999/02/22-rdf-syntax-ns#" xmlns:svg="http://www.w3.org/2000/svg" xmlns="http://www.w3.org/2000/svg" version="1.1" width="5.0mm" height="15.0mm" id="SVGRoot" viewBox="0 0 5.0 15.0">
<ns0:namedview xmlns:ns0="http://sodipodi.sourceforge.net/DTD/sodipodi-0.dtd" xmlns:ns1="http://www.inkscape.org/namespaces/inkscape" ns1:document-units="mm" ns1:zoom="0.25" ns1:cx="2.5" ns1:cy="7.5" pagecolor="#000000" bordercolor="#000000" ns1:pageopacity="1.0" ns1:pageshadow="0" borderopacity="0"/></svg>