2: red
1: #5c3566
1: #75507b
1: #729fcf
1: #3465a4
1: blue
1: #2e3436
1: #cc0000
