flow text which wraps
Multi line
text
FOO
UPPER
Hello World
text
Grouped
