Grouped
text
Hello World
UPPER
Multi line
text
FOO
flow text which wraps
