<!-- Created with Inkscape (http://www.inkscape.org/) --><svg xmlns:ns1="https://launchpad.net/jessyink" xmlns:dc="http://purl.org/dc/elements/1.1/" xmlns:cc="http://creativecommons.org/ns#" xmlns:rdf="http://www.w3.org/1999/02/22-rdf-syntax-ns#" xmlns:svg="http://www.w3.org/2000/svg" xmlns="http://www.w3.org/2000/svg" xmlns:xlink="http://www.w3.org/1999/xlink" xmlns:sodipodi="http://sodipodi.sourceforge.net/DTD/sodipodi-0.dtd" xmlns:inkscape="http://www.inkscape.org/namespaces/inkscape" width="1000" height="1000" viewBox="0 0 1000 1000" version="1.1" id="svg8" inkscape:version="0.92.4 5da689c313, 2019-01-14" sodipodi:docname="test.svg">
  <defs id="defs33">
    <marker inkscape:stockid="Arrow2Lstart" orient="auto" refY="0.0" refX="0.0" id="Arrow2Lstart" style="overflow:visible" inkscape:isstock="true">
      <path id="path859" style="fill-rule:evenodd;stroke-width:0.625;stroke-linejoin:round;stroke:#000000;stroke-opacity:1;fill:#000000;fill-opacity:1" d="M 8.7185878,4.0337352 L -2.2072895,0.016013256 L 8.7185884,-4.0017078 C 6.9730900,-1.6296469 6.9831476,1.6157441 8.7185878,4.0337352 z " transform="scale(1.1) translate(1,0)"/>
    </marker>
  <svg:pattern id="Voronoi5815" width="200.0000000000001" height="100.0" patternUnits="userSpaceOnUse" patternTransform="translate(600, 200)"><path d="M 169.282,0.000 169.335,2.016 M 51.160,2.038 59.922,6.442 M 169.335,2.016 173.932,6.573 M 59.922,6.442 61.310,6.504 M 61.252,0.000 61.310,6.504 M 74.226,0.000 74.675,6.550 M 74.675,6.550 81.226,0.000 M 163.243,7.065 169.335,2.016 M 61.310,6.504 61.873,6.927 M 61.873,6.927 63.649,7.129 M 159.108,6.956 160.117,0.000 M 159.108,6.956 163.243,7.065 M 176.660,7.512 184.293,1.757 M 175.946,7.551 176.660,7.512 M 173.932,6.573 175.772,7.577 M 175.772,7.577 175.946,7.551 M 176.660,7.512 179.615,10.469 M 63.649,7.129 68.879,7.453 M 68.324,0.000 68.879,7.453 M 163.243,7.065 166.504,12.227 M 166.504,12.227 173.932,6.573 M 184.293,1.757 189.497,9.972 M 189.497,9.972 191.913,8.756 M 93.388,0.000 93.689,3.554 M 93.689,3.554 93.982,4.048 M 47.355,9.941 51.160,2.038 M 179.310,15.484 179.615,10.469 M 28.936,14.576 28.948,14.408 M 68.879,7.453 72.902,10.320 M 72.902,10.320 74.675,6.550 M 28.948,14.408 37.199,9.648 M 33.108,0.000 37.199,9.648 M 47.355,9.941 51.206,13.296 M 51.206,13.296 59.922,6.442 M 93.982,4.048 113.776,10.434 M 113.445,0.000 113.776,10.434 M 37.199,9.648 38.810,10.944 M 38.810,10.944 47.355,9.941 M 179.615,10.469 188.452,13.567 M 188.452,13.567 189.497,9.972 M 135.579,4.862 138.710,2.620 M 138.604,0.000 138.710,2.620 M 106.559,15.633 114.051,10.864 M 113.776,10.434 114.051,10.864 M 114.051,10.864 114.122,10.914 M 114.122,10.914 135.579,4.862 M 59.164,16.181 61.873,6.927 M 25.589,19.705 28.936,14.576 M 176.634,17.672 179.310,15.484 M 150.890,10.546 159.108,6.956 M 14.221,0.000 16.870,11.795 M 16.870,11.795 28.948,14.408 M 138.710,2.620 141.467,6.014 M 141.467,6.014 150.890,10.546 M 77.443,13.563 93.689,3.554 M 72.902,10.320 74.051,12.751 M 74.051,12.751 77.443,13.563 M 93.982,4.048 95.183,14.337 M 128.427,17.756 135.579,4.862 M 95.183,14.337 95.960,15.233 M 95.960,15.233 106.559,15.633 M 179.310,15.484 188.646,15.820 M 188.452,13.567 188.646,15.820 M 51.206,13.296 53.213,16.696 M 53.213,16.696 53.254,16.718 M 53.254,16.718 59.164,16.181 M 59.164,16.181 63.590,18.619 M 63.590,18.619 63.649,7.129 M 128.427,17.756 131.445,22.186 M 172.347,17.959 175.772,7.577 M 172.347,17.959 176.634,17.672 M 131.445,22.186 134.074,22.638 M 7.186,18.493 16.114,16.222 M 16.114,16.222 16.870,11.795 M 6.307,23.299 7.186,18.493 M 166.504,12.227 167.523,18.285 M 95.960,15.233 97.863,20.202 M 134.074,22.638 140.319,18.930 M 140.319,18.930 141.467,6.014 M 188.646,15.820 189.371,18.107 M 53.254,16.718 54.701,22.873 M 150.890,10.546 155.454,18.202 M 155.454,18.202 167.523,18.285 M 155.423,18.406 155.454,18.202 M 6.307,23.299 8.965,24.867 M 25.589,19.705 29.978,22.937 M 29.978,22.937 30.457,22.821 M 28.936,14.576 30.457,22.821 M 17.696,19.699 25.589,19.705 M 189.371,18.107 200.000,17.514 M 16.114,16.222 16.915,19.242 M 16.915,19.242 17.696,19.699 M 17.696,19.699 21.811,23.759 M 191.913,8.756 200.000,13.298 M 167.523,18.285 169.909,19.818 M 169.909,19.818 172.347,17.959 M 21.811,23.759 26.870,25.078 M 26.870,25.078 29.978,22.937 M 8.965,24.867 15.531,22.141 M 15.531,22.141 16.915,19.242 M 30.457,22.821 33.468,23.578 M 33.468,23.578 39.151,21.435 M 38.810,10.944 39.151,21.435 M 63.590,18.619 67.419,20.979 M 67.419,20.979 74.051,12.751 M 140.319,18.930 141.641,24.060 M 176.634,17.672 185.805,22.991 M 77.443,13.563 84.316,22.533 M 84.316,22.533 95.183,14.337 M 46.490,25.917 54.701,22.873 M 43.966,24.173 53.213,16.696 M 43.966,24.173 46.490,25.917 M 185.805,22.991 187.719,22.657 M 187.719,22.657 189.371,18.107 M 39.151,21.435 41.963,24.087 M 41.963,24.087 43.966,24.173 M 141.641,24.060 147.315,26.822 M 147.315,26.822 155.423,18.406 M 169.909,19.818 170.575,24.258 M 177.831,27.382 185.805,22.991 M 84.316,22.533 84.335,24.896 M 84.217,25.034 84.335,24.896 M 84.335,24.896 90.891,27.900 M 90.891,27.900 97.863,20.202 M 97.863,20.202 103.849,26.046 M 103.849,26.046 106.559,15.633 M 177.831,27.382 180.009,30.760 M 67.183,24.747 67.419,20.979 M 67.183,24.747 84.217,25.034 M 170.575,24.258 174.363,27.294 M 174.363,27.294 177.831,27.382 M 83.099,27.441 84.217,25.034 M 187.719,22.657 189.972,26.894 M 189.972,26.894 200.000,22.253 M 118.956,24.258 128.427,17.756 M 114.122,10.914 117.657,23.990 M 117.657,23.990 118.956,24.258 M 103.849,26.046 104.245,26.780 M 104.245,26.780 116.251,25.096 M 116.251,25.096 117.657,23.990 M 54.701,22.873 57.832,29.164 M 70.284,30.288 83.099,27.441 M 69.428,30.059 70.284,30.288 M 147.315,26.822 148.892,31.467 M 66.277,27.613 67.183,24.747 M 66.277,27.613 69.428,30.059 M 66.005,27.782 66.277,27.613 M 66.005,27.782 66.082,32.975 M 57.832,29.164 61.288,29.440 M 61.288,29.440 66.005,27.782 M 46.490,25.917 52.406,31.892 M 52.406,31.892 57.832,29.164 M 118.956,24.258 127.483,31.235 M 127.483,31.235 131.445,22.186 M 51.496,33.660 52.406,31.892 M 144.950,35.688 148.892,31.467 M 141.466,35.952 144.950,35.688 M 90.891,27.900 95.947,34.146 M 193.503,33.140 200.000,22.998 M 31.527,35.038 33.468,23.578 M 114.252,36.894 116.251,25.096 M 148.892,31.467 159.685,33.255 M 155.423,18.406 159.685,33.255 M 144.950,35.688 147.071,38.854 M 147.071,38.854 151.225,39.595 M 189.972,26.894 192.433,33.189 M 192.433,33.189 192.665,33.253 M 192.665,33.253 193.503,33.140 M 151.225,39.595 159.855,33.404 M 159.685,33.255 159.855,33.404 M 159.855,33.404 159.881,33.417 M 159.881,33.417 170.575,24.258 M 134.639,33.951 141.641,24.060 M 134.639,33.951 141.466,35.952 M 100.567,34.060 104.245,26.780 M 100.567,34.060 114.252,36.894 M 100.506,34.118 100.567,34.060 M 100.506,34.118 101.748,36.357 M 95.947,34.146 97.291,34.885 M 97.291,34.885 100.506,34.118 M 133.551,34.204 134.074,22.638 M 133.551,34.204 134.639,33.951 M 70.284,30.288 81.446,36.919 M 81.446,36.919 83.099,27.441 M 81.446,36.919 81.465,36.996 M 81.465,36.996 95.947,34.146 M 66.082,32.975 66.774,40.930 M 26.406,36.080 26.870,25.078 M 26.406,36.080 31.527,35.038 M 180.009,30.760 186.381,37.369 M 186.381,37.369 192.433,33.189 M 31.527,35.038 39.183,36.812 M 39.183,36.812 41.963,24.087 M 127.483,31.235 130.768,35.359 M 130.768,35.359 133.551,34.204 M 62.652,41.913 66.082,32.975 M 62.652,41.913 66.774,40.930 M 39.183,36.812 40.570,38.329 M 40.570,38.329 51.496,33.660 M 21.811,23.759 22.115,37.310 M 22.115,37.310 23.752,37.573 M 23.752,37.573 26.406,36.080 M 101.748,36.357 104.005,44.211 M 104.005,44.211 108.431,44.506 M 80.897,40.140 81.465,36.996 M 80.897,40.140 85.492,42.567 M 108.431,44.506 112.131,43.201 M 101.748,36.357 112.131,43.201 M 66.774,40.930 72.416,42.322 M 69.428,30.059 72.416,42.322 M 114.252,36.894 115.985,41.305 M 14.663,37.686 15.531,22.141 M 14.663,37.686 22.115,37.310 M 60.165,42.702 61.288,29.440 M 60.165,42.702 62.652,41.913 M 23.752,37.573 25.720,42.538 M 85.492,42.567 93.811,43.082 M 93.811,43.082 97.291,34.885 M 23.821,47.249 25.720,42.538 M 112.131,43.201 114.628,43.096 M 114.628,43.096 115.985,41.305 M 114.627,43.669 114.628,43.096 M 159.881,33.417 163.614,40.677 M 183.057,41.995 186.381,37.369 M 174.470,41.902 180.009,30.760 M 174.470,41.902 183.057,41.995 M 20.729,49.354 23.821,47.249 M 107.219,49.224 108.431,44.506 M 115.985,41.305 128.732,40.797 M 128.732,40.797 130.768,35.359 M 159.185,44.886 163.614,40.677 M 5.699,38.942 8.965,24.867 M 173.015,41.980 174.363,27.294 M 173.015,41.980 174.470,41.902 M 151.225,39.595 153.318,46.845 M 153.318,46.845 159.185,44.886 M 107.219,49.224 110.901,50.088 M 110.901,50.088 114.627,43.669 M 171.571,42.749 173.015,41.980 M 5.699,38.942 9.781,40.098 M 9.781,40.098 14.663,37.686 M 40.570,38.329 41.608,44.656 M 163.614,40.677 170.531,43.177 M 170.531,43.177 171.571,42.749 M 170.527,43.268 170.531,43.177 M 72.416,42.322 75.553,44.928 M 75.553,44.928 80.897,40.140 M 128.732,40.797 129.835,44.421 M 9.781,40.098 10.900,44.420 M 25.720,42.538 32.183,48.930 M 51.496,33.660 56.707,46.627 M 56.707,46.627 60.165,42.702 M 171.571,42.749 180.211,53.184 M 10.900,44.420 14.087,49.677 M 14.087,49.677 20.729,49.354 M 180.211,53.184 187.026,49.348 M 183.057,41.995 187.026,49.348 M 75.005,48.405 75.553,44.928 M 32.183,48.930 37.523,49.476 M 37.523,49.476 41.608,44.656 M 159.185,44.886 160.401,54.035 M 129.835,44.421 142.342,50.102 M 141.466,35.952 142.342,50.102 M 70.145,51.356 75.005,48.405 M 37.523,49.476 37.893,52.090 M 14.087,49.677 15.032,53.226 M 170.527,43.268 175.418,55.594 M 20.729,49.354 25.217,54.932 M 23.821,47.249 25.217,54.932 M 25.217,54.932 25.297,55.140 M 41.608,44.656 55.885,49.439 M 55.885,49.439 56.707,46.627 M 25.297,55.140 25.539,55.207 M 25.539,55.207 32.183,48.930 M 110.901,50.088 111.490,55.565 M 12.100,57.048 15.032,53.226 M 175.418,55.594 177.381,56.275 M 177.381,56.275 180.211,53.184 M 103.801,55.450 111.490,55.565 M 55.885,49.439 56.120,50.040 M 56.120,50.040 70.145,51.356 M 15.032,53.226 19.559,56.373 M 19.559,56.373 25.297,55.140 M 160.401,54.035 162.560,56.250 M 187.026,49.348 190.927,52.360 M 99.105,52.626 107.219,49.224 M 99.105,52.626 103.801,55.450 M 98.983,52.589 104.005,44.211 M 98.983,52.589 99.105,52.626 M 146.758,51.587 147.071,38.854 M 146.758,51.587 153.318,46.845 M 36.975,56.188 37.893,52.090 M 190.927,52.360 195.053,52.598 M 195.053,52.598 199.190,51.606 M 192.665,33.253 199.190,51.606 M 93.811,43.082 96.594,52.837 M 96.594,52.837 98.983,52.589 M 162.560,56.250 165.388,56.702 M 165.388,56.702 170.527,43.268 M 96.238,53.175 96.594,52.837 M 103.801,55.450 105.082,60.548 M 142.342,50.102 145.505,52.686 M 145.505,52.686 145.936,52.663 M 145.936,52.663 146.758,51.587 M 85.492,42.567 87.989,55.428 M 145.936,52.663 147.490,54.175 M 147.490,54.175 160.401,54.035 M 12.100,57.048 16.771,61.571 M 75.005,48.405 82.760,56.214 M 82.760,56.214 87.989,55.428 M 87.989,55.428 91.149,55.758 M 91.149,55.758 96.238,53.175 M 140.741,57.642 145.505,52.686 M 140.548,58.535 140.741,57.642 M 111.490,55.565 115.590,58.204 M 16.771,61.571 18.911,61.753 M 18.911,61.753 19.559,56.373 M 0.000,26.106 6.307,23.299 M 0.000,38.322 5.699,38.942 M 105.082,60.548 106.977,62.984 M 106.977,62.984 115.590,58.204 M 165.388,56.702 167.711,59.702 M 167.711,59.702 175.418,55.594 M 124.741,57.135 129.835,44.421 M 124.741,57.135 140.741,57.642 M 96.238,53.175 100.190,64.213 M 100.190,64.213 105.082,60.548 M 177.381,56.275 180.477,61.915 M 36.975,56.188 44.011,62.980 M 167.711,59.702 167.944,61.833 M 167.944,61.833 180.477,61.915 M 69.391,62.224 70.145,51.356 M 106.763,65.213 106.977,62.984 M 193.451,65.250 195.053,52.598 M 25.539,55.207 29.949,62.290 M 29.949,62.290 31.157,62.687 M 31.157,62.687 36.975,56.188 M 167.653,63.648 167.944,61.833 M 122.888,59.015 124.741,57.135 M 114.627,43.669 121.551,59.319 M 121.551,59.319 122.888,59.015 M 140.548,58.535 141.239,66.333 M 44.011,62.980 46.885,63.655 M 115.590,58.204 120.951,59.672 M 120.951,59.672 121.551,59.319 M 6.365,62.815 12.100,57.048 M 6.365,62.815 16.771,61.571 M 46.885,63.655 53.243,60.790 M 37.893,52.090 53.243,60.790 M 147.490,54.175 153.394,63.846 M 153.394,63.846 162.560,56.250 M 53.243,60.790 54.103,60.623 M 54.103,60.623 56.120,50.040 M 180.477,61.915 182.866,64.306 M 182.866,64.306 190.927,52.360 M 187.372,66.730 193.451,65.250 M 18.911,61.753 20.736,66.530 M 20.736,66.530 29.949,62.290 M 31.157,62.687 33.345,66.279 M 33.345,66.279 44.011,62.980 M 122.888,59.015 130.976,67.028 M 130.976,67.028 140.548,58.535 M 182.866,64.306 182.950,65.039 M 182.950,65.039 187.372,66.730 M 167.653,63.648 176.232,68.670 M 20.333,67.401 20.736,66.530 M 182.025,66.280 182.950,65.039 M 54.103,60.623 56.684,63.750 M 56.684,63.750 69.391,62.224 M 131.972,68.393 141.239,66.333 M 176.232,68.670 179.938,67.742 M 179.938,67.742 182.025,66.280 M 130.976,67.028 131.553,68.194 M 131.553,68.194 131.972,68.393 M 77.830,66.088 82.760,56.214 M 69.391,62.224 75.295,66.483 M 75.295,66.483 77.830,66.088 M 163.634,68.524 167.653,63.648 M 20.333,67.401 21.563,70.565 M 106.763,65.213 115.953,69.090 M 9.378,69.170 20.333,67.401 M 115.953,69.090 116.977,69.053 M 116.977,69.053 120.951,59.672 M 20.988,73.692 21.563,70.565 M 20.988,73.692 24.567,76.275 M 100.154,70.745 100.190,64.213 M 100.154,70.745 106.763,65.213 M 56.684,63.750 57.612,70.016 M 163.634,68.524 172.000,74.378 M 172.000,74.378 176.232,68.670 M 1.791,65.951 6.365,62.815 M 1.791,65.951 9.378,69.170 M 9.206,78.381 13.020,75.360 M 9.378,69.170 13.020,75.360 M 172.000,74.378 172.050,74.837 M 179.244,76.478 179.938,67.742 M 172.050,74.837 175.211,76.705 M 175.211,76.705 179.244,76.478 M 0.000,65.152 10.900,44.420 M 0.000,65.968 1.791,65.951 M 158.094,70.902 163.634,68.524 M 42.105,73.923 46.885,63.655 M 187.372,66.730 192.153,75.488 M 158.094,70.902 169.894,77.995 M 169.894,77.995 172.050,74.837 M 141.239,66.333 146.760,72.927 M 131.972,68.393 138.343,76.179 M 138.343,76.179 146.760,72.927 M 21.563,70.565 34.325,73.703 M 33.345,66.279 34.325,73.703 M 187.507,77.902 192.153,75.488 M 51.174,76.713 57.612,70.016 M 182.025,66.280 185.656,77.939 M 185.656,77.939 187.507,77.902 M 34.325,73.703 34.587,74.226 M 34.587,74.226 42.105,73.923 M 146.760,72.927 148.885,73.265 M 42.105,73.923 46.561,77.330 M 46.561,77.330 51.174,76.713 M 101.295,74.987 115.953,69.090 M 153.394,63.846 154.547,71.988 M 154.547,71.988 158.094,70.902 M 24.567,76.275 33.898,75.894 M 33.898,75.894 34.587,74.226 M 148.885,73.265 154.387,72.243 M 154.387,72.243 154.547,71.988 M 179.244,76.478 182.631,79.712 M 182.631,79.712 185.656,77.939 M 13.020,75.360 16.848,79.430 M 16.848,79.430 20.988,73.692 M 16.848,79.430 16.872,79.729 M 16.872,79.729 23.834,82.270 M 23.834,82.270 24.567,76.275 M 98.038,75.102 100.154,70.745 M 98.038,75.102 101.295,74.987 M 57.612,70.016 67.253,78.392 M 67.253,78.392 75.295,66.483 M 67.253,78.392 67.306,78.656 M 32.901,81.105 33.898,75.894 M 134.773,81.885 138.343,76.179 M 175.211,76.705 175.942,84.465 M 9.206,78.381 10.232,84.508 M 9.347,84.746 10.232,84.508 M 7.000,84.782 9.347,84.746 M 51.174,76.713 55.672,84.833 M 55.672,84.833 67.306,78.656 M 10.232,84.508 13.901,84.210 M 13.901,84.210 16.872,79.729 M 123.524,80.443 131.553,68.194 M 123.524,80.443 134.773,81.885 M 167.897,83.742 169.894,77.995 M 167.897,83.742 175.942,84.465 M 0.000,73.947 9.206,78.381 M 134.773,81.885 136.074,84.087 M 77.830,66.088 91.354,77.851 M 136.074,84.087 143.904,87.042 M 143.904,87.042 148.885,73.265 M 116.977,69.053 120.691,81.226 M 120.691,81.226 123.524,80.443 M 101.295,74.987 120.563,81.413 M 120.563,81.413 120.691,81.226 M 91.354,77.851 92.911,78.119 M 91.149,55.758 92.911,78.119 M 32.901,81.105 44.350,86.855 M 44.350,86.855 46.561,77.330 M 92.911,78.119 93.256,78.309 M 93.256,78.309 98.038,75.102 M 0.000,79.652 7.000,84.782 M 175.942,84.465 180.057,86.350 M 180.057,86.350 182.631,79.712 M 180.057,86.350 180.131,86.526 M 29.022,85.876 32.901,81.105 M 23.834,82.270 28.984,85.903 M 28.984,85.903 29.022,85.876 M 29.022,85.876 39.091,91.024 M 178.297,89.398 180.131,86.526 M 187.507,77.902 191.222,88.202 M 180.131,86.526 184.385,88.761 M 184.385,88.761 191.222,88.202 M 54.377,88.592 55.672,84.833 M 93.256,78.309 94.299,81.489 M 119.456,84.653 120.563,81.413 M 67.306,78.656 72.111,85.170 M 72.111,85.170 91.354,77.851 M 13.901,84.210 17.281,90.556 M 17.281,90.556 17.380,90.601 M 143.904,87.042 146.043,90.027 M 69.926,88.189 71.928,86.673 M 71.928,86.673 72.111,85.170 M 39.091,91.024 45.348,89.601 M 44.350,86.855 45.348,89.601 M 116.168,87.756 119.456,84.653 M 94.299,81.489 97.091,85.548 M 119.456,84.653 127.340,92.786 M 45.348,89.601 47.010,91.157 M 47.010,91.157 54.377,88.592 M 154.387,72.243 160.399,88.027 M 160.399,88.027 167.897,83.742 M 9.347,84.746 10.288,95.345 M 10.288,95.345 17.281,90.556 M 54.377,88.592 61.197,93.783 M 61.197,93.783 69.926,88.189 M 17.380,90.601 26.311,92.241 M 26.311,92.241 28.984,85.903 M 184.385,88.761 184.484,96.978 M 127.340,92.786 133.201,94.635 M 133.201,94.635 136.074,84.087 M 175.203,96.008 178.297,89.398 M 175.203,96.008 184.484,96.978 M 159.928,90.090 160.399,88.027 M 159.928,90.090 178.297,89.398 M 60.941,96.772 61.197,93.783 M 97.091,85.548 105.042,92.004 M 105.042,92.004 116.168,87.756 M 46.653,97.931 47.010,91.157 M 46.653,97.931 60.941,96.772 M 192.153,75.488 200.000,76.601 M 193.451,65.250 200.000,68.817 M 146.043,90.027 158.895,93.688 M 158.895,93.688 159.928,90.090 M 133.201,94.635 136.159,99.099 M 136.159,99.099 146.043,90.027 M 71.928,86.673 79.129,99.492 M 79.129,99.492 94.299,81.489 M 116.168,87.756 119.906,100.000 M 123.226,100.000 127.340,92.786 M 26.311,92.241 28.515,100.000 M 31.634,100.000 39.091,91.024 M 158.895,93.688 160.431,100.000 M 170.656,100.000 175.203,96.008 M 60.941,96.772 61.511,100.000 M 67.537,100.000 69.926,88.189 M 79.129,99.492 79.190,100.000 M 89.737,100.000 97.091,85.548 M 0.549,100.000 7.000,84.782 M 6.403,100.000 10.288,95.345 M 46.101,100.000 46.653,97.931 M 136.159,99.099 136.218,100.000 M 191.222,88.202 200.000,90.528 M 104.981,100.000 105.042,92.004 M 51.012,0.000 51.160,2.038 M 0.000,16.043 7.186,18.493 M 0.000,54.423 0.000,54.423 M 16.546,100.000 17.380,90.601 M 184.484,96.978 186.549,100.000 M 199.190,51.606 200.000,51.702 M 193.503,33.140 200.000,33.355 M 191.913,8.756 200.000,1.707 M 184.293,1.757 184.547,0.000 M 175.946,7.551 176.695,0.000 " style="stroke:#000000;stroke-width:1.0"/></svg:pattern></defs>
  <sodipodi:namedview pagecolor="#ffffff" bordercolor="#666666" borderopacity="1" objecttolerance="10" gridtolerance="10" guidetolerance="10" inkscape:pageopacity="0" inkscape:pageshadow="2" inkscape:window-width="1920" inkscape:window-height="1017" id="base" showgrid="true" inkscape:snap-text-baseline="true" inkscape:zoom="0.6675088" inkscape:cx="202.7349" inkscape:cy="481.16986" inkscape:window-x="0" inkscape:window-y="0" inkscape:window-maximized="1" inkscape:current-layer="webslicer-layer">
    <inkscape:grid type="xygrid" id="grid27" spacingx="10" spacingy="10" empspacing="10" color="#8080ff" opacity="0.25098039" empcolor="#0000ff" empopacity="0.25098039"/>
  </sodipodi:namedview>
  <g inkscape:groupmode="layer" id="webslicer-layer" inkscape:label="Slide3" style="display:inline">
    <rect height="201.49811" width="248.69112" y="353.92661" x="651.3089" id="slicerect1" style="opacity:0.5;fill:#ff0000;stroke-width:1.11927199">
      <desc id="desc51">format: png
dpi: 96
layout-disposition: bg-el-norepeat
layout-position-anchor: tl</desc>
    </rect>
  </g>
  <g inkscape:groupmode="layer" id="layer2" inkscape:label="Slide2" style="display:inline">
    <circle style="display:inline;fill:#000080;stroke:none" id="c1" cx="150" cy="450" r="50" inkscape:label="#path3736"/>
    <ellipse style="display:inline;fill:none;stroke:#ff0000;stroke-width:16" id="c2" cx="400" cy="450" rx="100" ry="50" inkscape:label="#path3738"/>
    <path style="display:inline;fill:#ffff00;stroke:#008000;stroke-width:16" id="c3" sodipodi:type="arc" sodipodi:cx="700" sodipodi:cy="450" sodipodi:rx="100" sodipodi:ry="50" sodipodi:start="0.59013865" sodipodi:end="5.6484511" d="m 783.08635,477.82381 a 100,50 0 0 1 -111.09848,20.17442 100,50 0 0 1 -71.96301,-46.88343 100,50 0 0 1 67.71127,-48.44091 100,50 0 0 1 112.7868,17.67793 L 700,450 Z" inkscape:label="#path3740"/>
    <path style="display:inline;fill:none;stroke:#000000;stroke-width:10;marker-start:url(#Arrow2Lstart)" d="M 100,600 200,700 300,600 400,700" id="p1" inkscape:connector-curvature="0" inkscape:label="#path3746"/>
    <path style="display:inline;fill:none;stroke:#000000;stroke-width:10" d="m 500,600 c 0,0 0,100 100,100 100,0 0,-100 100,-100 100,0 100,100 100,100" id="p2" inkscape:connector-curvature="0" inkscape:label="#path3748"/>
    <path sodipodi:type="star" style="display:inline;fill:#ffff00;stroke:#008000;stroke-width:10" id="s1" sodipodi:sides="5" sodipodi:cx="189.03001" sodipodi:cy="847.93945" sodipodi:r1="69.364868" sodipodi:r2="34.682434" sodipodi:arg1="0.63598373" sodipodi:arg2="1.2643023" inkscape:flatsided="false" inkscape:rounded="0" inkscape:randomized="0" d="m 244.8332,889.14005 -45.33887,-8.13446 -32.40428,32.73753 -6.27415,-45.63352 -41.14872,-20.70184 41.46124,-20.06861 6.97297,-45.53197 31.89861,33.23044 45.45824,-7.43847 -21.74681,40.60615 z" inkscape:transform-center-x="6.4673011" inkscape:transform-center-y="-0.16430137"/>
    <use style="display:inline" x="0" y="0" xlink:href="#s1" inkscape:transform-center-x="6.4673011" inkscape:transform-center-y="-0.16430137" id="u1" transform="translate(200,2.9962152)" width="100%" height="100%" inkscape:label="#use3808"/>
  </g>
  <g inkscape:label="Slide1" inkscape:groupmode="layer" id="layer1" style="display:inline">
    <text xml:space="preserve" style="font-size:14.66666698px;line-height:1.25;font-family:sans-serif;fill:#000000;stroke:none" x="100" y="100" id="t1" inkscape:label="#text12"><tspan sodipodi:role="line" id="tspan10" x="100" y="100">Hello World</tspan></text>
    <flowRoot xml:space="preserve" id="t4" style="font-size:40px;line-height:1.25;font-family:sans-serif;fill:#000000;stroke:none" transform="matrix(0.26458333,0,0,0.26458333,372.02961,28.904505)" inkscape:label="#flowRoot14"><flowRegion id="flowRegion16"><rect id="rect18" width="264.5675" height="262.16187" x="105.71429" y="219.66254"/></flowRegion><flowPara id="flowPara20" style="font-size:55.43307114px">flow text which wraps</flowPara></flowRoot>    <text xml:space="preserve" style="font-size:14.66666698px;line-height:1.25;font-family:sans-serif;fill:#000000;stroke:none" x="200" y="100" id="t2" inkscape:label="#text3727"><tspan sodipodi:role="line" id="tspan3725" x="200" y="100" style="font-size:14.66666698px">UPPER</tspan></text>
    <text xml:space="preserve" style="font-size:10.58333302px;line-height:1.25;font-family:sans-serif;fill:#000000;stroke:none" x="300" y="100" id="t3" inkscape:label="#text3735"><tspan sodipodi:role="line" id="tspan3733" x="300" y="100" style="font-size:14.66666698px">Multi line</tspan><tspan sodipodi:role="line" x="300" y="118.33334" id="tspan3737" style="font-size:14.66666698px">text</tspan><tspan sodipodi:role="line" x="300" y="136.66667" id="tspan3739" style="font-size:14.66666698px">FOO</tspan></text>
    <g id="t5" transform="translate(445.71038,-129.64807)" inkscape:label="#g3772">
      <text id="text3762" y="229.64807" x="54.289616" style="font-size:10.58333302px;line-height:1.25;font-family:sans-serif;fill:#000000;stroke:none" xml:space="preserve"><tspan y="229.64807" x="54.289616" id="tspan3760" sodipodi:role="line" style="font-size:14.66666698px">Grouped</tspan></text>
      <text id="text3766" y="259.64807" x="54.289619" style="font-size:14.66666698px;line-height:1.25;font-family:sans-serif;fill:#000000;stroke:none" xml:space="preserve"><tspan y="259.64807" x="54.289619" id="tspan3764" sodipodi:role="line" style="font-size:14.66666698px">text</tspan></text>
    </g>
    <rect style="fill:#000080;stroke:none" id="r1" width="100" height="100" x="100" y="200" inkscape:label="#rect3732"/>
    <rect style="fill:none;stroke:#ff0000;stroke-width:16" id="r2" width="200" height="100" x="300" y="200" inkscape:label="#rect3734"/>
    <rect style="fill:url(#Voronoi5815);stroke:#008000;stroke-width:16" id="r3" width="200" height="100" x="600" y="200" ry="38.950798" rx="44.943226" inkscape:label="#rect3744"/>
  </g>
  <script ns1:version="1.5.5" id="JessyInk">// dummy
</script>
</svg>