****************
Parsing 'foo'
foo
****************
Parsing 'foo,bar'
foo, bar
****************
Parsing 'foo , bar '
foo, bar
****************
Parsing 'foo > bar'
foo>bar
****************
Parsing '.foo .bar'
.foo.bar
